[2021-04-12T11:44:10.404-0700][gc,heap] Heap region size: 1M
[2021-04-12T11:44:10.412-0700][gc     ] Using G1
[2021-04-12T11:44:10.412-0700][gc,heap,coops] Heap address: 0x00000000c0000000, size: 1024 MB, Compressed Oops mode: 32-bit
[2021-04-12T11:44:10.412-0700][gc,cds       ] Mark closed archive regions in map: [0x00000000fff00000, 0x00000000fff6aff8]
[2021-04-12T11:44:10.412-0700][gc,cds       ] Mark open archive regions in map: [0x00000000ffe00000, 0x00000000ffe46ff8]
[2021-04-12T11:44:11.266-0700][gc,start     ] GC(0) Pause Young (Normal) (G1 Evacuation Pause)
[2021-04-12T11:44:11.267-0700][gc,task      ] GC(0) Using 8 workers of 8 for evacuation
[2021-04-12T11:44:11.274-0700][gc,phases    ] GC(0)   Pre Evacuate Collection Set: 0.0ms
[2021-04-12T11:44:11.274-0700][gc,phases    ] GC(0)   Evacuate Collection Set: 6.6ms
[2021-04-12T11:44:11.274-0700][gc,phases    ] GC(0)   Post Evacuate Collection Set: 0.4ms
[2021-04-12T11:44:11.274-0700][gc,phases    ] GC(0)   Other: 0.7ms
[2021-04-12T11:44:11.274-0700][gc,heap      ] GC(0) Eden regions: 51->0(44)
[2021-04-12T11:44:11.274-0700][gc,heap      ] GC(0) Survivor regions: 0->7(7)
[2021-04-12T11:44:11.274-0700][gc,heap      ] GC(0) Old regions: 2->2
[2021-04-12T11:44:11.274-0700][gc,heap      ] GC(0) Humongous regions: 0->0
[2021-04-12T11:44:11.274-0700][gc,metaspace ] GC(0) Metaspace: 15358K->15358K(1062912K)
[2021-04-12T11:44:11.274-0700][gc           ] GC(0) Pause Young (Normal) (G1 Evacuation Pause) 51M->7M(1024M) 7.772ms
[2021-04-12T11:44:11.274-0700][gc,cpu       ] GC(0) User=0.05s Sys=0.00s Real=0.01s
[2021-04-12T11:44:11.518-0700][gc,start     ] GC(1) Pause Young (Concurrent Start) (Metadata GC Threshold)
[2021-04-12T11:44:11.518-0700][gc,task      ] GC(1) Using 8 workers of 8 for evacuation
[2021-04-12T11:44:11.525-0700][gc,phases    ] GC(1)   Pre Evacuate Collection Set: 0.0ms
[2021-04-12T11:44:11.525-0700][gc,phases    ] GC(1)   Evacuate Collection Set: 6.0ms
[2021-04-12T11:44:11.525-0700][gc,phases    ] GC(1)   Post Evacuate Collection Set: 0.4ms
[2021-04-12T11:44:11.525-0700][gc,phases    ] GC(1)   Other: 0.2ms
[2021-04-12T11:44:11.525-0700][gc,heap      ] GC(1) Eden regions: 22->0(49)
[2021-04-12T11:44:11.525-0700][gc,heap      ] GC(1) Survivor regions: 7->2(7)
[2021-04-12T11:44:11.525-0700][gc,heap      ] GC(1) Old regions: 2->9
[2021-04-12T11:44:11.525-0700][gc,heap      ] GC(1) Humongous regions: 0->0
[2021-04-12T11:44:11.525-0700][gc,metaspace ] GC(1) Metaspace: 20548K->20548K(1067008K)
[2021-04-12T11:44:11.525-0700][gc           ] GC(1) Pause Young (Concurrent Start) (Metadata GC Threshold) 28M->8M(1024M) 6.736ms
[2021-04-12T11:44:11.525-0700][gc,cpu       ] GC(1) User=0.04s Sys=0.00s Real=0.00s
[2021-04-12T11:44:11.525-0700][gc           ] GC(2) Concurrent Cycle
[2021-04-12T11:44:11.525-0700][gc,marking   ] GC(2) Concurrent Clear Claimed Marks
[2021-04-12T11:44:11.525-0700][gc,marking   ] GC(2) Concurrent Clear Claimed Marks 0.036ms
[2021-04-12T11:44:11.525-0700][gc,marking   ] GC(2) Concurrent Scan Root Regions
[2021-04-12T11:44:11.526-0700][gc,marking   ] GC(2) Concurrent Scan Root Regions 1.164ms
[2021-04-12T11:44:11.526-0700][gc,marking   ] GC(2) Concurrent Mark (1.126s)
[2021-04-12T11:44:11.526-0700][gc,marking   ] GC(2) Concurrent Mark From Roots
[2021-04-12T11:44:11.526-0700][gc,task      ] GC(2) Using 2 workers of 2 for marking
[2021-04-12T11:44:11.531-0700][gc,marking   ] GC(2) Concurrent Mark From Roots 5.148ms
[2021-04-12T11:44:11.531-0700][gc,marking   ] GC(2) Concurrent Preclean
[2021-04-12T11:44:11.532-0700][gc,marking   ] GC(2) Concurrent Preclean 0.097ms
[2021-04-12T11:44:11.532-0700][gc,marking   ] GC(2) Concurrent Mark (1.126s, 1.132s) 5.289ms
[2021-04-12T11:44:11.532-0700][gc,start     ] GC(2) Pause Remark
[2021-04-12T11:44:11.534-0700][gc,stringtable] GC(2) Cleaned string and symbol table, strings: 5107 processed, 0 removed, symbols: 50346 processed, 42 removed
[2021-04-12T11:44:11.534-0700][gc            ] GC(2) Pause Remark 8M->8M(1024M) 2.621ms
[2021-04-12T11:44:11.534-0700][gc,cpu        ] GC(2) User=0.02s Sys=0.00s Real=0.00s
[2021-04-12T11:44:11.534-0700][gc,marking    ] GC(2) Concurrent Rebuild Remembered Sets
[2021-04-12T11:44:11.537-0700][gc,marking    ] GC(2) Concurrent Rebuild Remembered Sets 3.009ms
[2021-04-12T11:44:11.538-0700][gc,start      ] GC(2) Pause Cleanup
[2021-04-12T11:44:11.538-0700][gc            ] GC(2) Pause Cleanup 8M->8M(1024M) 0.234ms
[2021-04-12T11:44:11.538-0700][gc,cpu        ] GC(2) User=0.00s Sys=0.00s Real=0.01s
[2021-04-12T11:44:11.538-0700][gc,marking    ] GC(2) Concurrent Cleanup for Next Mark
[2021-04-12T11:44:11.541-0700][gc,marking    ] GC(2) Concurrent Cleanup for Next Mark 3.593ms
[2021-04-12T11:44:11.541-0700][gc            ] GC(2) Concurrent Cycle 16.432ms
[2021-04-12T11:44:12.047-0700][gc,start      ] GC(3) Pause Young (Normal) (G1 Evacuation Pause)
[2021-04-12T11:44:12.047-0700][gc,task       ] GC(3) Using 8 workers of 8 for evacuation
[2021-04-12T11:44:12.051-0700][gc,phases     ] GC(3)   Pre Evacuate Collection Set: 0.0ms
[2021-04-12T11:44:12.051-0700][gc,phases     ] GC(3)   Evacuate Collection Set: 4.0ms
[2021-04-12T11:44:12.051-0700][gc,phases     ] GC(3)   Post Evacuate Collection Set: 0.4ms
[2021-04-12T11:44:12.051-0700][gc,phases     ] GC(3)   Other: 0.1ms
[2021-04-12T11:44:12.051-0700][gc,heap       ] GC(3) Eden regions: 49->0(46)
[2021-04-12T11:44:12.051-0700][gc,heap       ] GC(3) Survivor regions: 2->5(7)
[2021-04-12T11:44:12.051-0700][gc,heap       ] GC(3) Old regions: 9->9
[2021-04-12T11:44:12.051-0700][gc,heap       ] GC(3) Humongous regions: 129->129
[2021-04-12T11:44:12.051-0700][gc,metaspace  ] GC(3) Metaspace: 29831K->29831K(1077248K)
[2021-04-12T11:44:12.051-0700][gc            ] GC(3) Pause Young (Normal) (G1 Evacuation Pause) 186M->140M(1024M) 4.606ms
[2021-04-12T11:44:12.051-0700][gc,cpu        ] GC(3) User=0.03s Sys=0.00s Real=0.01s
[2021-04-12T11:44:41.556-0700][gc,start      ] GC(4) Pause Young (Concurrent Start) (Metadata GC Threshold)
[2021-04-12T11:44:41.556-0700][gc,task       ] GC(4) Using 8 workers of 8 for evacuation
[2021-04-12T11:44:41.566-0700][gc,phases     ] GC(4)   Pre Evacuate Collection Set: 0.1ms
[2021-04-12T11:44:41.566-0700][gc,phases     ] GC(4)   Evacuate Collection Set: 8.8ms
[2021-04-12T11:44:41.566-0700][gc,phases     ] GC(4)   Post Evacuate Collection Set: 0.6ms
[2021-04-12T11:44:41.566-0700][gc,phases     ] GC(4)   Other: 0.3ms
[2021-04-12T11:44:41.566-0700][gc,heap       ] GC(4) Eden regions: 23->0(49)
[2021-04-12T11:44:41.566-0700][gc,heap       ] GC(4) Survivor regions: 5->2(7)
[2021-04-12T11:44:41.566-0700][gc,heap       ] GC(4) Old regions: 9->13
[2021-04-12T11:44:41.566-0700][gc,heap       ] GC(4) Humongous regions: 129->129
[2021-04-12T11:44:41.566-0700][gc,metaspace  ] GC(4) Metaspace: 34636K->34636K(1081344K)
[2021-04-12T11:44:41.566-0700][gc            ] GC(4) Pause Young (Concurrent Start) (Metadata GC Threshold) 163M->141M(1024M) 9.949ms
[2021-04-12T11:44:41.566-0700][gc,cpu        ] GC(4) User=0.05s Sys=0.01s Real=0.01s
[2021-04-12T11:44:41.566-0700][gc            ] GC(5) Concurrent Cycle
[2021-04-12T11:44:41.566-0700][gc,marking    ] GC(5) Concurrent Clear Claimed Marks
[2021-04-12T11:44:41.567-0700][gc,marking    ] GC(5) Concurrent Clear Claimed Marks 0.108ms
[2021-04-12T11:44:41.567-0700][gc,marking    ] GC(5) Concurrent Scan Root Regions
[2021-04-12T11:44:41.568-0700][gc,marking    ] GC(5) Concurrent Scan Root Regions 1.431ms
[2021-04-12T11:44:41.568-0700][gc,marking    ] GC(5) Concurrent Mark (31.168s)
[2021-04-12T11:44:41.568-0700][gc,marking    ] GC(5) Concurrent Mark From Roots
[2021-04-12T11:44:41.568-0700][gc,task       ] GC(5) Using 2 workers of 2 for marking
[2021-04-12T11:44:41.586-0700][gc,marking    ] GC(5) Concurrent Mark From Roots 18.282ms
[2021-04-12T11:44:41.586-0700][gc,marking    ] GC(5) Concurrent Preclean
[2021-04-12T11:44:41.587-0700][gc,marking    ] GC(5) Concurrent Preclean 0.108ms
[2021-04-12T11:44:41.587-0700][gc,marking    ] GC(5) Concurrent Mark (31.168s, 31.187s) 18.445ms
[2021-04-12T11:44:41.587-0700][gc,start      ] GC(5) Pause Remark
[2021-04-12T11:44:41.590-0700][gc,stringtable] GC(5) Cleaned string and symbol table, strings: 9545 processed, 11 removed, symbols: 80427 processed, 8 removed
[2021-04-12T11:44:41.590-0700][gc            ] GC(5) Pause Remark 142M->142M(1024M) 3.497ms
[2021-04-12T11:44:41.590-0700][gc,cpu        ] GC(5) User=0.03s Sys=0.00s Real=0.01s
[2021-04-12T11:44:41.590-0700][gc,marking    ] GC(5) Concurrent Rebuild Remembered Sets
[2021-04-12T11:44:41.599-0700][gc,marking    ] GC(5) Concurrent Rebuild Remembered Sets 8.855ms
[2021-04-12T11:44:41.599-0700][gc,start      ] GC(5) Pause Cleanup
[2021-04-12T11:44:41.599-0700][gc            ] GC(5) Pause Cleanup 143M->143M(1024M) 0.185ms
[2021-04-12T11:44:41.599-0700][gc,cpu        ] GC(5) User=0.00s Sys=0.00s Real=0.00s
[2021-04-12T11:44:41.600-0700][gc,marking    ] GC(5) Concurrent Cleanup for Next Mark
[2021-04-12T11:44:41.603-0700][gc,marking    ] GC(5) Concurrent Cleanup for Next Mark 3.616ms
[2021-04-12T11:44:41.603-0700][gc            ] GC(5) Concurrent Cycle 36.763ms
[2021-04-12T11:48:37.527-0700][gc,start      ] GC(6) Pause Young (Normal) (G1 Evacuation Pause)
[2021-04-12T11:48:37.527-0700][gc,task       ] GC(6) Using 8 workers of 8 for evacuation
[2021-04-12T11:48:37.548-0700][gc,mmu        ] GC(6) MMU target violated: 21.0ms (20.0ms/21.0ms)
[2021-04-12T11:48:37.548-0700][gc,phases     ] GC(6)   Pre Evacuate Collection Set: 0.1ms
[2021-04-12T11:48:37.549-0700][gc,phases     ] GC(6)   Evacuate Collection Set: 19.3ms
[2021-04-12T11:48:37.549-0700][gc,phases     ] GC(6)   Post Evacuate Collection Set: 1.6ms
[2021-04-12T11:48:37.549-0700][gc,phases     ] GC(6)   Other: 0.6ms
[2021-04-12T11:48:37.549-0700][gc,heap       ] GC(6) Eden regions: 49->0(46)
[2021-04-12T11:48:37.549-0700][gc,heap       ] GC(6) Survivor regions: 2->5(7)
[2021-04-12T11:48:37.549-0700][gc,heap       ] GC(6) Old regions: 13->13
[2021-04-12T11:48:37.549-0700][gc,heap       ] GC(6) Humongous regions: 129->129
[2021-04-12T11:48:37.549-0700][gc,metaspace  ] GC(6) Metaspace: 39291K->39291K(1085440K)
[2021-04-12T11:48:37.549-0700][gc            ] GC(6) Pause Young (Normal) (G1 Evacuation Pause) 190M->144M(1024M) 21.668ms
[2021-04-12T11:48:37.549-0700][gc,cpu        ] GC(6) User=0.11s Sys=0.00s Real=0.02s
[2021-04-12T11:50:57.779-0700][gc,start      ] GC(7) Pause Young (Normal) (G1 Evacuation Pause)
[2021-04-12T11:50:57.779-0700][gc,task       ] GC(7) Using 8 workers of 8 for evacuation
[2021-04-12T11:50:57.782-0700][gc,phases     ] GC(7)   Pre Evacuate Collection Set: 0.0ms
[2021-04-12T11:50:57.782-0700][gc,phases     ] GC(7)   Evacuate Collection Set: 2.9ms
[2021-04-12T11:50:57.782-0700][gc,phases     ] GC(7)   Post Evacuate Collection Set: 0.4ms
[2021-04-12T11:50:57.782-0700][gc,phases     ] GC(7)   Other: 0.1ms
[2021-04-12T11:50:57.782-0700][gc,heap       ] GC(7) Eden regions: 46->0(48)
[2021-04-12T11:50:57.782-0700][gc,heap       ] GC(7) Survivor regions: 5->3(7)
[2021-04-12T11:50:57.782-0700][gc,heap       ] GC(7) Old regions: 13->14
[2021-04-12T11:50:57.782-0700][gc,heap       ] GC(7) Humongous regions: 129->129
[2021-04-12T11:50:57.782-0700][gc,metaspace  ] GC(7) Metaspace: 39381K->39381K(1085440K)
[2021-04-12T11:50:57.782-0700][gc            ] GC(7) Pause Young (Normal) (G1 Evacuation Pause) 190M->144M(1024M) 3.529ms
[2021-04-12T11:50:57.782-0700][gc,cpu        ] GC(7) User=0.01s Sys=0.01s Real=0.00s
[2021-04-12T11:53:48.730-0700][gc,start      ] GC(8) Pause Young (Normal) (G1 Evacuation Pause)
[2021-04-12T11:53:48.731-0700][gc,task       ] GC(8) Using 8 workers of 8 for evacuation
[2021-04-12T11:53:48.740-0700][gc,phases     ] GC(8)   Pre Evacuate Collection Set: 0.0ms
[2021-04-12T11:53:48.740-0700][gc,phases     ] GC(8)   Evacuate Collection Set: 8.1ms
[2021-04-12T11:53:48.740-0700][gc,phases     ] GC(8)   Post Evacuate Collection Set: 1.2ms
[2021-04-12T11:53:48.740-0700][gc,phases     ] GC(8)   Other: 0.4ms
[2021-04-12T11:53:48.740-0700][gc,heap       ] GC(8) Eden regions: 48->0(47)
[2021-04-12T11:53:48.740-0700][gc,heap       ] GC(8) Survivor regions: 3->4(7)
[2021-04-12T11:53:48.740-0700][gc,heap       ] GC(8) Old regions: 14->14
[2021-04-12T11:53:48.740-0700][gc,heap       ] GC(8) Humongous regions: 129->129
[2021-04-12T11:53:48.740-0700][gc,metaspace  ] GC(8) Metaspace: 39461K->39461K(1085440K)
[2021-04-12T11:53:48.741-0700][gc            ] GC(8) Pause Young (Normal) (G1 Evacuation Pause) 192M->144M(1024M) 10.015ms
[2021-04-12T11:53:48.741-0700][gc,cpu        ] GC(8) User=0.06s Sys=0.00s Real=0.01s
[2021-04-12T11:56:30.816-0700][gc,start      ] GC(9) Pause Young (Normal) (G1 Evacuation Pause)
[2021-04-12T11:56:30.816-0700][gc,task       ] GC(9) Using 8 workers of 8 for evacuation
[2021-04-12T11:56:30.823-0700][gc,phases     ] GC(9)   Pre Evacuate Collection Set: 0.1ms
[2021-04-12T11:56:30.823-0700][gc,phases     ] GC(9)   Evacuate Collection Set: 6.7ms
[2021-04-12T11:56:30.823-0700][gc,phases     ] GC(9)   Post Evacuate Collection Set: 0.5ms
[2021-04-12T11:56:30.823-0700][gc,phases     ] GC(9)   Other: 0.4ms
[2021-04-12T11:56:30.823-0700][gc,heap       ] GC(9) Eden regions: 47->0(47)
[2021-04-12T11:56:30.823-0700][gc,heap       ] GC(9) Survivor regions: 4->4(7)
[2021-04-12T11:56:30.823-0700][gc,heap       ] GC(9) Old regions: 14->14
[2021-04-12T11:56:30.823-0700][gc,heap       ] GC(9) Humongous regions: 129->129
[2021-04-12T11:56:30.823-0700][gc,metaspace  ] GC(9) Metaspace: 39548K->39548K(1085440K)
[2021-04-12T11:56:30.823-0700][gc            ] GC(9) Pause Young (Normal) (G1 Evacuation Pause) 191M->144M(1024M) 7.644ms
[2021-04-12T11:56:30.823-0700][gc,cpu        ] GC(9) User=0.05s Sys=0.00s Real=0.01s
[2021-04-12T11:59:14.468-0700][gc,start      ] GC(10) Pause Young (Normal) (G1 Evacuation Pause)
[2021-04-12T11:59:14.469-0700][gc,task       ] GC(10) Using 8 workers of 8 for evacuation
[2021-04-12T11:59:14.478-0700][gc,phases     ] GC(10)   Pre Evacuate Collection Set: 0.0ms
[2021-04-12T11:59:14.478-0700][gc,phases     ] GC(10)   Evacuate Collection Set: 8.1ms
[2021-04-12T11:59:14.478-0700][gc,phases     ] GC(10)   Post Evacuate Collection Set: 1.2ms
[2021-04-12T11:59:14.478-0700][gc,phases     ] GC(10)   Other: 0.4ms
[2021-04-12T11:59:14.478-0700][gc,heap       ] GC(10) Eden regions: 47->0(47)
[2021-04-12T11:59:14.478-0700][gc,heap       ] GC(10) Survivor regions: 4->4(7)
[2021-04-12T11:59:14.478-0700][gc,heap       ] GC(10) Old regions: 14->14
[2021-04-12T11:59:14.478-0700][gc,heap       ] GC(10) Humongous regions: 129->129
[2021-04-12T11:59:14.478-0700][gc,metaspace  ] GC(10) Metaspace: 39605K->39605K(1085440K)
[2021-04-12T11:59:14.478-0700][gc            ] GC(10) Pause Young (Normal) (G1 Evacuation Pause) 191M->145M(1024M) 9.949ms
[2021-04-12T11:59:14.478-0700][gc,cpu        ] GC(10) User=0.07s Sys=0.00s Real=0.02s
[2021-04-12T12:03:11.687-0700][gc,start      ] GC(11) Pause Young (Normal) (G1 Evacuation Pause)
[2021-04-12T12:03:11.687-0700][gc,task       ] GC(11) Using 8 workers of 8 for evacuation
[2021-04-12T12:03:11.698-0700][gc,phases     ] GC(11)   Pre Evacuate Collection Set: 0.0ms
[2021-04-12T12:03:11.698-0700][gc,phases     ] GC(11)   Evacuate Collection Set: 9.3ms
[2021-04-12T12:03:11.698-0700][gc,phases     ] GC(11)   Post Evacuate Collection Set: 1.2ms
[2021-04-12T12:03:11.698-0700][gc,phases     ] GC(11)   Other: 0.4ms
[2021-04-12T12:03:11.698-0700][gc,heap       ] GC(11) Eden regions: 47->0(53)
[2021-04-12T12:03:11.698-0700][gc,heap       ] GC(11) Survivor regions: 4->4(7)
[2021-04-12T12:03:11.698-0700][gc,heap       ] GC(11) Old regions: 14->14
[2021-04-12T12:03:11.698-0700][gc,heap       ] GC(11) Humongous regions: 129->129
[2021-04-12T12:03:11.698-0700][gc,metaspace  ] GC(11) Metaspace: 39673K->39673K(1085440K)
[2021-04-12T12:03:11.698-0700][gc            ] GC(11) Pause Young (Normal) (G1 Evacuation Pause) 192M->145M(1024M) 11.226ms
[2021-04-12T12:03:11.699-0700][gc,cpu        ] GC(11) User=0.08s Sys=0.00s Real=0.02s
[2021-04-12T12:06:36.430-0700][gc,start      ] GC(12) Pause Young (Normal) (G1 Evacuation Pause)
[2021-04-12T12:06:36.430-0700][gc,task       ] GC(12) Using 8 workers of 8 for evacuation
[2021-04-12T12:06:36.455-0700][gc,mmu        ] GC(12) MMU target violated: 21.0ms (20.0ms/21.0ms)
[2021-04-12T12:06:36.455-0700][gc,phases     ] GC(12)   Pre Evacuate Collection Set: 0.1ms
[2021-04-12T12:06:36.455-0700][gc,phases     ] GC(12)   Evacuate Collection Set: 18.5ms
[2021-04-12T12:06:36.455-0700][gc,phases     ] GC(12)   Post Evacuate Collection Set: 5.4ms
[2021-04-12T12:06:36.455-0700][gc,phases     ] GC(12)   Other: 0.9ms
[2021-04-12T12:06:36.455-0700][gc,heap       ] GC(12) Eden regions: 53->0(47)
[2021-04-12T12:06:36.455-0700][gc,heap       ] GC(12) Survivor regions: 4->4(8)
[2021-04-12T12:06:36.455-0700][gc,heap       ] GC(12) Old regions: 14->14
[2021-04-12T12:06:36.455-0700][gc,heap       ] GC(12) Humongous regions: 129->129
[2021-04-12T12:06:36.455-0700][gc,metaspace  ] GC(12) Metaspace: 39758K->39758K(1085440K)
[2021-04-12T12:06:36.455-0700][gc            ] GC(12) Pause Young (Normal) (G1 Evacuation Pause) 198M->144M(1024M) 25.358ms
[2021-04-12T12:06:36.455-0700][gc,cpu        ] GC(12) User=0.13s Sys=0.00s Real=0.02s
[2021-04-12T12:09:16.791-0700][gc,heap,exit  ] Heap
[2021-04-12T12:09:16.791-0700][gc,heap,exit  ]  garbage-first heap   total 1048576K, used 191210K [0x00000000c0000000, 0x0000000100000000)
[2021-04-12T12:09:16.791-0700][gc,heap,exit  ]   region size 1024K, 48 young (49152K), 4 survivors (4096K)
[2021-04-12T12:09:16.791-0700][gc,heap,exit  ]  Metaspace       used 40519K, capacity 42503K, committed 42752K, reserved 1085440K
[2021-04-12T12:09:16.791-0700][gc,heap,exit  ]   class space    used 4898K, capacity 5806K, committed 5888K, reserved 1048576K
