[2021-04-11T19:11:43.566-0700][gc,heap] Heap region size: 1M
[2021-04-11T19:11:43.572-0700][gc     ] Using G1
[2021-04-11T19:11:43.572-0700][gc,heap,coops] Heap address: 0x00000000c0000000, size: 1024 MB, Compressed Oops mode: 32-bit
[2021-04-11T19:11:43.573-0700][gc,cds       ] Mark closed archive regions in map: [0x00000000fff00000, 0x00000000fff6aff8]
[2021-04-11T19:11:43.573-0700][gc,cds       ] Mark open archive regions in map: [0x00000000ffe00000, 0x00000000ffe46ff8]
[2021-04-11T19:11:44.232-0700][gc,start     ] GC(0) Pause Young (Normal) (G1 Evacuation Pause)
[2021-04-11T19:11:44.232-0700][gc,task      ] GC(0) Using 8 workers of 8 for evacuation
[2021-04-11T19:11:44.240-0700][gc,phases    ] GC(0)   Pre Evacuate Collection Set: 0.0ms
[2021-04-11T19:11:44.240-0700][gc,phases    ] GC(0)   Evacuate Collection Set: 7.2ms
[2021-04-11T19:11:44.240-0700][gc,phases    ] GC(0)   Post Evacuate Collection Set: 0.4ms
[2021-04-11T19:11:44.240-0700][gc,phases    ] GC(0)   Other: 0.4ms
[2021-04-11T19:11:44.240-0700][gc,heap      ] GC(0) Eden regions: 51->0(44)
[2021-04-11T19:11:44.240-0700][gc,heap      ] GC(0) Survivor regions: 0->7(7)
[2021-04-11T19:11:44.240-0700][gc,heap      ] GC(0) Old regions: 2->2
[2021-04-11T19:11:44.240-0700][gc,heap      ] GC(0) Humongous regions: 0->0
[2021-04-11T19:11:44.240-0700][gc,metaspace ] GC(0) Metaspace: 15365K->15365K(1062912K)
[2021-04-11T19:11:44.240-0700][gc           ] GC(0) Pause Young (Normal) (G1 Evacuation Pause) 51M->7M(1024M) 8.105ms
[2021-04-11T19:11:44.240-0700][gc,cpu       ] GC(0) User=0.05s Sys=0.01s Real=0.01s
[2021-04-11T19:11:44.475-0700][gc,start     ] GC(1) Pause Young (Concurrent Start) (Metadata GC Threshold)
[2021-04-11T19:11:44.475-0700][gc,task      ] GC(1) Using 8 workers of 8 for evacuation
[2021-04-11T19:11:44.483-0700][gc,phases    ] GC(1)   Pre Evacuate Collection Set: 0.1ms
[2021-04-11T19:11:44.483-0700][gc,phases    ] GC(1)   Evacuate Collection Set: 6.9ms
[2021-04-11T19:11:44.483-0700][gc,phases    ] GC(1)   Post Evacuate Collection Set: 0.5ms
[2021-04-11T19:11:44.483-0700][gc,phases    ] GC(1)   Other: 0.3ms
[2021-04-11T19:11:44.483-0700][gc,heap      ] GC(1) Eden regions: 23->0(50)
[2021-04-11T19:11:44.483-0700][gc,heap      ] GC(1) Survivor regions: 7->1(7)
[2021-04-11T19:11:44.483-0700][gc,heap      ] GC(1) Old regions: 2->9
[2021-04-11T19:11:44.483-0700][gc,heap      ] GC(1) Humongous regions: 0->0
[2021-04-11T19:11:44.483-0700][gc,metaspace ] GC(1) Metaspace: 20555K->20555K(1067008K)
[2021-04-11T19:11:44.483-0700][gc           ] GC(1) Pause Young (Concurrent Start) (Metadata GC Threshold) 29M->7M(1024M) 7.843ms
[2021-04-11T19:11:44.483-0700][gc,cpu       ] GC(1) User=0.04s Sys=0.00s Real=0.01s
[2021-04-11T19:11:44.483-0700][gc           ] GC(2) Concurrent Cycle
[2021-04-11T19:11:44.483-0700][gc,marking   ] GC(2) Concurrent Clear Claimed Marks
[2021-04-11T19:11:44.483-0700][gc,marking   ] GC(2) Concurrent Clear Claimed Marks 0.037ms
[2021-04-11T19:11:44.483-0700][gc,marking   ] GC(2) Concurrent Scan Root Regions
[2021-04-11T19:11:44.484-0700][gc,marking   ] GC(2) Concurrent Scan Root Regions 0.780ms
[2021-04-11T19:11:44.484-0700][gc,marking   ] GC(2) Concurrent Mark (0.921s)
[2021-04-11T19:11:44.484-0700][gc,marking   ] GC(2) Concurrent Mark From Roots
[2021-04-11T19:11:44.484-0700][gc,task      ] GC(2) Using 2 workers of 2 for marking
[2021-04-11T19:11:44.490-0700][gc,marking   ] GC(2) Concurrent Mark From Roots 5.828ms
[2021-04-11T19:11:44.490-0700][gc,marking   ] GC(2) Concurrent Preclean
[2021-04-11T19:11:44.490-0700][gc,marking   ] GC(2) Concurrent Preclean 0.143ms
[2021-04-11T19:11:44.490-0700][gc,marking   ] GC(2) Concurrent Mark (0.921s, 0.927s) 6.048ms
[2021-04-11T19:11:44.490-0700][gc,start     ] GC(2) Pause Remark
[2021-04-11T19:11:44.493-0700][gc,stringtable] GC(2) Cleaned string and symbol table, strings: 5052 processed, 0 removed, symbols: 49786 processed, 42 removed
[2021-04-11T19:11:44.493-0700][gc            ] GC(2) Pause Remark 8M->8M(1024M) 3.133ms
[2021-04-11T19:11:44.493-0700][gc,cpu        ] GC(2) User=0.02s Sys=0.00s Real=0.00s
[2021-04-11T19:11:44.493-0700][gc,marking    ] GC(2) Concurrent Rebuild Remembered Sets
[2021-04-11T19:11:44.497-0700][gc,marking    ] GC(2) Concurrent Rebuild Remembered Sets 3.758ms
[2021-04-11T19:11:44.497-0700][gc,start      ] GC(2) Pause Cleanup
[2021-04-11T19:11:44.498-0700][gc            ] GC(2) Pause Cleanup 8M->8M(1024M) 0.309ms
[2021-04-11T19:11:44.498-0700][gc,cpu        ] GC(2) User=0.00s Sys=0.00s Real=0.00s
[2021-04-11T19:11:44.498-0700][gc,marking    ] GC(2) Concurrent Cleanup for Next Mark
[2021-04-11T19:11:44.502-0700][gc,marking    ] GC(2) Concurrent Cleanup for Next Mark 4.174ms
[2021-04-11T19:11:44.502-0700][gc            ] GC(2) Concurrent Cycle 18.834ms
[2021-04-11T19:11:45.335-0700][gc,start      ] GC(3) Pause Young (Normal) (G1 Evacuation Pause)
[2021-04-11T19:11:45.336-0700][gc,task       ] GC(3) Using 8 workers of 8 for evacuation
[2021-04-11T19:11:45.340-0700][gc,phases     ] GC(3)   Pre Evacuate Collection Set: 0.0ms
[2021-04-11T19:11:45.340-0700][gc,phases     ] GC(3)   Evacuate Collection Set: 3.7ms
[2021-04-11T19:11:45.340-0700][gc,phases     ] GC(3)   Post Evacuate Collection Set: 0.8ms
[2021-04-11T19:11:45.340-0700][gc,phases     ] GC(3)   Other: 0.1ms
[2021-04-11T19:11:45.340-0700][gc,heap       ] GC(3) Eden regions: 50->0(47)
[2021-04-11T19:11:45.340-0700][gc,heap       ] GC(3) Survivor regions: 1->4(7)
[2021-04-11T19:11:45.340-0700][gc,heap       ] GC(3) Old regions: 9->9
[2021-04-11T19:11:45.340-0700][gc,heap       ] GC(3) Humongous regions: 129->129
[2021-04-11T19:11:45.340-0700][gc,metaspace  ] GC(3) Metaspace: 29143K->29143K(1075200K)
[2021-04-11T19:11:45.340-0700][gc            ] GC(3) Pause Young (Normal) (G1 Evacuation Pause) 186M->139M(1024M) 4.756ms
[2021-04-11T19:11:45.340-0700][gc,cpu        ] GC(3) User=0.03s Sys=0.00s Real=0.00s
[2021-04-11T19:11:45.914-0700][gc,start      ] GC(4) Pause Young (Concurrent Start) (Metadata GC Threshold)
[2021-04-11T19:11:45.914-0700][gc,task       ] GC(4) Using 8 workers of 8 for evacuation
[2021-04-11T19:11:45.920-0700][gc,phases     ] GC(4)   Pre Evacuate Collection Set: 0.1ms
[2021-04-11T19:11:45.920-0700][gc,phases     ] GC(4)   Evacuate Collection Set: 5.1ms
[2021-04-11T19:11:45.920-0700][gc,phases     ] GC(4)   Post Evacuate Collection Set: 0.5ms
[2021-04-11T19:11:45.920-0700][gc,phases     ] GC(4)   Other: 0.2ms
[2021-04-11T19:11:45.920-0700][gc,heap       ] GC(4) Eden regions: 27->0(45)
[2021-04-11T19:11:45.920-0700][gc,heap       ] GC(4) Survivor regions: 4->6(7)
[2021-04-11T19:11:45.920-0700][gc,heap       ] GC(4) Old regions: 9->9
[2021-04-11T19:11:45.920-0700][gc,heap       ] GC(4) Humongous regions: 129->129
[2021-04-11T19:11:45.920-0700][gc,metaspace  ] GC(4) Metaspace: 34514K->34514K(1081344K)
[2021-04-11T19:11:45.920-0700][gc            ] GC(4) Pause Young (Concurrent Start) (Metadata GC Threshold) 165M->142M(1024M) 6.071ms
[2021-04-11T19:11:45.920-0700][gc,cpu        ] GC(4) User=0.03s Sys=0.00s Real=0.00s
[2021-04-11T19:11:45.920-0700][gc            ] GC(5) Concurrent Cycle
[2021-04-11T19:11:45.920-0700][gc,marking    ] GC(5) Concurrent Clear Claimed Marks
[2021-04-11T19:11:45.921-0700][gc,marking    ] GC(5) Concurrent Clear Claimed Marks 0.065ms
[2021-04-11T19:11:45.921-0700][gc,marking    ] GC(5) Concurrent Scan Root Regions
[2021-04-11T19:11:45.923-0700][gc,marking    ] GC(5) Concurrent Scan Root Regions 2.807ms
[2021-04-11T19:11:45.923-0700][gc,marking    ] GC(5) Concurrent Mark (2.360s)
[2021-04-11T19:11:45.923-0700][gc,marking    ] GC(5) Concurrent Mark From Roots
[2021-04-11T19:11:45.923-0700][gc,task       ] GC(5) Using 2 workers of 2 for marking
[2021-04-11T19:11:45.935-0700][gc,marking    ] GC(5) Concurrent Mark From Roots 11.227ms
[2021-04-11T19:11:45.935-0700][gc,marking    ] GC(5) Concurrent Preclean
[2021-04-11T19:11:45.935-0700][gc,marking    ] GC(5) Concurrent Preclean 0.107ms
[2021-04-11T19:11:45.935-0700][gc,marking    ] GC(5) Concurrent Mark (2.360s, 2.372s) 11.404ms
[2021-04-11T19:11:45.935-0700][gc,start      ] GC(5) Pause Remark
[2021-04-11T19:11:45.939-0700][gc,stringtable] GC(5) Cleaned string and symbol table, strings: 9710 processed, 10 removed, symbols: 81112 processed, 10 removed
[2021-04-11T19:11:45.939-0700][gc            ] GC(5) Pause Remark 143M->143M(1024M) 4.323ms
[2021-04-11T19:11:45.939-0700][gc,cpu        ] GC(5) User=0.02s Sys=0.00s Real=0.00s
[2021-04-11T19:11:45.940-0700][gc,marking    ] GC(5) Concurrent Rebuild Remembered Sets
[2021-04-11T19:11:45.945-0700][gc,marking    ] GC(5) Concurrent Rebuild Remembered Sets 5.139ms
[2021-04-11T19:11:45.945-0700][gc,start      ] GC(5) Pause Cleanup
[2021-04-11T19:11:45.945-0700][gc            ] GC(5) Pause Cleanup 144M->144M(1024M) 0.230ms
[2021-04-11T19:11:45.945-0700][gc,cpu        ] GC(5) User=0.00s Sys=0.00s Real=0.00s
[2021-04-11T19:11:45.945-0700][gc,marking    ] GC(5) Concurrent Cleanup for Next Mark
[2021-04-11T19:11:45.952-0700][gc,marking    ] GC(5) Concurrent Cleanup for Next Mark 6.560ms
[2021-04-11T19:11:45.952-0700][gc            ] GC(5) Concurrent Cycle 31.381ms
[2021-04-11T19:26:54.859-0700][gc,start      ] GC(6) Pause Young (Normal) (G1 Evacuation Pause)
[2021-04-11T19:26:54.859-0700][gc,task       ] GC(6) Using 8 workers of 8 for evacuation
[2021-04-11T19:26:54.864-0700][gc,phases     ] GC(6)   Pre Evacuate Collection Set: 0.0ms
[2021-04-11T19:26:54.864-0700][gc,phases     ] GC(6)   Evacuate Collection Set: 4.1ms
[2021-04-11T19:26:54.864-0700][gc,phases     ] GC(6)   Post Evacuate Collection Set: 0.6ms
[2021-04-11T19:26:54.864-0700][gc,phases     ] GC(6)   Other: 0.2ms
[2021-04-11T19:26:54.864-0700][gc,heap       ] GC(6) Eden regions: 45->0(47)
[2021-04-11T19:26:54.864-0700][gc,heap       ] GC(6) Survivor regions: 6->4(7)
[2021-04-11T19:26:54.864-0700][gc,heap       ] GC(6) Old regions: 9->13
[2021-04-11T19:26:54.864-0700][gc,heap       ] GC(6) Humongous regions: 141->129
[2021-04-11T19:26:54.864-0700][gc,metaspace  ] GC(6) Metaspace: 38399K->38399K(1083392K)
[2021-04-11T19:26:54.864-0700][gc            ] GC(6) Pause Young (Normal) (G1 Evacuation Pause) 199M->143M(1024M) 4.953ms
[2021-04-11T19:26:54.864-0700][gc,cpu        ] GC(6) User=0.03s Sys=0.00s Real=0.01s
[2021-04-11T19:27:22.607-0700][gc,start      ] GC(7) Pause Young (Normal) (G1 Evacuation Pause)
[2021-04-11T19:27:22.607-0700][gc,task       ] GC(7) Using 8 workers of 8 for evacuation
[2021-04-11T19:27:22.615-0700][gc,phases     ] GC(7)   Pre Evacuate Collection Set: 0.0ms
[2021-04-11T19:27:22.615-0700][gc,phases     ] GC(7)   Evacuate Collection Set: 6.1ms
[2021-04-11T19:27:22.615-0700][gc,phases     ] GC(7)   Post Evacuate Collection Set: 1.5ms
[2021-04-11T19:27:22.615-0700][gc,phases     ] GC(7)   Other: 0.2ms
[2021-04-11T19:27:22.615-0700][gc,heap       ] GC(7) Eden regions: 47->0(46)
[2021-04-11T19:27:22.615-0700][gc,heap       ] GC(7) Survivor regions: 4->5(7)
[2021-04-11T19:27:22.615-0700][gc,heap       ] GC(7) Old regions: 13->13
[2021-04-11T19:27:22.615-0700][gc,heap       ] GC(7) Humongous regions: 129->129
[2021-04-11T19:27:22.615-0700][gc,metaspace  ] GC(7) Metaspace: 39787K->39787K(1085440K)
[2021-04-11T19:27:22.615-0700][gc            ] GC(7) Pause Young (Normal) (G1 Evacuation Pause) 190M->144M(1024M) 7.949ms
[2021-04-11T19:27:22.615-0700][gc,cpu        ] GC(7) User=0.05s Sys=0.00s Real=0.01s
[2021-04-11T19:27:23.718-0700][gc,start      ] GC(8) Pause Young (Normal) (G1 Evacuation Pause)
[2021-04-11T19:27:23.718-0700][gc,task       ] GC(8) Using 8 workers of 8 for evacuation
[2021-04-11T19:27:23.723-0700][gc,phases     ] GC(8)   Pre Evacuate Collection Set: 0.0ms
[2021-04-11T19:27:23.723-0700][gc,phases     ] GC(8)   Evacuate Collection Set: 3.5ms
[2021-04-11T19:27:23.723-0700][gc,phases     ] GC(8)   Post Evacuate Collection Set: 0.9ms
[2021-04-11T19:27:23.723-0700][gc,phases     ] GC(8)   Other: 0.1ms
[2021-04-11T19:27:23.723-0700][gc,heap       ] GC(8) Eden regions: 46->0(48)
[2021-04-11T19:27:23.723-0700][gc,heap       ] GC(8) Survivor regions: 5->3(7)
[2021-04-11T19:27:23.723-0700][gc,heap       ] GC(8) Old regions: 13->15
[2021-04-11T19:27:23.723-0700][gc,heap       ] GC(8) Humongous regions: 129->129
[2021-04-11T19:27:23.723-0700][gc,metaspace  ] GC(8) Metaspace: 39787K->39787K(1085440K)
[2021-04-11T19:27:23.723-0700][gc            ] GC(8) Pause Young (Normal) (G1 Evacuation Pause) 190M->144M(1024M) 4.720ms
[2021-04-11T19:27:23.723-0700][gc,cpu        ] GC(8) User=0.03s Sys=0.01s Real=0.01s
[2021-04-11T19:27:24.925-0700][gc,start      ] GC(9) Pause Young (Normal) (G1 Evacuation Pause)
[2021-04-11T19:27:24.925-0700][gc,task       ] GC(9) Using 8 workers of 8 for evacuation
[2021-04-11T19:27:24.927-0700][gc,phases     ] GC(9)   Pre Evacuate Collection Set: 0.0ms
[2021-04-11T19:27:24.927-0700][gc,phases     ] GC(9)   Evacuate Collection Set: 1.6ms
[2021-04-11T19:27:24.927-0700][gc,phases     ] GC(9)   Post Evacuate Collection Set: 0.4ms
[2021-04-11T19:27:24.927-0700][gc,phases     ] GC(9)   Other: 0.1ms
[2021-04-11T19:27:24.927-0700][gc,heap       ] GC(9) Eden regions: 48->0(48)
[2021-04-11T19:27:24.927-0700][gc,heap       ] GC(9) Survivor regions: 3->3(7)
[2021-04-11T19:27:24.927-0700][gc,heap       ] GC(9) Old regions: 15->15
[2021-04-11T19:27:24.927-0700][gc,heap       ] GC(9) Humongous regions: 129->129
[2021-04-11T19:27:24.927-0700][gc,metaspace  ] GC(9) Metaspace: 39787K->39787K(1085440K)
[2021-04-11T19:27:24.927-0700][gc            ] GC(9) Pause Young (Normal) (G1 Evacuation Pause) 192M->144M(1024M) 2.268ms
[2021-04-11T19:27:24.927-0700][gc,cpu        ] GC(9) User=0.01s Sys=0.00s Real=0.00s
[2021-04-11T19:27:26.184-0700][gc,start      ] GC(10) Pause Young (Normal) (G1 Evacuation Pause)
[2021-04-11T19:27:26.184-0700][gc,task       ] GC(10) Using 8 workers of 8 for evacuation
[2021-04-11T19:27:26.197-0700][gc,phases     ] GC(10)   Pre Evacuate Collection Set: 0.0ms
[2021-04-11T19:27:26.197-0700][gc,phases     ] GC(10)   Evacuate Collection Set: 8.5ms
[2021-04-11T19:27:26.197-0700][gc,phases     ] GC(10)   Post Evacuate Collection Set: 3.2ms
[2021-04-11T19:27:26.197-0700][gc,phases     ] GC(10)   Other: 0.4ms
[2021-04-11T19:27:26.197-0700][gc,heap       ] GC(10) Eden regions: 48->0(50)
[2021-04-11T19:27:26.197-0700][gc,heap       ] GC(10) Survivor regions: 3->3(7)
[2021-04-11T19:27:26.197-0700][gc,heap       ] GC(10) Old regions: 15->15
[2021-04-11T19:27:26.197-0700][gc,heap       ] GC(10) Humongous regions: 129->129
[2021-04-11T19:27:26.197-0700][gc,metaspace  ] GC(10) Metaspace: 39796K->39796K(1085440K)
[2021-04-11T19:27:26.197-0700][gc            ] GC(10) Pause Young (Normal) (G1 Evacuation Pause) 192M->144M(1024M) 12.458ms
[2021-04-11T19:27:26.197-0700][gc,cpu        ] GC(10) User=0.06s Sys=0.00s Real=0.01s
[2021-04-11T19:27:28.641-0700][gc,start      ] GC(11) Pause Young (Normal) (G1 Evacuation Pause)
[2021-04-11T19:27:28.641-0700][gc,task       ] GC(11) Using 8 workers of 8 for evacuation
[2021-04-11T19:27:28.644-0700][gc,phases     ] GC(11)   Pre Evacuate Collection Set: 0.0ms
[2021-04-11T19:27:28.644-0700][gc,phases     ] GC(11)   Evacuate Collection Set: 2.5ms
[2021-04-11T19:27:28.644-0700][gc,phases     ] GC(11)   Post Evacuate Collection Set: 1.0ms
[2021-04-11T19:27:28.644-0700][gc,phases     ] GC(11)   Other: 0.2ms
[2021-04-11T19:27:28.644-0700][gc,heap       ] GC(11) Eden regions: 50->0(59)
[2021-04-11T19:27:28.644-0700][gc,heap       ] GC(11) Survivor regions: 3->3(7)
[2021-04-11T19:27:28.644-0700][gc,heap       ] GC(11) Old regions: 15->15
[2021-04-11T19:27:28.644-0700][gc,heap       ] GC(11) Humongous regions: 129->129
[2021-04-11T19:27:28.644-0700][gc,metaspace  ] GC(11) Metaspace: 39802K->39802K(1085440K)
[2021-04-11T19:27:28.644-0700][gc            ] GC(11) Pause Young (Normal) (G1 Evacuation Pause) 194M->144M(1024M) 3.791ms
[2021-04-11T19:27:28.644-0700][gc,cpu        ] GC(11) User=0.03s Sys=0.00s Real=0.01s
[2021-04-11T19:27:29.610-0700][gc,start      ] GC(12) Pause Young (Normal) (G1 Evacuation Pause)
[2021-04-11T19:27:29.610-0700][gc,task       ] GC(12) Using 8 workers of 8 for evacuation
[2021-04-11T19:27:29.613-0700][gc,phases     ] GC(12)   Pre Evacuate Collection Set: 0.0ms
[2021-04-11T19:27:29.613-0700][gc,phases     ] GC(12)   Evacuate Collection Set: 2.6ms
[2021-04-11T19:27:29.613-0700][gc,phases     ] GC(12)   Post Evacuate Collection Set: 0.4ms
[2021-04-11T19:27:29.613-0700][gc,phases     ] GC(12)   Other: 0.2ms
[2021-04-11T19:27:29.613-0700][gc,heap       ] GC(12) Eden regions: 59->0(68)
[2021-04-11T19:27:29.613-0700][gc,heap       ] GC(12) Survivor regions: 3->3(8)
[2021-04-11T19:27:29.613-0700][gc,heap       ] GC(12) Old regions: 15->15
[2021-04-11T19:27:29.613-0700][gc,heap       ] GC(12) Humongous regions: 129->129
[2021-04-11T19:27:29.613-0700][gc,metaspace  ] GC(12) Metaspace: 39802K->39802K(1085440K)
[2021-04-11T19:27:29.613-0700][gc            ] GC(12) Pause Young (Normal) (G1 Evacuation Pause) 203M->144M(1024M) 3.270ms
[2021-04-11T19:27:29.613-0700][gc,cpu        ] GC(12) User=0.01s Sys=0.00s Real=0.00s
[2021-04-11T19:27:30.703-0700][gc,start      ] GC(13) Pause Young (Normal) (G1 Evacuation Pause)
[2021-04-11T19:27:30.703-0700][gc,task       ] GC(13) Using 8 workers of 8 for evacuation
[2021-04-11T19:27:30.708-0700][gc,phases     ] GC(13)   Pre Evacuate Collection Set: 0.1ms
[2021-04-11T19:27:30.708-0700][gc,phases     ] GC(13)   Evacuate Collection Set: 3.8ms
[2021-04-11T19:27:30.708-0700][gc,phases     ] GC(13)   Post Evacuate Collection Set: 1.7ms
[2021-04-11T19:27:30.708-0700][gc,phases     ] GC(13)   Other: 0.3ms
[2021-04-11T19:27:30.708-0700][gc,heap       ] GC(13) Eden regions: 68->0(78)
[2021-04-11T19:27:30.708-0700][gc,heap       ] GC(13) Survivor regions: 3->3(9)
[2021-04-11T19:27:30.708-0700][gc,heap       ] GC(13) Old regions: 15->15
[2021-04-11T19:27:30.708-0700][gc,heap       ] GC(13) Humongous regions: 129->129
[2021-04-11T19:27:30.708-0700][gc,metaspace  ] GC(13) Metaspace: 39802K->39802K(1085440K)
[2021-04-11T19:27:30.708-0700][gc            ] GC(13) Pause Young (Normal) (G1 Evacuation Pause) 212M->144M(1024M) 5.906ms
[2021-04-11T19:27:30.708-0700][gc,cpu        ] GC(13) User=0.04s Sys=0.00s Real=0.00s
[2021-04-11T19:27:31.670-0700][gc,start      ] GC(14) Pause Young (Normal) (G1 Evacuation Pause)
[2021-04-11T19:27:31.670-0700][gc,task       ] GC(14) Using 8 workers of 8 for evacuation
[2021-04-11T19:27:31.677-0700][gc,phases     ] GC(14)   Pre Evacuate Collection Set: 0.0ms
[2021-04-11T19:27:31.677-0700][gc,phases     ] GC(14)   Evacuate Collection Set: 6.2ms
[2021-04-11T19:27:31.677-0700][gc,phases     ] GC(14)   Post Evacuate Collection Set: 0.8ms
[2021-04-11T19:27:31.677-0700][gc,phases     ] GC(14)   Other: 0.2ms
[2021-04-11T19:27:31.677-0700][gc,heap       ] GC(14) Eden regions: 78->0(89)
[2021-04-11T19:27:31.677-0700][gc,heap       ] GC(14) Survivor regions: 3->3(11)
[2021-04-11T19:27:31.677-0700][gc,heap       ] GC(14) Old regions: 15->15
[2021-04-11T19:27:31.677-0700][gc,heap       ] GC(14) Humongous regions: 129->129
[2021-04-11T19:27:31.677-0700][gc,metaspace  ] GC(14) Metaspace: 39806K->39806K(1085440K)
[2021-04-11T19:27:31.677-0700][gc            ] GC(14) Pause Young (Normal) (G1 Evacuation Pause) 222M->144M(1024M) 7.382ms
[2021-04-11T19:27:31.677-0700][gc,cpu        ] GC(14) User=0.04s Sys=0.00s Real=0.01s
[2021-04-11T19:27:32.735-0700][gc,start      ] GC(15) Pause Young (Normal) (G1 Evacuation Pause)
[2021-04-11T19:27:32.735-0700][gc,task       ] GC(15) Using 8 workers of 8 for evacuation
[2021-04-11T19:27:32.740-0700][gc,phases     ] GC(15)   Pre Evacuate Collection Set: 0.0ms
[2021-04-11T19:27:32.740-0700][gc,phases     ] GC(15)   Evacuate Collection Set: 3.6ms
[2021-04-11T19:27:32.740-0700][gc,phases     ] GC(15)   Post Evacuate Collection Set: 1.3ms
[2021-04-11T19:27:32.740-0700][gc,phases     ] GC(15)   Other: 0.2ms
[2021-04-11T19:27:32.740-0700][gc,heap       ] GC(15) Eden regions: 89->0(103)
[2021-04-11T19:27:32.740-0700][gc,heap       ] GC(15) Survivor regions: 3->3(12)
[2021-04-11T19:27:32.740-0700][gc,heap       ] GC(15) Old regions: 15->15
[2021-04-11T19:27:32.740-0700][gc,heap       ] GC(15) Humongous regions: 129->129
[2021-04-11T19:27:32.740-0700][gc,metaspace  ] GC(15) Metaspace: 39806K->39806K(1085440K)
[2021-04-11T19:27:32.740-0700][gc            ] GC(15) Pause Young (Normal) (G1 Evacuation Pause) 233M->144M(1024M) 5.157ms
[2021-04-11T19:27:32.740-0700][gc,cpu        ] GC(15) User=0.03s Sys=0.00s Real=0.00s
[2021-04-11T19:27:34.211-0700][gc,start      ] GC(16) Pause Young (Normal) (G1 Evacuation Pause)
[2021-04-11T19:27:34.211-0700][gc,task       ] GC(16) Using 8 workers of 8 for evacuation
[2021-04-11T19:27:34.215-0700][gc,phases     ] GC(16)   Pre Evacuate Collection Set: 0.0ms
[2021-04-11T19:27:34.215-0700][gc,phases     ] GC(16)   Evacuate Collection Set: 2.7ms
[2021-04-11T19:27:34.215-0700][gc,phases     ] GC(16)   Post Evacuate Collection Set: 0.5ms
[2021-04-11T19:27:34.215-0700][gc,phases     ] GC(16)   Other: 0.1ms
[2021-04-11T19:27:34.215-0700][gc,heap       ] GC(16) Eden regions: 103->0(121)
[2021-04-11T19:27:34.215-0700][gc,heap       ] GC(16) Survivor regions: 3->3(14)
[2021-04-11T19:27:34.215-0700][gc,heap       ] GC(16) Old regions: 15->15
[2021-04-11T19:27:34.215-0700][gc,heap       ] GC(16) Humongous regions: 129->129
[2021-04-11T19:27:34.215-0700][gc,metaspace  ] GC(16) Metaspace: 39806K->39806K(1085440K)
[2021-04-11T19:27:34.215-0700][gc            ] GC(16) Pause Young (Normal) (G1 Evacuation Pause) 247M->144M(1024M) 3.450ms
[2021-04-11T19:27:34.215-0700][gc,cpu        ] GC(16) User=0.02s Sys=0.00s Real=0.01s
[2021-04-11T19:27:37.374-0700][gc,start      ] GC(17) Pause Young (Normal) (G1 Evacuation Pause)
[2021-04-11T19:27:37.374-0700][gc,task       ] GC(17) Using 8 workers of 8 for evacuation
[2021-04-11T19:27:37.380-0700][gc,phases     ] GC(17)   Pre Evacuate Collection Set: 0.1ms
[2021-04-11T19:27:37.380-0700][gc,phases     ] GC(17)   Evacuate Collection Set: 3.8ms
[2021-04-11T19:27:37.380-0700][gc,phases     ] GC(17)   Post Evacuate Collection Set: 1.8ms
[2021-04-11T19:27:37.380-0700][gc,phases     ] GC(17)   Other: 0.3ms
[2021-04-11T19:27:37.380-0700][gc,heap       ] GC(17) Eden regions: 121->0(144)
[2021-04-11T19:27:37.380-0700][gc,heap       ] GC(17) Survivor regions: 3->3(16)
[2021-04-11T19:27:37.380-0700][gc,heap       ] GC(17) Old regions: 15->15
[2021-04-11T19:27:37.380-0700][gc,heap       ] GC(17) Humongous regions: 129->129
[2021-04-11T19:27:37.380-0700][gc,metaspace  ] GC(17) Metaspace: 39806K->39806K(1085440K)
[2021-04-11T19:27:37.380-0700][gc            ] GC(17) Pause Young (Normal) (G1 Evacuation Pause) 265M->144M(1024M) 6.104ms
[2021-04-11T19:27:37.380-0700][gc,cpu        ] GC(17) User=0.02s Sys=0.00s Real=0.00s
[2021-04-11T19:27:41.583-0700][gc,start      ] GC(18) Pause Young (Normal) (G1 Evacuation Pause)
[2021-04-11T19:27:41.583-0700][gc,task       ] GC(18) Using 8 workers of 8 for evacuation
[2021-04-11T19:27:41.589-0700][gc,phases     ] GC(18)   Pre Evacuate Collection Set: 0.0ms
[2021-04-11T19:27:41.589-0700][gc,phases     ] GC(18)   Evacuate Collection Set: 3.4ms
[2021-04-11T19:27:41.589-0700][gc,phases     ] GC(18)   Post Evacuate Collection Set: 2.4ms
[2021-04-11T19:27:41.589-0700][gc,phases     ] GC(18)   Other: 0.2ms
[2021-04-11T19:27:41.589-0700][gc,heap       ] GC(18) Eden regions: 144->0(171)
[2021-04-11T19:27:41.589-0700][gc,heap       ] GC(18) Survivor regions: 3->3(19)
[2021-04-11T19:27:41.589-0700][gc,heap       ] GC(18) Old regions: 15->15
[2021-04-11T19:27:41.589-0700][gc,heap       ] GC(18) Humongous regions: 129->129
[2021-04-11T19:27:41.589-0700][gc,metaspace  ] GC(18) Metaspace: 39822K->39822K(1085440K)
[2021-04-11T19:27:41.589-0700][gc            ] GC(18) Pause Young (Normal) (G1 Evacuation Pause) 288M->144M(1024M) 6.057ms
[2021-04-11T19:27:41.589-0700][gc,cpu        ] GC(18) User=0.03s Sys=0.00s Real=0.00s
[2021-04-11T19:27:46.055-0700][gc,start      ] GC(19) Pause Young (Normal) (G1 Evacuation Pause)
[2021-04-11T19:27:46.055-0700][gc,task       ] GC(19) Using 8 workers of 8 for evacuation
[2021-04-11T19:27:46.057-0700][gc,phases     ] GC(19)   Pre Evacuate Collection Set: 0.0ms
[2021-04-11T19:27:46.057-0700][gc,phases     ] GC(19)   Evacuate Collection Set: 2.0ms
[2021-04-11T19:27:46.057-0700][gc,phases     ] GC(19)   Post Evacuate Collection Set: 0.4ms
[2021-04-11T19:27:46.057-0700][gc,phases     ] GC(19)   Other: 0.1ms
[2021-04-11T19:27:46.057-0700][gc,heap       ] GC(19) Eden regions: 171->0(200)
[2021-04-11T19:27:46.057-0700][gc,heap       ] GC(19) Survivor regions: 3->3(22)
[2021-04-11T19:27:46.057-0700][gc,heap       ] GC(19) Old regions: 15->15
[2021-04-11T19:27:46.057-0700][gc,heap       ] GC(19) Humongous regions: 129->129
[2021-04-11T19:27:46.057-0700][gc,metaspace  ] GC(19) Metaspace: 39822K->39822K(1085440K)
[2021-04-11T19:27:46.057-0700][gc            ] GC(19) Pause Young (Normal) (G1 Evacuation Pause) 315M->144M(1024M) 2.602ms
[2021-04-11T19:27:46.057-0700][gc,cpu        ] GC(19) User=0.02s Sys=0.00s Real=0.00s
[2021-04-11T19:27:49.174-0700][gc,start      ] GC(20) Pause Young (Normal) (G1 Evacuation Pause)
[2021-04-11T19:27:49.174-0700][gc,task       ] GC(20) Using 8 workers of 8 for evacuation
[2021-04-11T19:27:49.178-0700][gc,phases     ] GC(20)   Pre Evacuate Collection Set: 0.0ms
[2021-04-11T19:27:49.178-0700][gc,phases     ] GC(20)   Evacuate Collection Set: 2.4ms
[2021-04-11T19:27:49.178-0700][gc,phases     ] GC(20)   Post Evacuate Collection Set: 1.3ms
[2021-04-11T19:27:49.178-0700][gc,phases     ] GC(20)   Other: 0.2ms
[2021-04-11T19:27:49.178-0700][gc,heap       ] GC(20) Eden regions: 200->0(231)
[2021-04-11T19:27:49.178-0700][gc,heap       ] GC(20) Survivor regions: 3->3(26)
[2021-04-11T19:27:49.178-0700][gc,heap       ] GC(20) Old regions: 15->15
[2021-04-11T19:27:49.178-0700][gc,heap       ] GC(20) Humongous regions: 129->129
[2021-04-11T19:27:49.178-0700][gc,metaspace  ] GC(20) Metaspace: 39822K->39822K(1085440K)
[2021-04-11T19:27:49.178-0700][gc            ] GC(20) Pause Young (Normal) (G1 Evacuation Pause) 344M->144M(1024M) 4.048ms
[2021-04-11T19:27:49.178-0700][gc,cpu        ] GC(20) User=0.02s Sys=0.01s Real=0.01s
[2021-04-11T19:27:54.894-0700][gc,start      ] GC(21) Pause Young (Normal) (G1 Evacuation Pause)
[2021-04-11T19:27:54.894-0700][gc,task       ] GC(21) Using 8 workers of 8 for evacuation
[2021-04-11T19:27:54.903-0700][gc,phases     ] GC(21)   Pre Evacuate Collection Set: 0.1ms
[2021-04-11T19:27:54.903-0700][gc,phases     ] GC(21)   Evacuate Collection Set: 6.0ms
[2021-04-11T19:27:54.903-0700][gc,phases     ] GC(21)   Post Evacuate Collection Set: 1.6ms
[2021-04-11T19:27:54.903-0700][gc,phases     ] GC(21)   Other: 0.6ms
[2021-04-11T19:27:54.903-0700][gc,heap       ] GC(21) Eden regions: 231->0(257)
[2021-04-11T19:27:54.903-0700][gc,heap       ] GC(21) Survivor regions: 3->2(30)
[2021-04-11T19:27:54.903-0700][gc,heap       ] GC(21) Old regions: 15->16
[2021-04-11T19:27:54.903-0700][gc,heap       ] GC(21) Humongous regions: 129->129
[2021-04-11T19:27:54.903-0700][gc,metaspace  ] GC(21) Metaspace: 39822K->39822K(1085440K)
[2021-04-11T19:27:54.903-0700][gc            ] GC(21) Pause Young (Normal) (G1 Evacuation Pause) 375M->144M(1024M) 8.411ms
[2021-04-11T19:27:54.903-0700][gc,cpu        ] GC(21) User=0.05s Sys=0.00s Real=0.01s
[2021-04-11T19:28:04.849-0700][gc,start      ] GC(22) Pause Young (Normal) (G1 Evacuation Pause)
[2021-04-11T19:28:04.849-0700][gc,task       ] GC(22) Using 8 workers of 8 for evacuation
[2021-04-11T19:28:04.851-0700][gc,phases     ] GC(22)   Pre Evacuate Collection Set: 0.0ms
[2021-04-11T19:28:04.851-0700][gc,phases     ] GC(22)   Evacuate Collection Set: 1.3ms
[2021-04-11T19:28:04.851-0700][gc,phases     ] GC(22)   Post Evacuate Collection Set: 0.3ms
[2021-04-11T19:28:04.851-0700][gc,phases     ] GC(22)   Other: 0.2ms
[2021-04-11T19:28:04.851-0700][gc,heap       ] GC(22) Eden regions: 257->0(298)
[2021-04-11T19:28:04.851-0700][gc,heap       ] GC(22) Survivor regions: 2->2(33)
[2021-04-11T19:28:04.851-0700][gc,heap       ] GC(22) Old regions: 16->16
[2021-04-11T19:28:04.851-0700][gc,heap       ] GC(22) Humongous regions: 129->129
[2021-04-11T19:28:04.851-0700][gc,metaspace  ] GC(22) Metaspace: 39823K->39823K(1085440K)
[2021-04-11T19:28:04.851-0700][gc            ] GC(22) Pause Young (Normal) (G1 Evacuation Pause) 401M->144M(1024M) 1.853ms
[2021-04-11T19:28:04.851-0700][gc,cpu        ] GC(22) User=0.01s Sys=0.01s Real=0.00s
[2021-04-11T19:28:10.273-0700][gc,start      ] GC(23) Pause Young (Normal) (G1 Evacuation Pause)
[2021-04-11T19:28:10.273-0700][gc,task       ] GC(23) Using 8 workers of 8 for evacuation
[2021-04-11T19:28:10.275-0700][gc,phases     ] GC(23)   Pre Evacuate Collection Set: 0.0ms
[2021-04-11T19:28:10.275-0700][gc,phases     ] GC(23)   Evacuate Collection Set: 1.2ms
[2021-04-11T19:28:10.275-0700][gc,phases     ] GC(23)   Post Evacuate Collection Set: 0.4ms
[2021-04-11T19:28:10.275-0700][gc,phases     ] GC(23)   Other: 0.2ms
[2021-04-11T19:28:10.275-0700][gc,heap       ] GC(23) Eden regions: 298->0(416)
[2021-04-11T19:28:10.275-0700][gc,heap       ] GC(23) Survivor regions: 2->2(38)
[2021-04-11T19:28:10.275-0700][gc,heap       ] GC(23) Old regions: 16->16
[2021-04-11T19:28:10.275-0700][gc,heap       ] GC(23) Humongous regions: 129->129
[2021-04-11T19:28:10.275-0700][gc,metaspace  ] GC(23) Metaspace: 40357K->40357K(1085440K)
[2021-04-11T19:28:10.275-0700][gc            ] GC(23) Pause Young (Normal) (G1 Evacuation Pause) 442M->144M(1024M) 1.934ms
[2021-04-11T19:28:10.275-0700][gc,cpu        ] GC(23) User=0.01s Sys=0.00s Real=0.01s
[2021-04-11T19:28:14.353-0700][gc,start      ] GC(24) Pause Young (Normal) (G1 Evacuation Pause)
[2021-04-11T19:28:14.353-0700][gc,task       ] GC(24) Using 8 workers of 8 for evacuation
[2021-04-11T19:28:14.356-0700][gc,phases     ] GC(24)   Pre Evacuate Collection Set: 0.0ms
[2021-04-11T19:28:14.356-0700][gc,phases     ] GC(24)   Evacuate Collection Set: 2.7ms
[2021-04-11T19:28:14.356-0700][gc,phases     ] GC(24)   Post Evacuate Collection Set: 0.5ms
[2021-04-11T19:28:14.356-0700][gc,phases     ] GC(24)   Other: 0.3ms
[2021-04-11T19:28:14.356-0700][gc,heap       ] GC(24) Eden regions: 416->0(445)
[2021-04-11T19:28:14.356-0700][gc,heap       ] GC(24) Survivor regions: 2->2(53)
[2021-04-11T19:28:14.356-0700][gc,heap       ] GC(24) Old regions: 16->16
[2021-04-11T19:28:14.356-0700][gc,heap       ] GC(24) Humongous regions: 129->129
[2021-04-11T19:28:14.356-0700][gc,metaspace  ] GC(24) Metaspace: 40363K->40363K(1085440K)
[2021-04-11T19:28:14.356-0700][gc            ] GC(24) Pause Young (Normal) (G1 Evacuation Pause) 560M->145M(1024M) 3.610ms
[2021-04-11T19:28:14.356-0700][gc,cpu        ] GC(24) User=0.02s Sys=0.00s Real=0.01s
[2021-04-11T19:28:20.697-0700][gc,start      ] GC(25) Pause Young (Normal) (G1 Evacuation Pause)
[2021-04-11T19:28:20.697-0700][gc,task       ] GC(25) Using 8 workers of 8 for evacuation
[2021-04-11T19:28:20.701-0700][gc,phases     ] GC(25)   Pre Evacuate Collection Set: 0.0ms
[2021-04-11T19:28:20.701-0700][gc,phases     ] GC(25)   Evacuate Collection Set: 3.6ms
[2021-04-11T19:28:20.701-0700][gc,phases     ] GC(25)   Post Evacuate Collection Set: 0.5ms
[2021-04-11T19:28:20.701-0700][gc,phases     ] GC(25)   Other: 0.3ms
[2021-04-11T19:28:20.701-0700][gc,heap       ] GC(25) Eden regions: 445->0(469)
[2021-04-11T19:28:20.701-0700][gc,heap       ] GC(25) Survivor regions: 2->3(56)
[2021-04-11T19:28:20.701-0700][gc,heap       ] GC(25) Old regions: 16->16
[2021-04-11T19:28:20.701-0700][gc,heap       ] GC(25) Humongous regions: 129->129
[2021-04-11T19:28:20.701-0700][gc,metaspace  ] GC(25) Metaspace: 40364K->40364K(1085440K)
[2021-04-11T19:28:20.701-0700][gc            ] GC(25) Pause Young (Normal) (G1 Evacuation Pause) 590M->145M(1024M) 4.475ms
[2021-04-11T19:28:20.701-0700][gc,cpu        ] GC(25) User=0.01s Sys=0.01s Real=0.00s
[2021-04-11T19:28:29.761-0700][gc,start      ] GC(26) Pause Young (Normal) (G1 Evacuation Pause)
[2021-04-11T19:28:29.761-0700][gc,task       ] GC(26) Using 8 workers of 8 for evacuation
[2021-04-11T19:28:29.770-0700][gc,phases     ] GC(26)   Pre Evacuate Collection Set: 0.0ms
[2021-04-11T19:28:29.770-0700][gc,phases     ] GC(26)   Evacuate Collection Set: 7.2ms
[2021-04-11T19:28:29.770-0700][gc,phases     ] GC(26)   Post Evacuate Collection Set: 0.9ms
[2021-04-11T19:28:29.770-0700][gc,phases     ] GC(26)   Other: 0.3ms
[2021-04-11T19:28:29.770-0700][gc,heap       ] GC(26) Eden regions: 469->0(599)
[2021-04-11T19:28:29.770-0700][gc,heap       ] GC(26) Survivor regions: 3->3(59)
[2021-04-11T19:28:29.770-0700][gc,heap       ] GC(26) Old regions: 16->16
[2021-04-11T19:28:29.770-0700][gc,heap       ] GC(26) Humongous regions: 129->129
[2021-04-11T19:28:29.770-0700][gc,metaspace  ] GC(26) Metaspace: 40365K->40365K(1085440K)
[2021-04-11T19:28:29.770-0700][gc            ] GC(26) Pause Young (Normal) (G1 Evacuation Pause) 614M->145M(1024M) 8.713ms
[2021-04-11T19:28:29.770-0700][gc,cpu        ] GC(26) User=0.04s Sys=0.00s Real=0.01s
[2021-04-11T19:28:42.990-0700][gc,start      ] GC(27) Pause Young (Normal) (G1 Evacuation Pause)
[2021-04-11T19:28:42.990-0700][gc,task       ] GC(27) Using 8 workers of 8 for evacuation
[2021-04-11T19:28:43.001-0700][gc,phases     ] GC(27)   Pre Evacuate Collection Set: 0.1ms
[2021-04-11T19:28:43.001-0700][gc,phases     ] GC(27)   Evacuate Collection Set: 7.8ms
[2021-04-11T19:28:43.001-0700][gc,phases     ] GC(27)   Post Evacuate Collection Set: 2.5ms
[2021-04-11T19:28:43.001-0700][gc,phases     ] GC(27)   Other: 0.7ms
[2021-04-11T19:28:43.001-0700][gc,heap       ] GC(27) Eden regions: 599->0(611)
[2021-04-11T19:28:43.001-0700][gc,heap       ] GC(27) Survivor regions: 3->3(76)
[2021-04-11T19:28:43.001-0700][gc,heap       ] GC(27) Old regions: 16->16
[2021-04-11T19:28:43.001-0700][gc,heap       ] GC(27) Humongous regions: 129->129
[2021-04-11T19:28:43.001-0700][gc,metaspace  ] GC(27) Metaspace: 40366K->40366K(1085440K)
[2021-04-11T19:28:43.001-0700][gc            ] GC(27) Pause Young (Normal) (G1 Evacuation Pause) 744M->146M(1024M) 11.328ms
[2021-04-11T19:28:43.001-0700][gc,cpu        ] GC(27) User=0.05s Sys=0.01s Real=0.01s
[2021-04-11T19:28:49.286-0700][gc,start      ] GC(28) Pause Young (Normal) (G1 Evacuation Pause)
[2021-04-11T19:28:49.286-0700][gc,task       ] GC(28) Using 8 workers of 8 for evacuation
[2021-04-11T19:28:49.290-0700][gc,phases     ] GC(28)   Pre Evacuate Collection Set: 0.0ms
[2021-04-11T19:28:49.290-0700][gc,phases     ] GC(28)   Evacuate Collection Set: 3.6ms
[2021-04-11T19:28:49.290-0700][gc,phases     ] GC(28)   Post Evacuate Collection Set: 0.5ms
[2021-04-11T19:28:49.290-0700][gc,phases     ] GC(28)   Other: 0.2ms
[2021-04-11T19:28:49.290-0700][gc,heap       ] GC(28) Eden regions: 611->0(610)
[2021-04-11T19:28:49.290-0700][gc,heap       ] GC(28) Survivor regions: 3->4(77)
[2021-04-11T19:28:49.290-0700][gc,heap       ] GC(28) Old regions: 16->16
[2021-04-11T19:28:49.290-0700][gc,heap       ] GC(28) Humongous regions: 129->129
[2021-04-11T19:28:49.290-0700][gc,metaspace  ] GC(28) Metaspace: 40373K->40373K(1085440K)
[2021-04-11T19:28:49.290-0700][gc            ] GC(28) Pause Young (Normal) (G1 Evacuation Pause) 757M->146M(1024M) 4.419ms
[2021-04-11T19:28:49.290-0700][gc,cpu        ] GC(28) User=0.03s Sys=0.00s Real=0.00s
[2021-04-11T19:28:55.531-0700][gc,start      ] GC(29) Pause Young (Normal) (G1 Evacuation Pause)
[2021-04-11T19:28:55.531-0700][gc,task       ] GC(29) Using 8 workers of 8 for evacuation
[2021-04-11T19:28:55.536-0700][gc,phases     ] GC(29)   Pre Evacuate Collection Set: 0.0ms
[2021-04-11T19:28:55.536-0700][gc,phases     ] GC(29)   Evacuate Collection Set: 3.8ms
[2021-04-11T19:28:55.536-0700][gc,phases     ] GC(29)   Post Evacuate Collection Set: 0.5ms
[2021-04-11T19:28:55.536-0700][gc,phases     ] GC(29)   Other: 0.3ms
[2021-04-11T19:28:55.536-0700][gc,heap       ] GC(29) Eden regions: 610->0(610)
[2021-04-11T19:28:55.536-0700][gc,heap       ] GC(29) Survivor regions: 4->4(77)
[2021-04-11T19:28:55.536-0700][gc,heap       ] GC(29) Old regions: 16->16
[2021-04-11T19:28:55.536-0700][gc,heap       ] GC(29) Humongous regions: 129->129
[2021-04-11T19:28:55.536-0700][gc,metaspace  ] GC(29) Metaspace: 40373K->40373K(1085440K)
[2021-04-11T19:28:55.536-0700][gc            ] GC(29) Pause Young (Normal) (G1 Evacuation Pause) 756M->147M(1024M) 4.762ms
[2021-04-11T19:28:55.536-0700][gc,cpu        ] GC(29) User=0.03s Sys=0.00s Real=0.01s
[2021-04-11T19:29:02.454-0700][gc,start      ] GC(30) Pause Young (Normal) (G1 Evacuation Pause)
[2021-04-11T19:29:02.454-0700][gc,task       ] GC(30) Using 8 workers of 8 for evacuation
[2021-04-11T19:29:02.460-0700][gc,phases     ] GC(30)   Pre Evacuate Collection Set: 0.1ms
[2021-04-11T19:29:02.460-0700][gc,phases     ] GC(30)   Evacuate Collection Set: 4.9ms
[2021-04-11T19:29:02.460-0700][gc,phases     ] GC(30)   Post Evacuate Collection Set: 1.1ms
[2021-04-11T19:29:02.460-0700][gc,phases     ] GC(30)   Other: 0.5ms
[2021-04-11T19:29:02.460-0700][gc,heap       ] GC(30) Eden regions: 610->0(610)
[2021-04-11T19:29:02.460-0700][gc,heap       ] GC(30) Survivor regions: 4->4(77)
[2021-04-11T19:29:02.460-0700][gc,heap       ] GC(30) Old regions: 16->16
[2021-04-11T19:29:02.460-0700][gc,heap       ] GC(30) Humongous regions: 129->129
[2021-04-11T19:29:02.460-0700][gc,metaspace  ] GC(30) Metaspace: 40379K->40379K(1085440K)
[2021-04-11T19:29:02.460-0700][gc            ] GC(30) Pause Young (Normal) (G1 Evacuation Pause) 757M->147M(1024M) 6.669ms
[2021-04-11T19:29:02.460-0700][gc,cpu        ] GC(30) User=0.04s Sys=0.00s Real=0.01s
[2021-04-11T19:29:16.529-0700][gc,start      ] GC(31) Pause Young (Normal) (G1 Evacuation Pause)
[2021-04-11T19:29:16.529-0700][gc,task       ] GC(31) Using 8 workers of 8 for evacuation
[2021-04-11T19:29:16.536-0700][gc,phases     ] GC(31)   Pre Evacuate Collection Set: 0.0ms
[2021-04-11T19:29:16.536-0700][gc,phases     ] GC(31)   Evacuate Collection Set: 6.3ms
[2021-04-11T19:29:16.536-0700][gc,phases     ] GC(31)   Post Evacuate Collection Set: 0.8ms
[2021-04-11T19:29:16.536-0700][gc,phases     ] GC(31)   Other: 0.3ms
[2021-04-11T19:29:16.536-0700][gc,heap       ] GC(31) Eden regions: 610->0(610)
[2021-04-11T19:29:16.536-0700][gc,heap       ] GC(31) Survivor regions: 4->4(77)
[2021-04-11T19:29:16.536-0700][gc,heap       ] GC(31) Old regions: 16->16
[2021-04-11T19:29:16.536-0700][gc,heap       ] GC(31) Humongous regions: 129->129
[2021-04-11T19:29:16.536-0700][gc,metaspace  ] GC(31) Metaspace: 40382K->40382K(1085440K)
[2021-04-11T19:29:16.536-0700][gc            ] GC(31) Pause Young (Normal) (G1 Evacuation Pause) 757M->147M(1024M) 7.500ms
[2021-04-11T19:29:16.536-0700][gc,cpu        ] GC(31) User=0.05s Sys=0.00s Real=0.01s
[2021-04-11T19:29:23.692-0700][gc,start      ] GC(32) Pause Young (Normal) (G1 Evacuation Pause)
[2021-04-11T19:29:23.692-0700][gc,task       ] GC(32) Using 8 workers of 8 for evacuation
[2021-04-11T19:29:23.697-0700][gc,phases     ] GC(32)   Pre Evacuate Collection Set: 0.0ms
[2021-04-11T19:29:23.697-0700][gc,phases     ] GC(32)   Evacuate Collection Set: 3.9ms
[2021-04-11T19:29:23.697-0700][gc,phases     ] GC(32)   Post Evacuate Collection Set: 0.5ms
[2021-04-11T19:29:23.697-0700][gc,phases     ] GC(32)   Other: 0.2ms
[2021-04-11T19:29:23.697-0700][gc,heap       ] GC(32) Eden regions: 610->0(609)
[2021-04-11T19:29:23.697-0700][gc,heap       ] GC(32) Survivor regions: 4->5(77)
[2021-04-11T19:29:23.697-0700][gc,heap       ] GC(32) Old regions: 16->17
[2021-04-11T19:29:23.697-0700][gc,heap       ] GC(32) Humongous regions: 129->129
[2021-04-11T19:29:23.697-0700][gc,metaspace  ] GC(32) Metaspace: 40382K->40382K(1085440K)
[2021-04-11T19:29:23.697-0700][gc            ] GC(32) Pause Young (Normal) (G1 Evacuation Pause) 757M->148M(1024M) 4.721ms
[2021-04-11T19:29:23.697-0700][gc,cpu        ] GC(32) User=0.03s Sys=0.00s Real=0.01s
[2021-04-11T19:29:32.809-0700][gc,start      ] GC(33) Pause Young (Normal) (G1 Evacuation Pause)
[2021-04-11T19:29:32.809-0700][gc,task       ] GC(33) Using 8 workers of 8 for evacuation
[2021-04-11T19:29:32.813-0700][gc,phases     ] GC(33)   Pre Evacuate Collection Set: 0.0ms
[2021-04-11T19:29:32.813-0700][gc,phases     ] GC(33)   Evacuate Collection Set: 3.6ms
[2021-04-11T19:29:32.813-0700][gc,phases     ] GC(33)   Post Evacuate Collection Set: 0.6ms
[2021-04-11T19:29:32.813-0700][gc,phases     ] GC(33)   Other: 0.2ms
[2021-04-11T19:29:32.813-0700][gc,heap       ] GC(33) Eden regions: 609->0(609)
[2021-04-11T19:29:32.813-0700][gc,heap       ] GC(33) Survivor regions: 5->5(77)
[2021-04-11T19:29:32.813-0700][gc,heap       ] GC(33) Old regions: 17->17
[2021-04-11T19:29:32.813-0700][gc,heap       ] GC(33) Humongous regions: 129->129
[2021-04-11T19:29:32.813-0700][gc,metaspace  ] GC(33) Metaspace: 40383K->40383K(1085440K)
[2021-04-11T19:29:32.813-0700][gc            ] GC(33) Pause Young (Normal) (G1 Evacuation Pause) 757M->148M(1024M) 4.563ms
[2021-04-11T19:29:32.813-0700][gc,cpu        ] GC(33) User=0.03s Sys=0.00s Real=0.00s
[2021-04-11T19:29:40.385-0700][gc,start      ] GC(34) Pause Young (Normal) (G1 Evacuation Pause)
[2021-04-11T19:29:40.385-0700][gc,task       ] GC(34) Using 8 workers of 8 for evacuation
[2021-04-11T19:29:40.389-0700][gc,phases     ] GC(34)   Pre Evacuate Collection Set: 0.0ms
[2021-04-11T19:29:40.389-0700][gc,phases     ] GC(34)   Evacuate Collection Set: 3.1ms
[2021-04-11T19:29:40.389-0700][gc,phases     ] GC(34)   Post Evacuate Collection Set: 0.6ms
[2021-04-11T19:29:40.389-0700][gc,phases     ] GC(34)   Other: 0.2ms
[2021-04-11T19:29:40.389-0700][gc,heap       ] GC(34) Eden regions: 609->0(609)
[2021-04-11T19:29:40.389-0700][gc,heap       ] GC(34) Survivor regions: 5->5(77)
[2021-04-11T19:29:40.389-0700][gc,heap       ] GC(34) Old regions: 17->17
[2021-04-11T19:29:40.389-0700][gc,heap       ] GC(34) Humongous regions: 129->129
[2021-04-11T19:29:40.389-0700][gc,metaspace  ] GC(34) Metaspace: 40383K->40383K(1085440K)
[2021-04-11T19:29:40.389-0700][gc            ] GC(34) Pause Young (Normal) (G1 Evacuation Pause) 757M->148M(1024M) 3.978ms
[2021-04-11T19:29:40.389-0700][gc,cpu        ] GC(34) User=0.03s Sys=0.00s Real=0.00s
[2021-04-11T19:31:28.428-0700][gc,start      ] GC(35) Pause Young (Normal) (G1 Evacuation Pause)
[2021-04-11T19:31:28.428-0700][gc,task       ] GC(35) Using 8 workers of 8 for evacuation
[2021-04-11T19:31:28.432-0700][gc,phases     ] GC(35)   Pre Evacuate Collection Set: 0.0ms
[2021-04-11T19:31:28.432-0700][gc,phases     ] GC(35)   Evacuate Collection Set: 3.1ms
[2021-04-11T19:31:28.432-0700][gc,phases     ] GC(35)   Post Evacuate Collection Set: 0.4ms
[2021-04-11T19:31:28.432-0700][gc,phases     ] GC(35)   Other: 0.2ms
[2021-04-11T19:31:28.432-0700][gc,heap       ] GC(35) Eden regions: 609->0(609)
[2021-04-11T19:31:28.432-0700][gc,heap       ] GC(35) Survivor regions: 5->5(77)
[2021-04-11T19:31:28.432-0700][gc,heap       ] GC(35) Old regions: 17->17
[2021-04-11T19:31:28.432-0700][gc,heap       ] GC(35) Humongous regions: 129->129
[2021-04-11T19:31:28.432-0700][gc,metaspace  ] GC(35) Metaspace: 40409K->40409K(1085440K)
[2021-04-11T19:31:28.432-0700][gc            ] GC(35) Pause Young (Normal) (G1 Evacuation Pause) 757M->148M(1024M) 3.800ms
[2021-04-11T19:31:28.432-0700][gc,cpu        ] GC(35) User=0.03s Sys=0.00s Real=0.00s
[2021-04-11T19:31:41.232-0700][gc,start      ] GC(36) Pause Young (Normal) (G1 Evacuation Pause)
[2021-04-11T19:31:41.233-0700][gc,task       ] GC(36) Using 8 workers of 8 for evacuation
[2021-04-11T19:31:41.236-0700][gc,phases     ] GC(36)   Pre Evacuate Collection Set: 0.0ms
[2021-04-11T19:31:41.236-0700][gc,phases     ] GC(36)   Evacuate Collection Set: 2.6ms
[2021-04-11T19:31:41.236-0700][gc,phases     ] GC(36)   Post Evacuate Collection Set: 0.5ms
[2021-04-11T19:31:41.236-0700][gc,phases     ] GC(36)   Other: 0.2ms
[2021-04-11T19:31:41.236-0700][gc,heap       ] GC(36) Eden regions: 609->0(608)
[2021-04-11T19:31:41.236-0700][gc,heap       ] GC(36) Survivor regions: 5->6(77)
[2021-04-11T19:31:41.236-0700][gc,heap       ] GC(36) Old regions: 17->17
[2021-04-11T19:31:41.236-0700][gc,heap       ] GC(36) Humongous regions: 129->129
[2021-04-11T19:31:41.236-0700][gc,metaspace  ] GC(36) Metaspace: 40409K->40409K(1085440K)
[2021-04-11T19:31:41.236-0700][gc            ] GC(36) Pause Young (Normal) (G1 Evacuation Pause) 757M->149M(1024M) 3.338ms
[2021-04-11T19:31:41.236-0700][gc,cpu        ] GC(36) User=0.02s Sys=0.00s Real=0.01s
[2021-04-11T19:31:48.976-0700][gc,start      ] GC(37) Pause Young (Normal) (G1 Evacuation Pause)
[2021-04-11T19:31:48.976-0700][gc,task       ] GC(37) Using 8 workers of 8 for evacuation
[2021-04-11T19:31:48.980-0700][gc,phases     ] GC(37)   Pre Evacuate Collection Set: 0.0ms
[2021-04-11T19:31:48.980-0700][gc,phases     ] GC(37)   Evacuate Collection Set: 2.7ms
[2021-04-11T19:31:48.980-0700][gc,phases     ] GC(37)   Post Evacuate Collection Set: 0.5ms
[2021-04-11T19:31:48.980-0700][gc,phases     ] GC(37)   Other: 0.2ms
[2021-04-11T19:31:48.980-0700][gc,heap       ] GC(37) Eden regions: 608->0(608)
[2021-04-11T19:31:48.980-0700][gc,heap       ] GC(37) Survivor regions: 6->6(77)
[2021-04-11T19:31:48.980-0700][gc,heap       ] GC(37) Old regions: 17->17
[2021-04-11T19:31:48.980-0700][gc,heap       ] GC(37) Humongous regions: 129->129
[2021-04-11T19:31:48.980-0700][gc,metaspace  ] GC(37) Metaspace: 40413K->40413K(1085440K)
[2021-04-11T19:31:48.980-0700][gc            ] GC(37) Pause Young (Normal) (G1 Evacuation Pause) 757M->150M(1024M) 3.471ms
[2021-04-11T19:31:48.980-0700][gc,cpu        ] GC(37) User=0.03s Sys=0.00s Real=0.00s
[2021-04-11T19:31:57.446-0700][gc,start      ] GC(38) Pause Young (Normal) (G1 Evacuation Pause)
[2021-04-11T19:31:57.446-0700][gc,task       ] GC(38) Using 8 workers of 8 for evacuation
[2021-04-11T19:31:57.450-0700][gc,phases     ] GC(38)   Pre Evacuate Collection Set: 0.0ms
[2021-04-11T19:31:57.450-0700][gc,phases     ] GC(38)   Evacuate Collection Set: 3.4ms
[2021-04-11T19:31:57.450-0700][gc,phases     ] GC(38)   Post Evacuate Collection Set: 0.5ms
[2021-04-11T19:31:57.450-0700][gc,phases     ] GC(38)   Other: 0.2ms
[2021-04-11T19:31:57.450-0700][gc,heap       ] GC(38) Eden regions: 608->0(607)
[2021-04-11T19:31:57.450-0700][gc,heap       ] GC(38) Survivor regions: 6->7(77)
[2021-04-11T19:31:57.450-0700][gc,heap       ] GC(38) Old regions: 17->18
[2021-04-11T19:31:57.450-0700][gc,heap       ] GC(38) Humongous regions: 129->129
[2021-04-11T19:31:57.450-0700][gc,metaspace  ] GC(38) Metaspace: 40423K->40423K(1085440K)
[2021-04-11T19:31:57.450-0700][gc            ] GC(38) Pause Young (Normal) (G1 Evacuation Pause) 758M->150M(1024M) 4.182ms
[2021-04-11T19:31:57.450-0700][gc,cpu        ] GC(38) User=0.02s Sys=0.00s Real=0.00s
[2021-04-11T19:32:03.791-0700][gc,start      ] GC(39) Pause Young (Normal) (G1 Evacuation Pause)
[2021-04-11T19:32:03.791-0700][gc,task       ] GC(39) Using 8 workers of 8 for evacuation
[2021-04-11T19:32:03.797-0700][gc,phases     ] GC(39)   Pre Evacuate Collection Set: 0.0ms
[2021-04-11T19:32:03.797-0700][gc,phases     ] GC(39)   Evacuate Collection Set: 5.0ms
[2021-04-11T19:32:03.797-0700][gc,phases     ] GC(39)   Post Evacuate Collection Set: 0.5ms
[2021-04-11T19:32:03.797-0700][gc,phases     ] GC(39)   Other: 0.2ms
[2021-04-11T19:32:03.797-0700][gc,heap       ] GC(39) Eden regions: 607->0(607)
[2021-04-11T19:32:03.797-0700][gc,heap       ] GC(39) Survivor regions: 7->7(77)
[2021-04-11T19:32:03.797-0700][gc,heap       ] GC(39) Old regions: 18->18
[2021-04-11T19:32:03.797-0700][gc,heap       ] GC(39) Humongous regions: 129->129
[2021-04-11T19:32:03.797-0700][gc,metaspace  ] GC(39) Metaspace: 40426K->40426K(1085440K)
[2021-04-11T19:32:03.797-0700][gc            ] GC(39) Pause Young (Normal) (G1 Evacuation Pause) 757M->151M(1024M) 5.843ms
[2021-04-11T19:32:03.797-0700][gc,cpu        ] GC(39) User=0.04s Sys=0.00s Real=0.01s
[2021-04-11T19:32:12.618-0700][gc,start      ] GC(40) Pause Young (Normal) (G1 Evacuation Pause)
[2021-04-11T19:32:12.618-0700][gc,task       ] GC(40) Using 8 workers of 8 for evacuation
[2021-04-11T19:32:12.622-0700][gc,phases     ] GC(40)   Pre Evacuate Collection Set: 0.0ms
[2021-04-11T19:32:12.622-0700][gc,phases     ] GC(40)   Evacuate Collection Set: 3.6ms
[2021-04-11T19:32:12.622-0700][gc,phases     ] GC(40)   Post Evacuate Collection Set: 0.5ms
[2021-04-11T19:32:12.622-0700][gc,phases     ] GC(40)   Other: 0.2ms
[2021-04-11T19:32:12.622-0700][gc,heap       ] GC(40) Eden regions: 607->0(607)
[2021-04-11T19:32:12.622-0700][gc,heap       ] GC(40) Survivor regions: 7->7(77)
[2021-04-11T19:32:12.622-0700][gc,heap       ] GC(40) Old regions: 18->18
[2021-04-11T19:32:12.622-0700][gc,heap       ] GC(40) Humongous regions: 129->129
[2021-04-11T19:32:12.622-0700][gc,metaspace  ] GC(40) Metaspace: 40426K->40426K(1085440K)
[2021-04-11T19:32:12.622-0700][gc            ] GC(40) Pause Young (Normal) (G1 Evacuation Pause) 758M->151M(1024M) 4.416ms
[2021-04-11T19:32:12.622-0700][gc,cpu        ] GC(40) User=0.03s Sys=0.00s Real=0.00s
[2021-04-11T19:32:17.760-0700][gc,start      ] GC(41) Pause Young (Normal) (G1 Evacuation Pause)
[2021-04-11T19:32:17.760-0700][gc,task       ] GC(41) Using 8 workers of 8 for evacuation
[2021-04-11T19:32:17.765-0700][gc,phases     ] GC(41)   Pre Evacuate Collection Set: 0.0ms
[2021-04-11T19:32:17.765-0700][gc,phases     ] GC(41)   Evacuate Collection Set: 3.9ms
[2021-04-11T19:32:17.765-0700][gc,phases     ] GC(41)   Post Evacuate Collection Set: 0.5ms
[2021-04-11T19:32:17.765-0700][gc,phases     ] GC(41)   Other: 0.2ms
[2021-04-11T19:32:17.765-0700][gc,heap       ] GC(41) Eden regions: 607->0(607)
[2021-04-11T19:32:17.765-0700][gc,heap       ] GC(41) Survivor regions: 7->7(77)
[2021-04-11T19:32:17.765-0700][gc,heap       ] GC(41) Old regions: 18->19
[2021-04-11T19:32:17.765-0700][gc,heap       ] GC(41) Humongous regions: 129->129
[2021-04-11T19:32:17.765-0700][gc,metaspace  ] GC(41) Metaspace: 40428K->40428K(1085440K)
[2021-04-11T19:32:17.765-0700][gc            ] GC(41) Pause Young (Normal) (G1 Evacuation Pause) 758M->152M(1024M) 4.752ms
[2021-04-11T19:32:17.765-0700][gc,cpu        ] GC(41) User=0.03s Sys=0.00s Real=0.01s
[2021-04-11T19:32:22.925-0700][gc,start      ] GC(42) Pause Young (Normal) (G1 Evacuation Pause)
[2021-04-11T19:32:22.925-0700][gc,task       ] GC(42) Using 8 workers of 8 for evacuation
[2021-04-11T19:32:22.929-0700][gc,phases     ] GC(42)   Pre Evacuate Collection Set: 0.0ms
[2021-04-11T19:32:22.929-0700][gc,phases     ] GC(42)   Evacuate Collection Set: 3.8ms
[2021-04-11T19:32:22.929-0700][gc,phases     ] GC(42)   Post Evacuate Collection Set: 0.5ms
[2021-04-11T19:32:22.929-0700][gc,phases     ] GC(42)   Other: 0.2ms
[2021-04-11T19:32:22.929-0700][gc,heap       ] GC(42) Eden regions: 607->0(608)
[2021-04-11T19:32:22.929-0700][gc,heap       ] GC(42) Survivor regions: 7->6(77)
[2021-04-11T19:32:22.929-0700][gc,heap       ] GC(42) Old regions: 19->19
[2021-04-11T19:32:22.929-0700][gc,heap       ] GC(42) Humongous regions: 129->129
[2021-04-11T19:32:22.929-0700][gc,metaspace  ] GC(42) Metaspace: 40429K->40429K(1085440K)
[2021-04-11T19:32:22.929-0700][gc            ] GC(42) Pause Young (Normal) (G1 Evacuation Pause) 759M->152M(1024M) 4.626ms
[2021-04-11T19:32:22.929-0700][gc,cpu        ] GC(42) User=0.03s Sys=0.00s Real=0.00s
[2021-04-11T19:32:32.649-0700][gc,start      ] GC(43) Pause Young (Normal) (G1 Evacuation Pause)
[2021-04-11T19:32:32.649-0700][gc,task       ] GC(43) Using 8 workers of 8 for evacuation
[2021-04-11T19:32:32.663-0700][gc,phases     ] GC(43)   Pre Evacuate Collection Set: 0.1ms
[2021-04-11T19:32:32.663-0700][gc,phases     ] GC(43)   Evacuate Collection Set: 11.8ms
[2021-04-11T19:32:32.663-0700][gc,phases     ] GC(43)   Post Evacuate Collection Set: 0.8ms
[2021-04-11T19:32:32.663-0700][gc,phases     ] GC(43)   Other: 0.5ms
[2021-04-11T19:32:32.663-0700][gc,heap       ] GC(43) Eden regions: 608->0(608)
[2021-04-11T19:32:32.663-0700][gc,heap       ] GC(43) Survivor regions: 6->6(77)
[2021-04-11T19:32:32.663-0700][gc,heap       ] GC(43) Old regions: 19->20
[2021-04-11T19:32:32.663-0700][gc,heap       ] GC(43) Humongous regions: 129->129
[2021-04-11T19:32:32.663-0700][gc,metaspace  ] GC(43) Metaspace: 40430K->40430K(1085440K)
[2021-04-11T19:32:32.663-0700][gc            ] GC(43) Pause Young (Normal) (G1 Evacuation Pause) 760M->152M(1024M) 13.304ms
[2021-04-11T19:32:32.663-0700][gc,cpu        ] GC(43) User=0.08s Sys=0.00s Real=0.02s
[2021-04-11T19:32:41.073-0700][gc,start      ] GC(44) Pause Young (Normal) (G1 Evacuation Pause)
[2021-04-11T19:32:41.073-0700][gc,task       ] GC(44) Using 8 workers of 8 for evacuation
[2021-04-11T19:32:41.080-0700][gc,phases     ] GC(44)   Pre Evacuate Collection Set: 0.0ms
[2021-04-11T19:32:41.080-0700][gc,phases     ] GC(44)   Evacuate Collection Set: 6.0ms
[2021-04-11T19:32:41.080-0700][gc,phases     ] GC(44)   Post Evacuate Collection Set: 0.6ms
[2021-04-11T19:32:41.080-0700][gc,phases     ] GC(44)   Other: 0.2ms
[2021-04-11T19:32:41.080-0700][gc,heap       ] GC(44) Eden regions: 608->0(608)
[2021-04-11T19:32:41.080-0700][gc,heap       ] GC(44) Survivor regions: 6->6(77)
[2021-04-11T19:32:41.080-0700][gc,heap       ] GC(44) Old regions: 20->20
[2021-04-11T19:32:41.080-0700][gc,heap       ] GC(44) Humongous regions: 129->129
[2021-04-11T19:32:41.080-0700][gc,metaspace  ] GC(44) Metaspace: 40430K->40430K(1085440K)
[2021-04-11T19:32:41.080-0700][gc            ] GC(44) Pause Young (Normal) (G1 Evacuation Pause) 760M->153M(1024M) 6.990ms
[2021-04-11T19:32:41.080-0700][gc,cpu        ] GC(44) User=0.05s Sys=0.00s Real=0.01s
[2021-04-11T19:32:51.633-0700][gc,start      ] GC(45) Pause Young (Normal) (G1 Evacuation Pause)
[2021-04-11T19:32:51.633-0700][gc,task       ] GC(45) Using 8 workers of 8 for evacuation
[2021-04-11T19:32:51.643-0700][gc,phases     ] GC(45)   Pre Evacuate Collection Set: 0.0ms
[2021-04-11T19:32:51.643-0700][gc,phases     ] GC(45)   Evacuate Collection Set: 8.8ms
[2021-04-11T19:32:51.643-0700][gc,phases     ] GC(45)   Post Evacuate Collection Set: 0.9ms
[2021-04-11T19:32:51.643-0700][gc,phases     ] GC(45)   Other: 0.3ms
[2021-04-11T19:32:51.643-0700][gc,heap       ] GC(45) Eden regions: 608->0(608)
[2021-04-11T19:32:51.643-0700][gc,heap       ] GC(45) Survivor regions: 6->6(77)
[2021-04-11T19:32:51.643-0700][gc,heap       ] GC(45) Old regions: 20->20
[2021-04-11T19:32:51.643-0700][gc,heap       ] GC(45) Humongous regions: 129->129
[2021-04-11T19:32:51.643-0700][gc,metaspace  ] GC(45) Metaspace: 40434K->40434K(1085440K)
[2021-04-11T19:32:51.644-0700][gc            ] GC(45) Pause Young (Normal) (G1 Evacuation Pause) 761M->153M(1024M) 10.141ms
[2021-04-11T19:32:51.644-0700][gc,cpu        ] GC(45) User=0.06s Sys=0.00s Real=0.02s
[2021-04-11T19:33:00.465-0700][gc,start      ] GC(46) Pause Young (Normal) (G1 Evacuation Pause)
[2021-04-11T19:33:00.465-0700][gc,task       ] GC(46) Using 8 workers of 8 for evacuation
[2021-04-11T19:33:00.473-0700][gc,phases     ] GC(46)   Pre Evacuate Collection Set: 0.1ms
[2021-04-11T19:33:00.473-0700][gc,phases     ] GC(46)   Evacuate Collection Set: 5.9ms
[2021-04-11T19:33:00.473-0700][gc,phases     ] GC(46)   Post Evacuate Collection Set: 0.9ms
[2021-04-11T19:33:00.473-0700][gc,phases     ] GC(46)   Other: 0.4ms
[2021-04-11T19:33:00.473-0700][gc,heap       ] GC(46) Eden regions: 608->0(608)
[2021-04-11T19:33:00.473-0700][gc,heap       ] GC(46) Survivor regions: 6->6(77)
[2021-04-11T19:33:00.473-0700][gc,heap       ] GC(46) Old regions: 20->21
[2021-04-11T19:33:00.473-0700][gc,heap       ] GC(46) Humongous regions: 129->129
[2021-04-11T19:33:00.473-0700][gc,metaspace  ] GC(46) Metaspace: 40437K->40437K(1085440K)
[2021-04-11T19:33:00.473-0700][gc            ] GC(46) Pause Young (Normal) (G1 Evacuation Pause) 761M->153M(1024M) 7.311ms
[2021-04-11T19:33:00.473-0700][gc,cpu        ] GC(46) User=0.04s Sys=0.00s Real=0.00s
[2021-04-11T19:33:21.538-0700][gc,start      ] GC(47) Pause Young (Normal) (G1 Evacuation Pause)
[2021-04-11T19:33:21.538-0700][gc,task       ] GC(47) Using 8 workers of 8 for evacuation
[2021-04-11T19:33:21.554-0700][gc,phases     ] GC(47)   Pre Evacuate Collection Set: 0.1ms
[2021-04-11T19:33:21.554-0700][gc,phases     ] GC(47)   Evacuate Collection Set: 14.8ms
[2021-04-11T19:33:21.554-0700][gc,phases     ] GC(47)   Post Evacuate Collection Set: 0.9ms
[2021-04-11T19:33:21.555-0700][gc,phases     ] GC(47)   Other: 0.4ms
[2021-04-11T19:33:21.555-0700][gc,heap       ] GC(47) Eden regions: 608->0(608)
[2021-04-11T19:33:21.555-0700][gc,heap       ] GC(47) Survivor regions: 6->6(77)
[2021-04-11T19:33:21.555-0700][gc,heap       ] GC(47) Old regions: 21->21
[2021-04-11T19:33:21.555-0700][gc,heap       ] GC(47) Humongous regions: 129->129
[2021-04-11T19:33:21.555-0700][gc,metaspace  ] GC(47) Metaspace: 40442K->40442K(1085440K)
[2021-04-11T19:33:21.555-0700][gc            ] GC(47) Pause Young (Normal) (G1 Evacuation Pause) 761M->153M(1024M) 16.334ms
[2021-04-11T19:33:21.555-0700][gc,cpu        ] GC(47) User=0.07s Sys=0.00s Real=0.02s
[2021-04-11T19:33:38.871-0700][gc,start      ] GC(48) Pause Young (Normal) (G1 Evacuation Pause)
[2021-04-11T19:33:38.871-0700][gc,task       ] GC(48) Using 8 workers of 8 for evacuation
[2021-04-11T19:33:38.882-0700][gc,phases     ] GC(48)   Pre Evacuate Collection Set: 0.0ms
[2021-04-11T19:33:38.882-0700][gc,phases     ] GC(48)   Evacuate Collection Set: 9.3ms
[2021-04-11T19:33:38.882-0700][gc,phases     ] GC(48)   Post Evacuate Collection Set: 0.8ms
[2021-04-11T19:33:38.882-0700][gc,phases     ] GC(48)   Other: 0.4ms
[2021-04-11T19:33:38.882-0700][gc,heap       ] GC(48) Eden regions: 608->0(608)
[2021-04-11T19:33:38.882-0700][gc,heap       ] GC(48) Survivor regions: 6->6(77)
[2021-04-11T19:33:38.882-0700][gc,heap       ] GC(48) Old regions: 21->21
[2021-04-11T19:33:38.882-0700][gc,heap       ] GC(48) Humongous regions: 129->129
[2021-04-11T19:33:38.882-0700][gc,metaspace  ] GC(48) Metaspace: 40448K->40448K(1085440K)
[2021-04-11T19:33:38.882-0700][gc            ] GC(48) Pause Young (Normal) (G1 Evacuation Pause) 761M->154M(1024M) 10.679ms
[2021-04-11T19:33:38.882-0700][gc,cpu        ] GC(48) User=0.07s Sys=0.00s Real=0.01s
[2021-04-11T19:33:53.773-0700][gc,start      ] GC(49) Pause Young (Normal) (G1 Evacuation Pause)
[2021-04-11T19:33:53.773-0700][gc,task       ] GC(49) Using 8 workers of 8 for evacuation
[2021-04-11T19:33:53.790-0700][gc,phases     ] GC(49)   Pre Evacuate Collection Set: 0.0ms
[2021-04-11T19:33:53.790-0700][gc,phases     ] GC(49)   Evacuate Collection Set: 15.6ms
[2021-04-11T19:33:53.790-0700][gc,phases     ] GC(49)   Post Evacuate Collection Set: 1.1ms
[2021-04-11T19:33:53.790-0700][gc,phases     ] GC(49)   Other: 0.4ms
[2021-04-11T19:33:53.790-0700][gc,heap       ] GC(49) Eden regions: 608->0(608)
[2021-04-11T19:33:53.791-0700][gc,heap       ] GC(49) Survivor regions: 6->6(77)
[2021-04-11T19:33:53.791-0700][gc,heap       ] GC(49) Old regions: 21->21
[2021-04-11T19:33:53.791-0700][gc,heap       ] GC(49) Humongous regions: 129->129
[2021-04-11T19:33:53.791-0700][gc,metaspace  ] GC(49) Metaspace: 40452K->40452K(1085440K)
[2021-04-11T19:33:53.791-0700][gc            ] GC(49) Pause Young (Normal) (G1 Evacuation Pause) 762M->154M(1024M) 17.376ms
[2021-04-11T19:33:53.791-0700][gc,cpu        ] GC(49) User=0.08s Sys=0.00s Real=0.02s
[2021-04-11T19:34:08.366-0700][gc,start      ] GC(50) Pause Young (Normal) (G1 Evacuation Pause)
[2021-04-11T19:34:08.366-0700][gc,task       ] GC(50) Using 8 workers of 8 for evacuation
[2021-04-11T19:34:08.384-0700][gc,phases     ] GC(50)   Pre Evacuate Collection Set: 0.0ms
[2021-04-11T19:34:08.384-0700][gc,phases     ] GC(50)   Evacuate Collection Set: 16.5ms
[2021-04-11T19:34:08.384-0700][gc,phases     ] GC(50)   Post Evacuate Collection Set: 0.8ms
[2021-04-11T19:34:08.384-0700][gc,phases     ] GC(50)   Other: 0.4ms
[2021-04-11T19:34:08.384-0700][gc,heap       ] GC(50) Eden regions: 608->0(608)
[2021-04-11T19:34:08.384-0700][gc,heap       ] GC(50) Survivor regions: 6->6(77)
[2021-04-11T19:34:08.384-0700][gc,heap       ] GC(50) Old regions: 21->22
[2021-04-11T19:34:08.384-0700][gc,heap       ] GC(50) Humongous regions: 129->129
[2021-04-11T19:34:08.384-0700][gc,metaspace  ] GC(50) Metaspace: 40453K->40453K(1085440K)
[2021-04-11T19:34:08.384-0700][gc            ] GC(50) Pause Young (Normal) (G1 Evacuation Pause) 762M->154M(1024M) 17.899ms
[2021-04-11T19:34:08.384-0700][gc,cpu        ] GC(50) User=0.09s Sys=0.00s Real=0.02s
[2021-04-11T19:34:20.120-0700][gc,start      ] GC(51) Pause Young (Normal) (G1 Evacuation Pause)
[2021-04-11T19:34:20.120-0700][gc,task       ] GC(51) Using 8 workers of 8 for evacuation
[2021-04-11T19:34:20.141-0700][gc,mmu        ] GC(51) MMU target violated: 21.0ms (20.0ms/21.0ms)
[2021-04-11T19:34:20.141-0700][gc,phases     ] GC(51)   Pre Evacuate Collection Set: 0.1ms
[2021-04-11T19:34:20.141-0700][gc,phases     ] GC(51)   Evacuate Collection Set: 18.5ms
[2021-04-11T19:34:20.141-0700][gc,phases     ] GC(51)   Post Evacuate Collection Set: 2.1ms
[2021-04-11T19:34:20.142-0700][gc,phases     ] GC(51)   Other: 0.9ms
[2021-04-11T19:34:20.142-0700][gc,heap       ] GC(51) Eden regions: 608->0(608)
[2021-04-11T19:34:20.142-0700][gc,heap       ] GC(51) Survivor regions: 6->6(77)
[2021-04-11T19:34:20.142-0700][gc,heap       ] GC(51) Old regions: 22->23
[2021-04-11T19:34:20.142-0700][gc,heap       ] GC(51) Humongous regions: 129->129
[2021-04-11T19:34:20.142-0700][gc,metaspace  ] GC(51) Metaspace: 40453K->40453K(1085440K)
[2021-04-11T19:34:20.142-0700][gc            ] GC(51) Pause Young (Normal) (G1 Evacuation Pause) 762M->155M(1024M) 21.771ms
[2021-04-11T19:34:20.142-0700][gc,cpu        ] GC(51) User=0.10s Sys=0.00s Real=0.02s
[2021-04-11T19:34:38.907-0700][gc,start      ] GC(52) Pause Young (Normal) (G1 Evacuation Pause)
[2021-04-11T19:34:38.907-0700][gc,task       ] GC(52) Using 8 workers of 8 for evacuation
[2021-04-11T19:34:38.931-0700][gc,mmu        ] GC(52) MMU target violated: 21.0ms (20.0ms/21.0ms)
[2021-04-11T19:34:38.932-0700][gc,phases     ] GC(52)   Pre Evacuate Collection Set: 0.1ms
[2021-04-11T19:34:38.932-0700][gc,phases     ] GC(52)   Evacuate Collection Set: 23.6ms
[2021-04-11T19:34:38.932-0700][gc,phases     ] GC(52)   Post Evacuate Collection Set: 0.9ms
[2021-04-11T19:34:38.932-0700][gc,phases     ] GC(52)   Other: 0.5ms
[2021-04-11T19:34:38.932-0700][gc,heap       ] GC(52) Eden regions: 608->0(609)
[2021-04-11T19:34:38.932-0700][gc,heap       ] GC(52) Survivor regions: 6->5(77)
[2021-04-11T19:34:38.932-0700][gc,heap       ] GC(52) Old regions: 23->23
[2021-04-11T19:34:38.932-0700][gc,heap       ] GC(52) Humongous regions: 129->129
[2021-04-11T19:34:38.932-0700][gc,metaspace  ] GC(52) Metaspace: 40454K->40454K(1085440K)
[2021-04-11T19:34:38.932-0700][gc            ] GC(52) Pause Young (Normal) (G1 Evacuation Pause) 763M->155M(1024M) 25.098ms
[2021-04-11T19:34:38.932-0700][gc,cpu        ] GC(52) User=0.11s Sys=0.00s Real=0.02s
[2021-04-11T19:34:54.802-0700][gc,start      ] GC(53) Pause Young (Normal) (G1 Evacuation Pause)
[2021-04-11T19:34:54.802-0700][gc,task       ] GC(53) Using 8 workers of 8 for evacuation
[2021-04-11T19:34:54.808-0700][gc,phases     ] GC(53)   Pre Evacuate Collection Set: 0.0ms
[2021-04-11T19:34:54.808-0700][gc,phases     ] GC(53)   Evacuate Collection Set: 5.2ms
[2021-04-11T19:34:54.808-0700][gc,phases     ] GC(53)   Post Evacuate Collection Set: 0.5ms
[2021-04-11T19:34:54.808-0700][gc,phases     ] GC(53)   Other: 0.2ms
[2021-04-11T19:34:54.808-0700][gc,heap       ] GC(53) Eden regions: 609->0(609)
[2021-04-11T19:34:54.808-0700][gc,heap       ] GC(53) Survivor regions: 5->5(77)
[2021-04-11T19:34:54.808-0700][gc,heap       ] GC(53) Old regions: 23->24
[2021-04-11T19:34:54.808-0700][gc,heap       ] GC(53) Humongous regions: 129->129
[2021-04-11T19:34:54.808-0700][gc,metaspace  ] GC(53) Metaspace: 40469K->40469K(1085440K)
[2021-04-11T19:34:54.808-0700][gc            ] GC(53) Pause Young (Normal) (G1 Evacuation Pause) 764M->155M(1024M) 5.966ms
[2021-04-11T19:34:54.808-0700][gc,cpu        ] GC(53) User=0.03s Sys=0.00s Real=0.01s
[2021-04-11T19:35:02.518-0700][gc,start      ] GC(54) Pause Young (Normal) (G1 Evacuation Pause)
[2021-04-11T19:35:02.518-0700][gc,task       ] GC(54) Using 8 workers of 8 for evacuation
[2021-04-11T19:35:02.523-0700][gc,phases     ] GC(54)   Pre Evacuate Collection Set: 0.0ms
[2021-04-11T19:35:02.523-0700][gc,phases     ] GC(54)   Evacuate Collection Set: 4.4ms
[2021-04-11T19:35:02.523-0700][gc,phases     ] GC(54)   Post Evacuate Collection Set: 0.5ms
[2021-04-11T19:35:02.523-0700][gc,phases     ] GC(54)   Other: 0.2ms
[2021-04-11T19:35:02.523-0700][gc,heap       ] GC(54) Eden regions: 609->0(609)
[2021-04-11T19:35:02.523-0700][gc,heap       ] GC(54) Survivor regions: 5->5(77)
[2021-04-11T19:35:02.523-0700][gc,heap       ] GC(54) Old regions: 24->24
[2021-04-11T19:35:02.523-0700][gc,heap       ] GC(54) Humongous regions: 129->129
[2021-04-11T19:35:02.523-0700][gc,metaspace  ] GC(54) Metaspace: 40489K->40489K(1085440K)
[2021-04-11T19:35:02.523-0700][gc            ] GC(54) Pause Young (Normal) (G1 Evacuation Pause) 764M->156M(1024M) 5.237ms
[2021-04-11T19:35:02.523-0700][gc,cpu        ] GC(54) User=0.03s Sys=0.00s Real=0.01s
[2021-04-11T19:35:12.545-0700][gc,start      ] GC(55) Pause Young (Normal) (G1 Evacuation Pause)
[2021-04-11T19:35:12.545-0700][gc,task       ] GC(55) Using 8 workers of 8 for evacuation
[2021-04-11T19:35:12.548-0700][gc,phases     ] GC(55)   Pre Evacuate Collection Set: 0.0ms
[2021-04-11T19:35:12.549-0700][gc,phases     ] GC(55)   Evacuate Collection Set: 3.3ms
[2021-04-11T19:35:12.549-0700][gc,phases     ] GC(55)   Post Evacuate Collection Set: 0.5ms
[2021-04-11T19:35:12.549-0700][gc,phases     ] GC(55)   Other: 0.2ms
[2021-04-11T19:35:12.549-0700][gc,heap       ] GC(55) Eden regions: 609->0(609)
[2021-04-11T19:35:12.549-0700][gc,heap       ] GC(55) Survivor regions: 5->5(77)
[2021-04-11T19:35:12.549-0700][gc,heap       ] GC(55) Old regions: 24->25
[2021-04-11T19:35:12.549-0700][gc,heap       ] GC(55) Humongous regions: 129->129
[2021-04-11T19:35:12.549-0700][gc,metaspace  ] GC(55) Metaspace: 40495K->40495K(1085440K)
[2021-04-11T19:35:12.549-0700][gc            ] GC(55) Pause Young (Normal) (G1 Evacuation Pause) 765M->156M(1024M) 4.044ms
[2021-04-11T19:35:12.549-0700][gc,cpu        ] GC(55) User=0.03s Sys=0.00s Real=0.00s
[2021-04-11T19:35:22.711-0700][gc,start      ] GC(56) Pause Young (Normal) (G1 Evacuation Pause)
[2021-04-11T19:35:22.711-0700][gc,task       ] GC(56) Using 8 workers of 8 for evacuation
[2021-04-11T19:35:22.715-0700][gc,phases     ] GC(56)   Pre Evacuate Collection Set: 0.0ms
[2021-04-11T19:35:22.715-0700][gc,phases     ] GC(56)   Evacuate Collection Set: 3.4ms
[2021-04-11T19:35:22.715-0700][gc,phases     ] GC(56)   Post Evacuate Collection Set: 0.4ms
[2021-04-11T19:35:22.715-0700][gc,phases     ] GC(56)   Other: 0.2ms
[2021-04-11T19:35:22.715-0700][gc,heap       ] GC(56) Eden regions: 609->0(609)
[2021-04-11T19:35:22.715-0700][gc,heap       ] GC(56) Survivor regions: 5->5(77)
[2021-04-11T19:35:22.715-0700][gc,heap       ] GC(56) Old regions: 25->25
[2021-04-11T19:35:22.715-0700][gc,heap       ] GC(56) Humongous regions: 129->129
[2021-04-11T19:35:22.715-0700][gc,metaspace  ] GC(56) Metaspace: 40495K->40495K(1085440K)
[2021-04-11T19:35:22.715-0700][gc            ] GC(56) Pause Young (Normal) (G1 Evacuation Pause) 765M->156M(1024M) 4.214ms
[2021-04-11T19:35:22.715-0700][gc,cpu        ] GC(56) User=0.03s Sys=0.00s Real=0.01s
[2021-04-11T19:35:27.615-0700][gc,start      ] GC(57) Pause Young (Normal) (G1 Evacuation Pause)
[2021-04-11T19:35:27.615-0700][gc,task       ] GC(57) Using 8 workers of 8 for evacuation
[2021-04-11T19:35:27.620-0700][gc,phases     ] GC(57)   Pre Evacuate Collection Set: 0.0ms
[2021-04-11T19:35:27.620-0700][gc,phases     ] GC(57)   Evacuate Collection Set: 4.2ms
[2021-04-11T19:35:27.620-0700][gc,phases     ] GC(57)   Post Evacuate Collection Set: 0.5ms
[2021-04-11T19:35:27.620-0700][gc,phases     ] GC(57)   Other: 0.2ms
[2021-04-11T19:35:27.620-0700][gc,heap       ] GC(57) Eden regions: 609->0(609)
[2021-04-11T19:35:27.620-0700][gc,heap       ] GC(57) Survivor regions: 5->5(77)
[2021-04-11T19:35:27.620-0700][gc,heap       ] GC(57) Old regions: 25->25
[2021-04-11T19:35:27.620-0700][gc,heap       ] GC(57) Humongous regions: 129->129
[2021-04-11T19:35:27.620-0700][gc,metaspace  ] GC(57) Metaspace: 40495K->40495K(1085440K)
[2021-04-11T19:35:27.620-0700][gc            ] GC(57) Pause Young (Normal) (G1 Evacuation Pause) 765M->157M(1024M) 4.986ms
[2021-04-11T19:35:27.620-0700][gc,cpu        ] GC(57) User=0.03s Sys=0.00s Real=0.00s
[2021-04-11T19:35:32.721-0700][gc,start      ] GC(58) Pause Young (Normal) (G1 Evacuation Pause)
[2021-04-11T19:35:32.721-0700][gc,task       ] GC(58) Using 8 workers of 8 for evacuation
[2021-04-11T19:35:32.725-0700][gc,phases     ] GC(58)   Pre Evacuate Collection Set: 0.0ms
[2021-04-11T19:35:32.725-0700][gc,phases     ] GC(58)   Evacuate Collection Set: 3.3ms
[2021-04-11T19:35:32.725-0700][gc,phases     ] GC(58)   Post Evacuate Collection Set: 0.5ms
[2021-04-11T19:35:32.725-0700][gc,phases     ] GC(58)   Other: 0.2ms
[2021-04-11T19:35:32.725-0700][gc,heap       ] GC(58) Eden regions: 609->0(609)
[2021-04-11T19:35:32.725-0700][gc,heap       ] GC(58) Survivor regions: 5->5(77)
[2021-04-11T19:35:32.725-0700][gc,heap       ] GC(58) Old regions: 25->26
[2021-04-11T19:35:32.725-0700][gc,heap       ] GC(58) Humongous regions: 129->129
[2021-04-11T19:35:32.725-0700][gc,metaspace  ] GC(58) Metaspace: 40495K->40495K(1085440K)
[2021-04-11T19:35:32.725-0700][gc            ] GC(58) Pause Young (Normal) (G1 Evacuation Pause) 766M->157M(1024M) 4.096ms
[2021-04-11T19:35:32.725-0700][gc,cpu        ] GC(58) User=0.02s Sys=0.00s Real=0.01s
[2021-04-11T19:35:41.246-0700][gc,start      ] GC(59) Pause Young (Normal) (G1 Evacuation Pause)
[2021-04-11T19:35:41.246-0700][gc,task       ] GC(59) Using 8 workers of 8 for evacuation
[2021-04-11T19:35:41.255-0700][gc,phases     ] GC(59)   Pre Evacuate Collection Set: 0.0ms
[2021-04-11T19:35:41.255-0700][gc,phases     ] GC(59)   Evacuate Collection Set: 7.3ms
[2021-04-11T19:35:41.255-0700][gc,phases     ] GC(59)   Post Evacuate Collection Set: 1.0ms
[2021-04-11T19:35:41.255-0700][gc,phases     ] GC(59)   Other: 0.3ms
[2021-04-11T19:35:41.255-0700][gc,heap       ] GC(59) Eden regions: 609->0(609)
[2021-04-11T19:35:41.255-0700][gc,heap       ] GC(59) Survivor regions: 5->5(77)
[2021-04-11T19:35:41.255-0700][gc,heap       ] GC(59) Old regions: 26->26
[2021-04-11T19:35:41.255-0700][gc,heap       ] GC(59) Humongous regions: 129->129
[2021-04-11T19:35:41.255-0700][gc,metaspace  ] GC(59) Metaspace: 40499K->40499K(1085440K)
[2021-04-11T19:35:41.255-0700][gc            ] GC(59) Pause Young (Normal) (G1 Evacuation Pause) 766M->157M(1024M) 8.885ms
[2021-04-11T19:35:41.255-0700][gc,cpu        ] GC(59) User=0.05s Sys=0.00s Real=0.01s
[2021-04-11T19:35:46.944-0700][gc,start      ] GC(60) Pause Young (Normal) (G1 Evacuation Pause)
[2021-04-11T19:35:46.944-0700][gc,task       ] GC(60) Using 8 workers of 8 for evacuation
[2021-04-11T19:35:46.947-0700][gc,phases     ] GC(60)   Pre Evacuate Collection Set: 0.0ms
[2021-04-11T19:35:46.947-0700][gc,phases     ] GC(60)   Evacuate Collection Set: 3.2ms
[2021-04-11T19:35:46.947-0700][gc,phases     ] GC(60)   Post Evacuate Collection Set: 0.4ms
[2021-04-11T19:35:46.947-0700][gc,phases     ] GC(60)   Other: 0.2ms
[2021-04-11T19:35:46.947-0700][gc,heap       ] GC(60) Eden regions: 609->0(609)
[2021-04-11T19:35:46.948-0700][gc,heap       ] GC(60) Survivor regions: 5->5(77)
[2021-04-11T19:35:46.948-0700][gc,heap       ] GC(60) Old regions: 26->26
[2021-04-11T19:35:46.948-0700][gc,heap       ] GC(60) Humongous regions: 129->129
[2021-04-11T19:35:46.948-0700][gc,metaspace  ] GC(60) Metaspace: 40501K->40501K(1085440K)
[2021-04-11T19:35:46.948-0700][gc            ] GC(60) Pause Young (Normal) (G1 Evacuation Pause) 766M->158M(1024M) 3.927ms
[2021-04-11T19:35:46.948-0700][gc,cpu        ] GC(60) User=0.03s Sys=0.00s Real=0.00s
[2021-04-11T19:35:57.016-0700][gc,start      ] GC(61) Pause Young (Normal) (G1 Evacuation Pause)
[2021-04-11T19:35:57.016-0700][gc,task       ] GC(61) Using 8 workers of 8 for evacuation
[2021-04-11T19:35:57.023-0700][gc,phases     ] GC(61)   Pre Evacuate Collection Set: 0.0ms
[2021-04-11T19:35:57.023-0700][gc,phases     ] GC(61)   Evacuate Collection Set: 6.1ms
[2021-04-11T19:35:57.023-0700][gc,phases     ] GC(61)   Post Evacuate Collection Set: 0.5ms
[2021-04-11T19:35:57.023-0700][gc,phases     ] GC(61)   Other: 0.3ms
[2021-04-11T19:35:57.023-0700][gc,heap       ] GC(61) Eden regions: 609->0(609)
[2021-04-11T19:35:57.023-0700][gc,heap       ] GC(61) Survivor regions: 5->5(77)
[2021-04-11T19:35:57.023-0700][gc,heap       ] GC(61) Old regions: 26->26
[2021-04-11T19:35:57.023-0700][gc,heap       ] GC(61) Humongous regions: 129->129
[2021-04-11T19:35:57.023-0700][gc,metaspace  ] GC(61) Metaspace: 40503K->40503K(1085440K)
[2021-04-11T19:35:57.023-0700][gc            ] GC(61) Pause Young (Normal) (G1 Evacuation Pause) 767M->158M(1024M) 6.971ms
[2021-04-11T19:35:57.023-0700][gc,cpu        ] GC(61) User=0.03s Sys=0.00s Real=0.01s
[2021-04-11T19:36:07.780-0700][gc,start      ] GC(62) Pause Young (Normal) (G1 Evacuation Pause)
[2021-04-11T19:36:07.780-0700][gc,task       ] GC(62) Using 8 workers of 8 for evacuation
[2021-04-11T19:36:07.789-0700][gc,phases     ] GC(62)   Pre Evacuate Collection Set: 0.0ms
[2021-04-11T19:36:07.789-0700][gc,phases     ] GC(62)   Evacuate Collection Set: 7.6ms
[2021-04-11T19:36:07.789-0700][gc,phases     ] GC(62)   Post Evacuate Collection Set: 0.6ms
[2021-04-11T19:36:07.789-0700][gc,phases     ] GC(62)   Other: 0.3ms
[2021-04-11T19:36:07.789-0700][gc,heap       ] GC(62) Eden regions: 609->0(609)
[2021-04-11T19:36:07.789-0700][gc,heap       ] GC(62) Survivor regions: 5->5(77)
[2021-04-11T19:36:07.789-0700][gc,heap       ] GC(62) Old regions: 26->27
[2021-04-11T19:36:07.789-0700][gc,heap       ] GC(62) Humongous regions: 129->129
[2021-04-11T19:36:07.789-0700][gc,metaspace  ] GC(62) Metaspace: 40505K->40505K(1085440K)
[2021-04-11T19:36:07.789-0700][gc            ] GC(62) Pause Young (Normal) (G1 Evacuation Pause) 767M->158M(1024M) 8.642ms
[2021-04-11T19:36:07.789-0700][gc,cpu        ] GC(62) User=0.05s Sys=0.00s Real=0.01s
[2021-04-11T19:36:24.683-0700][gc,start      ] GC(63) Pause Young (Normal) (G1 Evacuation Pause)
[2021-04-11T19:36:24.683-0700][gc,task       ] GC(63) Using 8 workers of 8 for evacuation
[2021-04-11T19:36:24.694-0700][gc,phases     ] GC(63)   Pre Evacuate Collection Set: 0.0ms
[2021-04-11T19:36:24.694-0700][gc,phases     ] GC(63)   Evacuate Collection Set: 9.7ms
[2021-04-11T19:36:24.694-0700][gc,phases     ] GC(63)   Post Evacuate Collection Set: 1.1ms
[2021-04-11T19:36:24.694-0700][gc,phases     ] GC(63)   Other: 0.4ms
[2021-04-11T19:36:24.694-0700][gc,heap       ] GC(63) Eden regions: 609->0(609)
[2021-04-11T19:36:24.694-0700][gc,heap       ] GC(63) Survivor regions: 5->5(77)
[2021-04-11T19:36:24.694-0700][gc,heap       ] GC(63) Old regions: 27->27
[2021-04-11T19:36:24.694-0700][gc,heap       ] GC(63) Humongous regions: 129->129
[2021-04-11T19:36:24.694-0700][gc,metaspace  ] GC(63) Metaspace: 40515K->40515K(1085440K)
[2021-04-11T19:36:24.694-0700][gc            ] GC(63) Pause Young (Normal) (G1 Evacuation Pause) 767M->158M(1024M) 11.404ms
[2021-04-11T19:36:24.694-0700][gc,cpu        ] GC(63) User=0.06s Sys=0.01s Real=0.00s
[2021-04-11T19:36:36.178-0700][gc,start      ] GC(64) Pause Young (Normal) (G1 Evacuation Pause)
[2021-04-11T19:36:36.178-0700][gc,task       ] GC(64) Using 8 workers of 8 for evacuation
[2021-04-11T19:36:36.199-0700][gc,mmu        ] GC(64) MMU target violated: 20.7ms (20.0ms/21.0ms)
[2021-04-11T19:36:36.199-0700][gc,phases     ] GC(64)   Pre Evacuate Collection Set: 0.0ms
[2021-04-11T19:36:36.199-0700][gc,phases     ] GC(64)   Evacuate Collection Set: 19.7ms
[2021-04-11T19:36:36.199-0700][gc,phases     ] GC(64)   Post Evacuate Collection Set: 0.8ms
[2021-04-11T19:36:36.199-0700][gc,phases     ] GC(64)   Other: 0.4ms
[2021-04-11T19:36:36.199-0700][gc,heap       ] GC(64) Eden regions: 609->0(609)
[2021-04-11T19:36:36.199-0700][gc,heap       ] GC(64) Survivor regions: 5->5(77)
[2021-04-11T19:36:36.199-0700][gc,heap       ] GC(64) Old regions: 27->27
[2021-04-11T19:36:36.199-0700][gc,heap       ] GC(64) Humongous regions: 129->129
[2021-04-11T19:36:36.199-0700][gc,metaspace  ] GC(64) Metaspace: 40520K->40520K(1085440K)
[2021-04-11T19:36:36.199-0700][gc            ] GC(64) Pause Young (Normal) (G1 Evacuation Pause) 767M->158M(1024M) 21.051ms
[2021-04-11T19:36:36.199-0700][gc,cpu        ] GC(64) User=0.06s Sys=0.00s Real=0.02s
[2021-04-11T19:36:46.482-0700][gc,start      ] GC(65) Pause Young (Normal) (G1 Evacuation Pause)
[2021-04-11T19:36:46.482-0700][gc,task       ] GC(65) Using 8 workers of 8 for evacuation
[2021-04-11T19:36:46.487-0700][gc,phases     ] GC(65)   Pre Evacuate Collection Set: 0.0ms
[2021-04-11T19:36:46.487-0700][gc,phases     ] GC(65)   Evacuate Collection Set: 3.9ms
[2021-04-11T19:36:46.487-0700][gc,phases     ] GC(65)   Post Evacuate Collection Set: 0.6ms
[2021-04-11T19:36:46.487-0700][gc,phases     ] GC(65)   Other: 0.2ms
[2021-04-11T19:36:46.487-0700][gc,heap       ] GC(65) Eden regions: 609->0(609)
[2021-04-11T19:36:46.487-0700][gc,heap       ] GC(65) Survivor regions: 5->5(77)
[2021-04-11T19:36:46.487-0700][gc,heap       ] GC(65) Old regions: 27->28
[2021-04-11T19:36:46.487-0700][gc,heap       ] GC(65) Humongous regions: 129->129
[2021-04-11T19:36:46.487-0700][gc,metaspace  ] GC(65) Metaspace: 40521K->40521K(1085440K)
[2021-04-11T19:36:46.487-0700][gc            ] GC(65) Pause Young (Normal) (G1 Evacuation Pause) 767M->159M(1024M) 4.883ms
[2021-04-11T19:36:46.487-0700][gc,cpu        ] GC(65) User=0.03s Sys=0.00s Real=0.01s
[2021-04-11T19:36:55.645-0700][gc,start      ] GC(66) Pause Young (Normal) (G1 Evacuation Pause)
[2021-04-11T19:36:55.645-0700][gc,task       ] GC(66) Using 8 workers of 8 for evacuation
[2021-04-11T19:36:55.654-0700][gc,phases     ] GC(66)   Pre Evacuate Collection Set: 0.1ms
[2021-04-11T19:36:55.654-0700][gc,phases     ] GC(66)   Evacuate Collection Set: 7.8ms
[2021-04-11T19:36:55.654-0700][gc,phases     ] GC(66)   Post Evacuate Collection Set: 0.6ms
[2021-04-11T19:36:55.654-0700][gc,phases     ] GC(66)   Other: 0.3ms
[2021-04-11T19:36:55.654-0700][gc,heap       ] GC(66) Eden regions: 609->0(609)
[2021-04-11T19:36:55.654-0700][gc,heap       ] GC(66) Survivor regions: 5->5(77)
[2021-04-11T19:36:55.654-0700][gc,heap       ] GC(66) Old regions: 28->28
[2021-04-11T19:36:55.654-0700][gc,heap       ] GC(66) Humongous regions: 129->129
[2021-04-11T19:36:55.654-0700][gc,metaspace  ] GC(66) Metaspace: 40525K->40525K(1085440K)
[2021-04-11T19:36:55.654-0700][gc            ] GC(66) Pause Young (Normal) (G1 Evacuation Pause) 768M->159M(1024M) 8.875ms
[2021-04-11T19:36:55.654-0700][gc,cpu        ] GC(66) User=0.05s Sys=0.00s Real=0.00s
[2021-04-11T19:37:04.366-0700][gc,start      ] GC(67) Pause Young (Normal) (G1 Evacuation Pause)
[2021-04-11T19:37:04.366-0700][gc,task       ] GC(67) Using 8 workers of 8 for evacuation
[2021-04-11T19:37:04.374-0700][gc,phases     ] GC(67)   Pre Evacuate Collection Set: 0.0ms
[2021-04-11T19:37:04.374-0700][gc,phases     ] GC(67)   Evacuate Collection Set: 6.4ms
[2021-04-11T19:37:04.374-0700][gc,phases     ] GC(67)   Post Evacuate Collection Set: 0.7ms
[2021-04-11T19:37:04.374-0700][gc,phases     ] GC(67)   Other: 0.3ms
[2021-04-11T19:37:04.374-0700][gc,heap       ] GC(67) Eden regions: 609->0(610)
[2021-04-11T19:37:04.374-0700][gc,heap       ] GC(67) Survivor regions: 5->4(77)
[2021-04-11T19:37:04.374-0700][gc,heap       ] GC(67) Old regions: 28->28
[2021-04-11T19:37:04.374-0700][gc,heap       ] GC(67) Humongous regions: 129->129
[2021-04-11T19:37:04.374-0700][gc,metaspace  ] GC(67) Metaspace: 40526K->40526K(1085440K)
[2021-04-11T19:37:04.374-0700][gc            ] GC(67) Pause Young (Normal) (G1 Evacuation Pause) 768M->159M(1024M) 7.612ms
[2021-04-11T19:37:04.374-0700][gc,cpu        ] GC(67) User=0.05s Sys=0.00s Real=0.00s
[2021-04-11T19:37:12.315-0700][gc,start      ] GC(68) Pause Young (Normal) (G1 Evacuation Pause)
[2021-04-11T19:37:12.315-0700][gc,task       ] GC(68) Using 8 workers of 8 for evacuation
[2021-04-11T19:37:12.321-0700][gc,phases     ] GC(68)   Pre Evacuate Collection Set: 0.0ms
[2021-04-11T19:37:12.321-0700][gc,phases     ] GC(68)   Evacuate Collection Set: 4.8ms
[2021-04-11T19:37:12.321-0700][gc,phases     ] GC(68)   Post Evacuate Collection Set: 0.5ms
[2021-04-11T19:37:12.321-0700][gc,phases     ] GC(68)   Other: 0.2ms
[2021-04-11T19:37:12.321-0700][gc,heap       ] GC(68) Eden regions: 610->0(610)
[2021-04-11T19:37:12.321-0700][gc,heap       ] GC(68) Survivor regions: 4->4(77)
[2021-04-11T19:37:12.321-0700][gc,heap       ] GC(68) Old regions: 28->29
[2021-04-11T19:37:12.321-0700][gc,heap       ] GC(68) Humongous regions: 129->129
[2021-04-11T19:37:12.321-0700][gc,metaspace  ] GC(68) Metaspace: 40528K->40528K(1085440K)
[2021-04-11T19:37:12.321-0700][gc            ] GC(68) Pause Young (Normal) (G1 Evacuation Pause) 769M->159M(1024M) 5.541ms
[2021-04-11T19:37:12.321-0700][gc,cpu        ] GC(68) User=0.03s Sys=0.00s Real=0.00s
[2021-04-11T19:37:18.409-0700][gc,start      ] GC(69) Pause Young (Normal) (G1 Evacuation Pause)
[2021-04-11T19:37:18.409-0700][gc,task       ] GC(69) Using 8 workers of 8 for evacuation
[2021-04-11T19:37:18.413-0700][gc,phases     ] GC(69)   Pre Evacuate Collection Set: 0.0ms
[2021-04-11T19:37:18.413-0700][gc,phases     ] GC(69)   Evacuate Collection Set: 3.6ms
[2021-04-11T19:37:18.413-0700][gc,phases     ] GC(69)   Post Evacuate Collection Set: 0.5ms
[2021-04-11T19:37:18.413-0700][gc,phases     ] GC(69)   Other: 0.3ms
[2021-04-11T19:37:18.413-0700][gc,heap       ] GC(69) Eden regions: 610->0(610)
[2021-04-11T19:37:18.413-0700][gc,heap       ] GC(69) Survivor regions: 4->4(77)
[2021-04-11T19:37:18.413-0700][gc,heap       ] GC(69) Old regions: 29->29
[2021-04-11T19:37:18.413-0700][gc,heap       ] GC(69) Humongous regions: 129->129
[2021-04-11T19:37:18.413-0700][gc,metaspace  ] GC(69) Metaspace: 40536K->40536K(1085440K)
[2021-04-11T19:37:18.413-0700][gc            ] GC(69) Pause Young (Normal) (G1 Evacuation Pause) 769M->160M(1024M) 4.546ms
[2021-04-11T19:37:18.413-0700][gc,cpu        ] GC(69) User=0.04s Sys=0.00s Real=0.00s
[2021-04-11T19:37:24.446-0700][gc,start      ] GC(70) Pause Young (Normal) (G1 Evacuation Pause)
[2021-04-11T19:37:24.446-0700][gc,task       ] GC(70) Using 8 workers of 8 for evacuation
[2021-04-11T19:37:24.451-0700][gc,phases     ] GC(70)   Pre Evacuate Collection Set: 0.0ms
[2021-04-11T19:37:24.451-0700][gc,phases     ] GC(70)   Evacuate Collection Set: 4.3ms
[2021-04-11T19:37:24.451-0700][gc,phases     ] GC(70)   Post Evacuate Collection Set: 0.5ms
[2021-04-11T19:37:24.451-0700][gc,phases     ] GC(70)   Other: 0.2ms
[2021-04-11T19:37:24.451-0700][gc,heap       ] GC(70) Eden regions: 610->0(610)
[2021-04-11T19:37:24.451-0700][gc,heap       ] GC(70) Survivor regions: 4->4(77)
[2021-04-11T19:37:24.451-0700][gc,heap       ] GC(70) Old regions: 29->29
[2021-04-11T19:37:24.451-0700][gc,heap       ] GC(70) Humongous regions: 129->129
[2021-04-11T19:37:24.451-0700][gc,metaspace  ] GC(70) Metaspace: 40540K->40540K(1085440K)
[2021-04-11T19:37:24.451-0700][gc            ] GC(70) Pause Young (Normal) (G1 Evacuation Pause) 770M->160M(1024M) 5.151ms
[2021-04-11T19:37:24.451-0700][gc,cpu        ] GC(70) User=0.03s Sys=0.00s Real=0.00s
[2021-04-11T19:37:30.401-0700][gc,start      ] GC(71) Pause Young (Normal) (G1 Evacuation Pause)
[2021-04-11T19:37:30.401-0700][gc,task       ] GC(71) Using 8 workers of 8 for evacuation
[2021-04-11T19:37:30.405-0700][gc,phases     ] GC(71)   Pre Evacuate Collection Set: 0.0ms
[2021-04-11T19:37:30.405-0700][gc,phases     ] GC(71)   Evacuate Collection Set: 3.8ms
[2021-04-11T19:37:30.405-0700][gc,phases     ] GC(71)   Post Evacuate Collection Set: 0.5ms
[2021-04-11T19:37:30.405-0700][gc,phases     ] GC(71)   Other: 0.2ms
[2021-04-11T19:37:30.405-0700][gc,heap       ] GC(71) Eden regions: 610->0(610)
[2021-04-11T19:37:30.405-0700][gc,heap       ] GC(71) Survivor regions: 4->4(77)
[2021-04-11T19:37:30.405-0700][gc,heap       ] GC(71) Old regions: 29->30
[2021-04-11T19:37:30.405-0700][gc,heap       ] GC(71) Humongous regions: 129->129
[2021-04-11T19:37:30.405-0700][gc,metaspace  ] GC(71) Metaspace: 40540K->40540K(1085440K)
[2021-04-11T19:37:30.405-0700][gc            ] GC(71) Pause Young (Normal) (G1 Evacuation Pause) 770M->160M(1024M) 4.629ms
[2021-04-11T19:37:30.405-0700][gc,cpu        ] GC(71) User=0.03s Sys=0.00s Real=0.01s
[2021-04-11T19:37:36.372-0700][gc,start      ] GC(72) Pause Young (Normal) (G1 Evacuation Pause)
[2021-04-11T19:37:36.372-0700][gc,task       ] GC(72) Using 8 workers of 8 for evacuation
[2021-04-11T19:37:36.377-0700][gc,phases     ] GC(72)   Pre Evacuate Collection Set: 0.0ms
[2021-04-11T19:37:36.377-0700][gc,phases     ] GC(72)   Evacuate Collection Set: 4.4ms
[2021-04-11T19:37:36.377-0700][gc,phases     ] GC(72)   Post Evacuate Collection Set: 0.5ms
[2021-04-11T19:37:36.377-0700][gc,phases     ] GC(72)   Other: 0.2ms
[2021-04-11T19:37:36.377-0700][gc,heap       ] GC(72) Eden regions: 610->0(610)
[2021-04-11T19:37:36.377-0700][gc,heap       ] GC(72) Survivor regions: 4->4(77)
[2021-04-11T19:37:36.377-0700][gc,heap       ] GC(72) Old regions: 30->30
[2021-04-11T19:37:36.377-0700][gc,heap       ] GC(72) Humongous regions: 129->129
[2021-04-11T19:37:36.377-0700][gc,metaspace  ] GC(72) Metaspace: 40542K->40542K(1085440K)
[2021-04-11T19:37:36.377-0700][gc            ] GC(72) Pause Young (Normal) (G1 Evacuation Pause) 770M->160M(1024M) 5.178ms
[2021-04-11T19:37:36.377-0700][gc,cpu        ] GC(72) User=0.03s Sys=0.00s Real=0.01s
[2021-04-11T19:37:42.430-0700][gc,start      ] GC(73) Pause Young (Normal) (G1 Evacuation Pause)
[2021-04-11T19:37:42.430-0700][gc,task       ] GC(73) Using 8 workers of 8 for evacuation
[2021-04-11T19:37:42.435-0700][gc,phases     ] GC(73)   Pre Evacuate Collection Set: 0.0ms
[2021-04-11T19:37:42.435-0700][gc,phases     ] GC(73)   Evacuate Collection Set: 4.2ms
[2021-04-11T19:37:42.435-0700][gc,phases     ] GC(73)   Post Evacuate Collection Set: 0.5ms
[2021-04-11T19:37:42.435-0700][gc,phases     ] GC(73)   Other: 0.2ms
[2021-04-11T19:37:42.435-0700][gc,heap       ] GC(73) Eden regions: 610->0(610)
[2021-04-11T19:37:42.435-0700][gc,heap       ] GC(73) Survivor regions: 4->4(77)
[2021-04-11T19:37:42.435-0700][gc,heap       ] GC(73) Old regions: 30->30
[2021-04-11T19:37:42.435-0700][gc,heap       ] GC(73) Humongous regions: 129->129
[2021-04-11T19:37:42.435-0700][gc,metaspace  ] GC(73) Metaspace: 40544K->40544K(1085440K)
[2021-04-11T19:37:42.435-0700][gc            ] GC(73) Pause Young (Normal) (G1 Evacuation Pause) 770M->161M(1024M) 5.023ms
[2021-04-11T19:37:42.435-0700][gc,cpu        ] GC(73) User=0.04s Sys=0.00s Real=0.01s
[2021-04-11T19:37:48.442-0700][gc,start      ] GC(74) Pause Young (Normal) (G1 Evacuation Pause)
[2021-04-11T19:37:48.442-0700][gc,task       ] GC(74) Using 8 workers of 8 for evacuation
[2021-04-11T19:37:48.446-0700][gc,phases     ] GC(74)   Pre Evacuate Collection Set: 0.0ms
[2021-04-11T19:37:48.446-0700][gc,phases     ] GC(74)   Evacuate Collection Set: 3.3ms
[2021-04-11T19:37:48.446-0700][gc,phases     ] GC(74)   Post Evacuate Collection Set: 0.5ms
[2021-04-11T19:37:48.446-0700][gc,phases     ] GC(74)   Other: 0.2ms
[2021-04-11T19:37:48.446-0700][gc,heap       ] GC(74) Eden regions: 610->0(610)
[2021-04-11T19:37:48.446-0700][gc,heap       ] GC(74) Survivor regions: 4->4(77)
[2021-04-11T19:37:48.446-0700][gc,heap       ] GC(74) Old regions: 30->31
[2021-04-11T19:37:48.446-0700][gc,heap       ] GC(74) Humongous regions: 129->129
[2021-04-11T19:37:48.446-0700][gc,metaspace  ] GC(74) Metaspace: 40547K->40547K(1085440K)
[2021-04-11T19:37:48.446-0700][gc            ] GC(74) Pause Young (Normal) (G1 Evacuation Pause) 771M->161M(1024M) 4.178ms
[2021-04-11T19:37:48.446-0700][gc,cpu        ] GC(74) User=0.03s Sys=0.00s Real=0.01s
[2021-04-11T19:37:54.475-0700][gc,start      ] GC(75) Pause Young (Normal) (G1 Evacuation Pause)
[2021-04-11T19:37:54.475-0700][gc,task       ] GC(75) Using 8 workers of 8 for evacuation
[2021-04-11T19:37:54.479-0700][gc,phases     ] GC(75)   Pre Evacuate Collection Set: 0.0ms
[2021-04-11T19:37:54.479-0700][gc,phases     ] GC(75)   Evacuate Collection Set: 3.5ms
[2021-04-11T19:37:54.479-0700][gc,phases     ] GC(75)   Post Evacuate Collection Set: 0.5ms
[2021-04-11T19:37:54.479-0700][gc,phases     ] GC(75)   Other: 0.2ms
[2021-04-11T19:37:54.479-0700][gc,heap       ] GC(75) Eden regions: 610->0(610)
[2021-04-11T19:37:54.479-0700][gc,heap       ] GC(75) Survivor regions: 4->4(77)
[2021-04-11T19:37:54.479-0700][gc,heap       ] GC(75) Old regions: 31->31
[2021-04-11T19:37:54.479-0700][gc,heap       ] GC(75) Humongous regions: 129->129
[2021-04-11T19:37:54.479-0700][gc,metaspace  ] GC(75) Metaspace: 40549K->40549K(1085440K)
[2021-04-11T19:37:54.479-0700][gc            ] GC(75) Pause Young (Normal) (G1 Evacuation Pause) 771M->161M(1024M) 4.226ms
[2021-04-11T19:37:54.479-0700][gc,cpu        ] GC(75) User=0.03s Sys=0.00s Real=0.00s
[2021-04-11T19:38:00.448-0700][gc,start      ] GC(76) Pause Young (Normal) (G1 Evacuation Pause)
[2021-04-11T19:38:00.448-0700][gc,task       ] GC(76) Using 8 workers of 8 for evacuation
[2021-04-11T19:38:00.453-0700][gc,phases     ] GC(76)   Pre Evacuate Collection Set: 0.0ms
[2021-04-11T19:38:00.453-0700][gc,phases     ] GC(76)   Evacuate Collection Set: 4.6ms
[2021-04-11T19:38:00.453-0700][gc,phases     ] GC(76)   Post Evacuate Collection Set: 0.6ms
[2021-04-11T19:38:00.453-0700][gc,phases     ] GC(76)   Other: 0.3ms
[2021-04-11T19:38:00.453-0700][gc,heap       ] GC(76) Eden regions: 610->0(610)
[2021-04-11T19:38:00.453-0700][gc,heap       ] GC(76) Survivor regions: 4->4(77)
[2021-04-11T19:38:00.453-0700][gc,heap       ] GC(76) Old regions: 31->31
[2021-04-11T19:38:00.453-0700][gc,heap       ] GC(76) Humongous regions: 129->129
[2021-04-11T19:38:00.453-0700][gc,metaspace  ] GC(76) Metaspace: 40550K->40550K(1085440K)
[2021-04-11T19:38:00.453-0700][gc            ] GC(76) Pause Young (Normal) (G1 Evacuation Pause) 771M->161M(1024M) 5.573ms
[2021-04-11T19:38:00.453-0700][gc,cpu        ] GC(76) User=0.03s Sys=0.00s Real=0.00s
[2021-04-11T19:38:06.356-0700][gc,start      ] GC(77) Pause Young (Normal) (G1 Evacuation Pause)
[2021-04-11T19:38:06.356-0700][gc,task       ] GC(77) Using 8 workers of 8 for evacuation
[2021-04-11T19:38:06.360-0700][gc,phases     ] GC(77)   Pre Evacuate Collection Set: 0.0ms
[2021-04-11T19:38:06.360-0700][gc,phases     ] GC(77)   Evacuate Collection Set: 3.6ms
[2021-04-11T19:38:06.360-0700][gc,phases     ] GC(77)   Post Evacuate Collection Set: 0.4ms
[2021-04-11T19:38:06.360-0700][gc,phases     ] GC(77)   Other: 0.2ms
[2021-04-11T19:38:06.360-0700][gc,heap       ] GC(77) Eden regions: 610->0(610)
[2021-04-11T19:38:06.360-0700][gc,heap       ] GC(77) Survivor regions: 4->4(77)
[2021-04-11T19:38:06.360-0700][gc,heap       ] GC(77) Old regions: 31->31
[2021-04-11T19:38:06.360-0700][gc,heap       ] GC(77) Humongous regions: 129->129
[2021-04-11T19:38:06.360-0700][gc,metaspace  ] GC(77) Metaspace: 40551K->40551K(1085440K)
[2021-04-11T19:38:06.360-0700][gc            ] GC(77) Pause Young (Normal) (G1 Evacuation Pause) 771M->161M(1024M) 4.416ms
[2021-04-11T19:38:06.360-0700][gc,cpu        ] GC(77) User=0.03s Sys=0.00s Real=0.00s
[2021-04-11T19:38:11.135-0700][gc,start      ] GC(78) Pause Young (Normal) (G1 Evacuation Pause)
[2021-04-11T19:38:11.135-0700][gc,task       ] GC(78) Using 8 workers of 8 for evacuation
[2021-04-11T19:38:11.140-0700][gc,phases     ] GC(78)   Pre Evacuate Collection Set: 0.0ms
[2021-04-11T19:38:11.140-0700][gc,phases     ] GC(78)   Evacuate Collection Set: 3.6ms
[2021-04-11T19:38:11.140-0700][gc,phases     ] GC(78)   Post Evacuate Collection Set: 0.5ms
[2021-04-11T19:38:11.140-0700][gc,phases     ] GC(78)   Other: 0.2ms
[2021-04-11T19:38:11.140-0700][gc,heap       ] GC(78) Eden regions: 610->0(610)
[2021-04-11T19:38:11.140-0700][gc,heap       ] GC(78) Survivor regions: 4->4(77)
[2021-04-11T19:38:11.140-0700][gc,heap       ] GC(78) Old regions: 31->31
[2021-04-11T19:38:11.140-0700][gc,heap       ] GC(78) Humongous regions: 129->129
[2021-04-11T19:38:11.140-0700][gc,metaspace  ] GC(78) Metaspace: 40551K->40551K(1085440K)
[2021-04-11T19:38:11.140-0700][gc            ] GC(78) Pause Young (Normal) (G1 Evacuation Pause) 771M->162M(1024M) 4.343ms
[2021-04-11T19:38:11.140-0700][gc,cpu        ] GC(78) User=0.03s Sys=0.00s Real=0.00s
[2021-04-11T19:38:16.026-0700][gc,start      ] GC(79) Pause Young (Normal) (G1 Evacuation Pause)
[2021-04-11T19:38:16.026-0700][gc,task       ] GC(79) Using 8 workers of 8 for evacuation
[2021-04-11T19:38:16.030-0700][gc,phases     ] GC(79)   Pre Evacuate Collection Set: 0.0ms
[2021-04-11T19:38:16.030-0700][gc,phases     ] GC(79)   Evacuate Collection Set: 3.6ms
[2021-04-11T19:38:16.030-0700][gc,phases     ] GC(79)   Post Evacuate Collection Set: 0.5ms
[2021-04-11T19:38:16.030-0700][gc,phases     ] GC(79)   Other: 0.2ms
[2021-04-11T19:38:16.030-0700][gc,heap       ] GC(79) Eden regions: 610->0(610)
[2021-04-11T19:38:16.030-0700][gc,heap       ] GC(79) Survivor regions: 4->4(77)
[2021-04-11T19:38:16.030-0700][gc,heap       ] GC(79) Old regions: 31->32
[2021-04-11T19:38:16.030-0700][gc,heap       ] GC(79) Humongous regions: 129->129
[2021-04-11T19:38:16.030-0700][gc,metaspace  ] GC(79) Metaspace: 40554K->40554K(1085440K)
[2021-04-11T19:38:16.030-0700][gc            ] GC(79) Pause Young (Normal) (G1 Evacuation Pause) 772M->162M(1024M) 4.322ms
[2021-04-11T19:38:16.030-0700][gc,cpu        ] GC(79) User=0.03s Sys=0.00s Real=0.00s
[2021-04-11T19:38:20.858-0700][gc,start      ] GC(80) Pause Young (Normal) (G1 Evacuation Pause)
[2021-04-11T19:38:20.858-0700][gc,task       ] GC(80) Using 8 workers of 8 for evacuation
[2021-04-11T19:38:20.861-0700][gc,phases     ] GC(80)   Pre Evacuate Collection Set: 0.0ms
[2021-04-11T19:38:20.861-0700][gc,phases     ] GC(80)   Evacuate Collection Set: 2.7ms
[2021-04-11T19:38:20.861-0700][gc,phases     ] GC(80)   Post Evacuate Collection Set: 0.4ms
[2021-04-11T19:38:20.861-0700][gc,phases     ] GC(80)   Other: 0.2ms
[2021-04-11T19:38:20.861-0700][gc,heap       ] GC(80) Eden regions: 610->0(610)
[2021-04-11T19:38:20.861-0700][gc,heap       ] GC(80) Survivor regions: 4->4(77)
[2021-04-11T19:38:20.861-0700][gc,heap       ] GC(80) Old regions: 32->32
[2021-04-11T19:38:20.861-0700][gc,heap       ] GC(80) Humongous regions: 129->129
[2021-04-11T19:38:20.861-0700][gc,metaspace  ] GC(80) Metaspace: 40555K->40555K(1085440K)
[2021-04-11T19:38:20.861-0700][gc            ] GC(80) Pause Young (Normal) (G1 Evacuation Pause) 772M->162M(1024M) 3.470ms
[2021-04-11T19:38:20.861-0700][gc,cpu        ] GC(80) User=0.02s Sys=0.00s Real=0.00s
[2021-04-11T19:38:25.728-0700][gc,start      ] GC(81) Pause Young (Normal) (G1 Evacuation Pause)
[2021-04-11T19:38:25.728-0700][gc,task       ] GC(81) Using 8 workers of 8 for evacuation
[2021-04-11T19:38:25.732-0700][gc,phases     ] GC(81)   Pre Evacuate Collection Set: 0.0ms
[2021-04-11T19:38:25.732-0700][gc,phases     ] GC(81)   Evacuate Collection Set: 3.4ms
[2021-04-11T19:38:25.732-0700][gc,phases     ] GC(81)   Post Evacuate Collection Set: 0.5ms
[2021-04-11T19:38:25.732-0700][gc,phases     ] GC(81)   Other: 0.2ms
[2021-04-11T19:38:25.732-0700][gc,heap       ] GC(81) Eden regions: 610->0(611)
[2021-04-11T19:38:25.732-0700][gc,heap       ] GC(81) Survivor regions: 4->3(77)
[2021-04-11T19:38:25.732-0700][gc,heap       ] GC(81) Old regions: 32->32
[2021-04-11T19:38:25.732-0700][gc,heap       ] GC(81) Humongous regions: 129->129
[2021-04-11T19:38:25.732-0700][gc,metaspace  ] GC(81) Metaspace: 40555K->40555K(1085440K)
[2021-04-11T19:38:25.732-0700][gc            ] GC(81) Pause Young (Normal) (G1 Evacuation Pause) 772M->162M(1024M) 4.164ms
[2021-04-11T19:38:25.732-0700][gc,cpu        ] GC(81) User=0.02s Sys=0.00s Real=0.00s
[2021-04-11T19:38:31.827-0700][gc,start      ] GC(82) Pause Young (Normal) (G1 Evacuation Pause)
[2021-04-11T19:38:31.827-0700][gc,task       ] GC(82) Using 8 workers of 8 for evacuation
[2021-04-11T19:38:31.831-0700][gc,phases     ] GC(82)   Pre Evacuate Collection Set: 0.0ms
[2021-04-11T19:38:31.831-0700][gc,phases     ] GC(82)   Evacuate Collection Set: 3.5ms
[2021-04-11T19:38:31.831-0700][gc,phases     ] GC(82)   Post Evacuate Collection Set: 0.5ms
[2021-04-11T19:38:31.832-0700][gc,phases     ] GC(82)   Other: 0.2ms
[2021-04-11T19:38:31.832-0700][gc,heap       ] GC(82) Eden regions: 611->0(611)
[2021-04-11T19:38:31.832-0700][gc,heap       ] GC(82) Survivor regions: 3->3(77)
[2021-04-11T19:38:31.832-0700][gc,heap       ] GC(82) Old regions: 32->33
[2021-04-11T19:38:31.832-0700][gc,heap       ] GC(82) Humongous regions: 129->129
[2021-04-11T19:38:31.832-0700][gc,metaspace  ] GC(82) Metaspace: 40556K->40556K(1085440K)
[2021-04-11T19:38:31.832-0700][gc            ] GC(82) Pause Young (Normal) (G1 Evacuation Pause) 773M->162M(1024M) 4.207ms
[2021-04-11T19:38:31.832-0700][gc,cpu        ] GC(82) User=0.02s Sys=0.00s Real=0.00s
[2021-04-11T19:38:36.694-0700][gc,start      ] GC(83) Pause Young (Normal) (G1 Evacuation Pause)
[2021-04-11T19:38:36.694-0700][gc,task       ] GC(83) Using 8 workers of 8 for evacuation
[2021-04-11T19:38:36.698-0700][gc,phases     ] GC(83)   Pre Evacuate Collection Set: 0.0ms
[2021-04-11T19:38:36.698-0700][gc,phases     ] GC(83)   Evacuate Collection Set: 2.6ms
[2021-04-11T19:38:36.698-0700][gc,phases     ] GC(83)   Post Evacuate Collection Set: 0.4ms
[2021-04-11T19:38:36.698-0700][gc,phases     ] GC(83)   Other: 0.2ms
[2021-04-11T19:38:36.698-0700][gc,heap       ] GC(83) Eden regions: 611->0(611)
[2021-04-11T19:38:36.698-0700][gc,heap       ] GC(83) Survivor regions: 3->3(77)
[2021-04-11T19:38:36.698-0700][gc,heap       ] GC(83) Old regions: 33->33
[2021-04-11T19:38:36.698-0700][gc,heap       ] GC(83) Humongous regions: 129->129
[2021-04-11T19:38:36.698-0700][gc,metaspace  ] GC(83) Metaspace: 40556K->40556K(1085440K)
[2021-04-11T19:38:36.698-0700][gc            ] GC(83) Pause Young (Normal) (G1 Evacuation Pause) 773M->162M(1024M) 3.337ms
[2021-04-11T19:38:36.698-0700][gc,cpu        ] GC(83) User=0.02s Sys=0.00s Real=0.00s
[2021-04-11T19:38:43.762-0700][gc,start      ] GC(84) Pause Young (Normal) (G1 Evacuation Pause)
[2021-04-11T19:38:43.762-0700][gc,task       ] GC(84) Using 8 workers of 8 for evacuation
[2021-04-11T19:38:43.769-0700][gc,phases     ] GC(84)   Pre Evacuate Collection Set: 0.0ms
[2021-04-11T19:38:43.769-0700][gc,phases     ] GC(84)   Evacuate Collection Set: 5.5ms
[2021-04-11T19:38:43.769-0700][gc,phases     ] GC(84)   Post Evacuate Collection Set: 0.5ms
[2021-04-11T19:38:43.769-0700][gc,phases     ] GC(84)   Other: 0.3ms
[2021-04-11T19:38:43.769-0700][gc,heap       ] GC(84) Eden regions: 611->0(611)
[2021-04-11T19:38:43.769-0700][gc,heap       ] GC(84) Survivor regions: 3->3(77)
[2021-04-11T19:38:43.769-0700][gc,heap       ] GC(84) Old regions: 33->33
[2021-04-11T19:38:43.769-0700][gc,heap       ] GC(84) Humongous regions: 129->129
[2021-04-11T19:38:43.769-0700][gc,metaspace  ] GC(84) Metaspace: 40559K->40559K(1085440K)
[2021-04-11T19:38:43.769-0700][gc            ] GC(84) Pause Young (Normal) (G1 Evacuation Pause) 773M->162M(1024M) 6.390ms
[2021-04-11T19:38:43.769-0700][gc,cpu        ] GC(84) User=0.04s Sys=0.00s Real=0.00s
[2021-04-11T19:38:51.194-0700][gc,start      ] GC(85) Pause Young (Normal) (G1 Evacuation Pause)
[2021-04-11T19:38:51.194-0700][gc,task       ] GC(85) Using 8 workers of 8 for evacuation
[2021-04-11T19:38:51.197-0700][gc,phases     ] GC(85)   Pre Evacuate Collection Set: 0.0ms
[2021-04-11T19:38:51.197-0700][gc,phases     ] GC(85)   Evacuate Collection Set: 2.5ms
[2021-04-11T19:38:51.197-0700][gc,phases     ] GC(85)   Post Evacuate Collection Set: 0.4ms
[2021-04-11T19:38:51.197-0700][gc,phases     ] GC(85)   Other: 0.2ms
[2021-04-11T19:38:51.197-0700][gc,heap       ] GC(85) Eden regions: 611->0(611)
[2021-04-11T19:38:51.197-0700][gc,heap       ] GC(85) Survivor regions: 3->3(77)
[2021-04-11T19:38:51.197-0700][gc,heap       ] GC(85) Old regions: 33->33
[2021-04-11T19:38:51.197-0700][gc,heap       ] GC(85) Humongous regions: 129->129
[2021-04-11T19:38:51.197-0700][gc,metaspace  ] GC(85) Metaspace: 40560K->40560K(1085440K)
[2021-04-11T19:38:51.197-0700][gc            ] GC(85) Pause Young (Normal) (G1 Evacuation Pause) 773M->163M(1024M) 3.233ms
[2021-04-11T19:38:51.197-0700][gc,cpu        ] GC(85) User=0.02s Sys=0.00s Real=0.01s
[2021-04-11T19:38:57.301-0700][gc,start      ] GC(86) Pause Young (Normal) (G1 Evacuation Pause)
[2021-04-11T19:38:57.301-0700][gc,task       ] GC(86) Using 8 workers of 8 for evacuation
[2021-04-11T19:38:57.315-0700][gc,phases     ] GC(86)   Pre Evacuate Collection Set: 0.0ms
[2021-04-11T19:38:57.315-0700][gc,phases     ] GC(86)   Evacuate Collection Set: 12.3ms
[2021-04-11T19:38:57.315-0700][gc,phases     ] GC(86)   Post Evacuate Collection Set: 1.4ms
[2021-04-11T19:38:57.315-0700][gc,phases     ] GC(86)   Other: 0.3ms
[2021-04-11T19:38:57.315-0700][gc,heap       ] GC(86) Eden regions: 611->0(611)
[2021-04-11T19:38:57.315-0700][gc,heap       ] GC(86) Survivor regions: 3->3(77)
[2021-04-11T19:38:57.315-0700][gc,heap       ] GC(86) Old regions: 33->33
[2021-04-11T19:38:57.315-0700][gc,heap       ] GC(86) Humongous regions: 129->129
[2021-04-11T19:38:57.315-0700][gc,metaspace  ] GC(86) Metaspace: 40561K->40561K(1085440K)
[2021-04-11T19:38:57.315-0700][gc            ] GC(86) Pause Young (Normal) (G1 Evacuation Pause) 774M->163M(1024M) 14.195ms
[2021-04-11T19:38:57.315-0700][gc,cpu        ] GC(86) User=0.04s Sys=0.00s Real=0.02s
[2021-04-11T19:39:08.799-0700][gc,start      ] GC(87) Pause Young (Normal) (G1 Evacuation Pause)
[2021-04-11T19:39:08.799-0700][gc,task       ] GC(87) Using 8 workers of 8 for evacuation
[2021-04-11T19:39:08.810-0700][gc,phases     ] GC(87)   Pre Evacuate Collection Set: 0.1ms
[2021-04-11T19:39:08.810-0700][gc,phases     ] GC(87)   Evacuate Collection Set: 7.9ms
[2021-04-11T19:39:08.810-0700][gc,phases     ] GC(87)   Post Evacuate Collection Set: 2.2ms
[2021-04-11T19:39:08.810-0700][gc,phases     ] GC(87)   Other: 0.9ms
[2021-04-11T19:39:08.810-0700][gc,heap       ] GC(87) Eden regions: 611->0(611)
[2021-04-11T19:39:08.810-0700][gc,heap       ] GC(87) Survivor regions: 3->3(77)
[2021-04-11T19:39:08.810-0700][gc,heap       ] GC(87) Old regions: 33->34
[2021-04-11T19:39:08.810-0700][gc,heap       ] GC(87) Humongous regions: 129->129
[2021-04-11T19:39:08.810-0700][gc,metaspace  ] GC(87) Metaspace: 40663K->40663K(1085440K)
[2021-04-11T19:39:08.810-0700][gc            ] GC(87) Pause Young (Normal) (G1 Evacuation Pause) 774M->163M(1024M) 11.384ms
[2021-04-11T19:39:08.811-0700][gc,cpu        ] GC(87) User=0.06s Sys=0.00s Real=0.01s
[2021-04-11T19:39:20.441-0700][gc,start      ] GC(88) Pause Young (Normal) (G1 Evacuation Pause)
[2021-04-11T19:39:20.441-0700][gc,task       ] GC(88) Using 8 workers of 8 for evacuation
[2021-04-11T19:39:20.444-0700][gc,phases     ] GC(88)   Pre Evacuate Collection Set: 0.0ms
[2021-04-11T19:39:20.444-0700][gc,phases     ] GC(88)   Evacuate Collection Set: 2.2ms
[2021-04-11T19:39:20.444-0700][gc,phases     ] GC(88)   Post Evacuate Collection Set: 0.4ms
[2021-04-11T19:39:20.444-0700][gc,phases     ] GC(88)   Other: 0.2ms
[2021-04-11T19:39:20.444-0700][gc,heap       ] GC(88) Eden regions: 611->0(611)
[2021-04-11T19:39:20.444-0700][gc,heap       ] GC(88) Survivor regions: 3->3(77)
[2021-04-11T19:39:20.444-0700][gc,heap       ] GC(88) Old regions: 34->34
[2021-04-11T19:39:20.444-0700][gc,heap       ] GC(88) Humongous regions: 129->129
[2021-04-11T19:39:20.444-0700][gc,metaspace  ] GC(88) Metaspace: 40729K->40729K(1087488K)
[2021-04-11T19:39:20.444-0700][gc            ] GC(88) Pause Young (Normal) (G1 Evacuation Pause) 774M->163M(1024M) 2.885ms
[2021-04-11T19:39:20.444-0700][gc,cpu        ] GC(88) User=0.01s Sys=0.00s Real=0.01s
[2021-04-11T19:39:35.343-0700][gc,start      ] GC(89) Pause Young (Normal) (G1 Evacuation Pause)
[2021-04-11T19:39:35.343-0700][gc,task       ] GC(89) Using 8 workers of 8 for evacuation
[2021-04-11T19:39:35.348-0700][gc,phases     ] GC(89)   Pre Evacuate Collection Set: 0.0ms
[2021-04-11T19:39:35.348-0700][gc,phases     ] GC(89)   Evacuate Collection Set: 4.2ms
[2021-04-11T19:39:35.348-0700][gc,phases     ] GC(89)   Post Evacuate Collection Set: 0.6ms
[2021-04-11T19:39:35.348-0700][gc,phases     ] GC(89)   Other: 0.2ms
[2021-04-11T19:39:35.348-0700][gc,heap       ] GC(89) Eden regions: 611->0(611)
[2021-04-11T19:39:35.348-0700][gc,heap       ] GC(89) Survivor regions: 3->3(77)
[2021-04-11T19:39:35.348-0700][gc,heap       ] GC(89) Old regions: 34->34
[2021-04-11T19:39:35.348-0700][gc,heap       ] GC(89) Humongous regions: 129->129
[2021-04-11T19:39:35.348-0700][gc,metaspace  ] GC(89) Metaspace: 40754K->40754K(1087488K)
[2021-04-11T19:39:35.348-0700][gc            ] GC(89) Pause Young (Normal) (G1 Evacuation Pause) 774M->164M(1024M) 5.079ms
[2021-04-11T19:39:35.348-0700][gc,cpu        ] GC(89) User=0.02s Sys=0.00s Real=0.00s
[2021-04-11T19:39:50.918-0700][gc,start      ] GC(90) Pause Young (Normal) (G1 Evacuation Pause)
[2021-04-11T19:39:50.918-0700][gc,task       ] GC(90) Using 8 workers of 8 for evacuation
[2021-04-11T19:39:50.922-0700][gc,phases     ] GC(90)   Pre Evacuate Collection Set: 0.0ms
[2021-04-11T19:39:50.922-0700][gc,phases     ] GC(90)   Evacuate Collection Set: 3.7ms
[2021-04-11T19:39:50.922-0700][gc,phases     ] GC(90)   Post Evacuate Collection Set: 0.5ms
[2021-04-11T19:39:50.922-0700][gc,phases     ] GC(90)   Other: 0.2ms
[2021-04-11T19:39:50.922-0700][gc,heap       ] GC(90) Eden regions: 611->0(610)
[2021-04-11T19:39:50.922-0700][gc,heap       ] GC(90) Survivor regions: 3->4(77)
[2021-04-11T19:39:50.922-0700][gc,heap       ] GC(90) Old regions: 34->34
[2021-04-11T19:39:50.922-0700][gc,heap       ] GC(90) Humongous regions: 129->129
[2021-04-11T19:39:50.922-0700][gc,metaspace  ] GC(90) Metaspace: 40765K->40765K(1087488K)
[2021-04-11T19:39:50.922-0700][gc            ] GC(90) Pause Young (Normal) (G1 Evacuation Pause) 775M->164M(1024M) 4.508ms
[2021-04-11T19:39:50.922-0700][gc,cpu        ] GC(90) User=0.02s Sys=0.00s Real=0.01s
[2021-04-11T19:40:00.395-0700][gc,start      ] GC(91) Pause Young (Normal) (G1 Evacuation Pause)
[2021-04-11T19:40:00.395-0700][gc,task       ] GC(91) Using 8 workers of 8 for evacuation
[2021-04-11T19:40:00.400-0700][gc,phases     ] GC(91)   Pre Evacuate Collection Set: 0.0ms
[2021-04-11T19:40:00.400-0700][gc,phases     ] GC(91)   Evacuate Collection Set: 4.2ms
[2021-04-11T19:40:00.400-0700][gc,phases     ] GC(91)   Post Evacuate Collection Set: 0.6ms
[2021-04-11T19:40:00.400-0700][gc,phases     ] GC(91)   Other: 0.2ms
[2021-04-11T19:40:00.400-0700][gc,heap       ] GC(91) Eden regions: 610->0(610)
[2021-04-11T19:40:00.400-0700][gc,heap       ] GC(91) Survivor regions: 4->4(77)
[2021-04-11T19:40:00.400-0700][gc,heap       ] GC(91) Old regions: 34->34
[2021-04-11T19:40:00.400-0700][gc,heap       ] GC(91) Humongous regions: 129->129
[2021-04-11T19:40:00.400-0700][gc,metaspace  ] GC(91) Metaspace: 40774K->40774K(1087488K)
[2021-04-11T19:40:00.400-0700][gc            ] GC(91) Pause Young (Normal) (G1 Evacuation Pause) 774M->164M(1024M) 5.165ms
[2021-04-11T19:40:00.400-0700][gc,cpu        ] GC(91) User=0.03s Sys=0.00s Real=0.00s
[2021-04-11T19:40:43.429-0700][gc,start      ] GC(92) Pause Young (Normal) (G1 Evacuation Pause)
[2021-04-11T19:40:43.429-0700][gc,task       ] GC(92) Using 8 workers of 8 for evacuation
[2021-04-11T19:40:43.433-0700][gc,phases     ] GC(92)   Pre Evacuate Collection Set: 0.0ms
[2021-04-11T19:40:43.433-0700][gc,phases     ] GC(92)   Evacuate Collection Set: 3.5ms
[2021-04-11T19:40:43.433-0700][gc,phases     ] GC(92)   Post Evacuate Collection Set: 0.5ms
[2021-04-11T19:40:43.433-0700][gc,phases     ] GC(92)   Other: 0.2ms
[2021-04-11T19:40:43.433-0700][gc,heap       ] GC(92) Eden regions: 610->0(611)
[2021-04-11T19:40:43.433-0700][gc,heap       ] GC(92) Survivor regions: 4->3(77)
[2021-04-11T19:40:43.433-0700][gc,heap       ] GC(92) Old regions: 34->35
[2021-04-11T19:40:43.433-0700][gc,heap       ] GC(92) Humongous regions: 129->129
[2021-04-11T19:40:43.433-0700][gc,metaspace  ] GC(92) Metaspace: 40817K->40817K(1087488K)
[2021-04-11T19:40:43.433-0700][gc            ] GC(92) Pause Young (Normal) (G1 Evacuation Pause) 774M->164M(1024M) 4.330ms
[2021-04-11T19:40:43.433-0700][gc,cpu        ] GC(92) User=0.03s Sys=0.00s Real=0.00s
[2021-04-11T19:41:01.056-0700][gc,start      ] GC(93) Pause Young (Normal) (G1 Evacuation Pause)
[2021-04-11T19:41:01.056-0700][gc,task       ] GC(93) Using 8 workers of 8 for evacuation
[2021-04-11T19:41:01.061-0700][gc,phases     ] GC(93)   Pre Evacuate Collection Set: 0.0ms
[2021-04-11T19:41:01.061-0700][gc,phases     ] GC(93)   Evacuate Collection Set: 3.6ms
[2021-04-11T19:41:01.061-0700][gc,phases     ] GC(93)   Post Evacuate Collection Set: 0.7ms
[2021-04-11T19:41:01.061-0700][gc,phases     ] GC(93)   Other: 0.2ms
[2021-04-11T19:41:01.061-0700][gc,heap       ] GC(93) Eden regions: 611->0(610)
[2021-04-11T19:41:01.061-0700][gc,heap       ] GC(93) Survivor regions: 3->4(77)
[2021-04-11T19:41:01.061-0700][gc,heap       ] GC(93) Old regions: 35->35
[2021-04-11T19:41:01.061-0700][gc,heap       ] GC(93) Humongous regions: 129->129
[2021-04-11T19:41:01.061-0700][gc,metaspace  ] GC(93) Metaspace: 40838K->40838K(1087488K)
[2021-04-11T19:41:01.061-0700][gc            ] GC(93) Pause Young (Normal) (G1 Evacuation Pause) 775M->165M(1024M) 4.702ms
[2021-04-11T19:41:01.061-0700][gc,cpu        ] GC(93) User=0.03s Sys=0.00s Real=0.00s
[2021-04-11T19:41:14.621-0700][gc,start      ] GC(94) Pause Young (Normal) (G1 Evacuation Pause)
[2021-04-11T19:41:14.621-0700][gc,task       ] GC(94) Using 8 workers of 8 for evacuation
[2021-04-11T19:41:14.624-0700][gc,phases     ] GC(94)   Pre Evacuate Collection Set: 0.0ms
[2021-04-11T19:41:14.624-0700][gc,phases     ] GC(94)   Evacuate Collection Set: 2.6ms
[2021-04-11T19:41:14.624-0700][gc,phases     ] GC(94)   Post Evacuate Collection Set: 0.5ms
[2021-04-11T19:41:14.624-0700][gc,phases     ] GC(94)   Other: 0.2ms
[2021-04-11T19:41:14.624-0700][gc,heap       ] GC(94) Eden regions: 610->0(610)
[2021-04-11T19:41:14.624-0700][gc,heap       ] GC(94) Survivor regions: 4->4(77)
[2021-04-11T19:41:14.624-0700][gc,heap       ] GC(94) Old regions: 35->35
[2021-04-11T19:41:14.624-0700][gc,heap       ] GC(94) Humongous regions: 129->129
[2021-04-11T19:41:14.624-0700][gc,metaspace  ] GC(94) Metaspace: 40843K->40843K(1087488K)
[2021-04-11T19:41:14.624-0700][gc            ] GC(94) Pause Young (Normal) (G1 Evacuation Pause) 775M->165M(1024M) 3.348ms
[2021-04-11T19:41:14.624-0700][gc,cpu        ] GC(94) User=0.03s Sys=0.00s Real=0.01s
[2021-04-11T19:41:26.289-0700][gc,start      ] GC(95) Pause Young (Normal) (G1 Evacuation Pause)
[2021-04-11T19:41:26.290-0700][gc,task       ] GC(95) Using 8 workers of 8 for evacuation
[2021-04-11T19:41:26.294-0700][gc,phases     ] GC(95)   Pre Evacuate Collection Set: 0.0ms
[2021-04-11T19:41:26.294-0700][gc,phases     ] GC(95)   Evacuate Collection Set: 3.6ms
[2021-04-11T19:41:26.294-0700][gc,phases     ] GC(95)   Post Evacuate Collection Set: 0.6ms
[2021-04-11T19:41:26.294-0700][gc,phases     ] GC(95)   Other: 0.2ms
[2021-04-11T19:41:26.294-0700][gc,heap       ] GC(95) Eden regions: 610->0(610)
[2021-04-11T19:41:26.294-0700][gc,heap       ] GC(95) Survivor regions: 4->4(77)
[2021-04-11T19:41:26.294-0700][gc,heap       ] GC(95) Old regions: 35->35
[2021-04-11T19:41:26.294-0700][gc,heap       ] GC(95) Humongous regions: 129->129
[2021-04-11T19:41:26.294-0700][gc,metaspace  ] GC(95) Metaspace: 40846K->40846K(1087488K)
[2021-04-11T19:41:26.294-0700][gc            ] GC(95) Pause Young (Normal) (G1 Evacuation Pause) 775M->166M(1024M) 4.478ms
[2021-04-11T19:41:26.294-0700][gc,cpu        ] GC(95) User=0.03s Sys=0.00s Real=0.00s
[2021-04-11T19:41:34.253-0700][gc,start      ] GC(96) Pause Young (Normal) (G1 Evacuation Pause)
[2021-04-11T19:41:34.253-0700][gc,task       ] GC(96) Using 8 workers of 8 for evacuation
[2021-04-11T19:41:34.256-0700][gc,phases     ] GC(96)   Pre Evacuate Collection Set: 0.0ms
[2021-04-11T19:41:34.256-0700][gc,phases     ] GC(96)   Evacuate Collection Set: 2.9ms
[2021-04-11T19:41:34.256-0700][gc,phases     ] GC(96)   Post Evacuate Collection Set: 0.6ms
[2021-04-11T19:41:34.256-0700][gc,phases     ] GC(96)   Other: 0.2ms
[2021-04-11T19:41:34.256-0700][gc,heap       ] GC(96) Eden regions: 610->0(609)
[2021-04-11T19:41:34.256-0700][gc,heap       ] GC(96) Survivor regions: 4->5(77)
[2021-04-11T19:41:34.256-0700][gc,heap       ] GC(96) Old regions: 35->35
[2021-04-11T19:41:34.256-0700][gc,heap       ] GC(96) Humongous regions: 129->129
[2021-04-11T19:41:34.256-0700][gc,metaspace  ] GC(96) Metaspace: 40846K->40846K(1087488K)
[2021-04-11T19:41:34.256-0700][gc            ] GC(96) Pause Young (Normal) (G1 Evacuation Pause) 776M->166M(1024M) 3.733ms
[2021-04-11T19:41:34.256-0700][gc,cpu        ] GC(96) User=0.02s Sys=0.00s Real=0.01s
[2021-04-11T19:41:45.497-0700][gc,start      ] GC(97) Pause Young (Normal) (G1 Evacuation Pause)
[2021-04-11T19:41:45.497-0700][gc,task       ] GC(97) Using 8 workers of 8 for evacuation
[2021-04-11T19:41:45.502-0700][gc,phases     ] GC(97)   Pre Evacuate Collection Set: 0.0ms
[2021-04-11T19:41:45.502-0700][gc,phases     ] GC(97)   Evacuate Collection Set: 4.6ms
[2021-04-11T19:41:45.502-0700][gc,phases     ] GC(97)   Post Evacuate Collection Set: 0.6ms
[2021-04-11T19:41:45.502-0700][gc,phases     ] GC(97)   Other: 0.2ms
[2021-04-11T19:41:45.502-0700][gc,heap       ] GC(97) Eden regions: 609->0(609)
[2021-04-11T19:41:45.502-0700][gc,heap       ] GC(97) Survivor regions: 5->5(77)
[2021-04-11T19:41:45.502-0700][gc,heap       ] GC(97) Old regions: 35->35
[2021-04-11T19:41:45.502-0700][gc,heap       ] GC(97) Humongous regions: 129->129
[2021-04-11T19:41:45.502-0700][gc,metaspace  ] GC(97) Metaspace: 40846K->40846K(1087488K)
[2021-04-11T19:41:45.502-0700][gc            ] GC(97) Pause Young (Normal) (G1 Evacuation Pause) 775M->167M(1024M) 5.526ms
[2021-04-11T19:41:45.502-0700][gc,cpu        ] GC(97) User=0.04s Sys=0.00s Real=0.00s
[2021-04-11T19:42:01.434-0700][gc,start      ] GC(98) Pause Young (Normal) (G1 Evacuation Pause)
[2021-04-11T19:42:01.434-0700][gc,task       ] GC(98) Using 8 workers of 8 for evacuation
[2021-04-11T19:42:01.444-0700][gc,phases     ] GC(98)   Pre Evacuate Collection Set: 0.0ms
[2021-04-11T19:42:01.444-0700][gc,phases     ] GC(98)   Evacuate Collection Set: 8.3ms
[2021-04-11T19:42:01.444-0700][gc,phases     ] GC(98)   Post Evacuate Collection Set: 0.8ms
[2021-04-11T19:42:01.444-0700][gc,phases     ] GC(98)   Other: 0.3ms
[2021-04-11T19:42:01.444-0700][gc,heap       ] GC(98) Eden regions: 609->0(609)
[2021-04-11T19:42:01.444-0700][gc,heap       ] GC(98) Survivor regions: 5->5(77)
[2021-04-11T19:42:01.444-0700][gc,heap       ] GC(98) Old regions: 35->36
[2021-04-11T19:42:01.444-0700][gc,heap       ] GC(98) Humongous regions: 129->129
[2021-04-11T19:42:01.444-0700][gc,metaspace  ] GC(98) Metaspace: 40858K->40858K(1087488K)
[2021-04-11T19:42:01.444-0700][gc            ] GC(98) Pause Young (Normal) (G1 Evacuation Pause) 776M->167M(1024M) 9.494ms
[2021-04-11T19:42:01.444-0700][gc,cpu        ] GC(98) User=0.05s Sys=0.00s Real=0.01s
[2021-04-11T19:42:18.627-0700][gc,start      ] GC(99) Pause Young (Normal) (G1 Evacuation Pause)
[2021-04-11T19:42:18.627-0700][gc,task       ] GC(99) Using 8 workers of 8 for evacuation
[2021-04-11T19:42:18.635-0700][gc,phases     ] GC(99)   Pre Evacuate Collection Set: 0.0ms
[2021-04-11T19:42:18.635-0700][gc,phases     ] GC(99)   Evacuate Collection Set: 6.9ms
[2021-04-11T19:42:18.635-0700][gc,phases     ] GC(99)   Post Evacuate Collection Set: 0.6ms
[2021-04-11T19:42:18.635-0700][gc,phases     ] GC(99)   Other: 0.3ms
[2021-04-11T19:42:18.635-0700][gc,heap       ] GC(99) Eden regions: 609->0(608)
[2021-04-11T19:42:18.635-0700][gc,heap       ] GC(99) Survivor regions: 5->6(77)
[2021-04-11T19:42:18.635-0700][gc,heap       ] GC(99) Old regions: 36->36
[2021-04-11T19:42:18.635-0700][gc,heap       ] GC(99) Humongous regions: 129->129
[2021-04-11T19:42:18.635-0700][gc,metaspace  ] GC(99) Metaspace: 40859K->40859K(1087488K)
[2021-04-11T19:42:18.635-0700][gc            ] GC(99) Pause Young (Normal) (G1 Evacuation Pause) 776M->168M(1024M) 7.982ms
[2021-04-11T19:42:18.635-0700][gc,cpu        ] GC(99) User=0.04s Sys=0.01s Real=0.01s
[2021-04-11T19:42:33.696-0700][gc,start      ] GC(100) Pause Young (Normal) (G1 Evacuation Pause)
[2021-04-11T19:42:33.696-0700][gc,task       ] GC(100) Using 8 workers of 8 for evacuation
[2021-04-11T19:42:33.704-0700][gc,phases     ] GC(100)   Pre Evacuate Collection Set: 0.0ms
[2021-04-11T19:42:33.705-0700][gc,phases     ] GC(100)   Evacuate Collection Set: 7.4ms
[2021-04-11T19:42:33.705-0700][gc,phases     ] GC(100)   Post Evacuate Collection Set: 0.6ms
[2021-04-11T19:42:33.705-0700][gc,phases     ] GC(100)   Other: 0.2ms
[2021-04-11T19:42:33.705-0700][gc,heap       ] GC(100) Eden regions: 608->0(608)
[2021-04-11T19:42:33.705-0700][gc,heap       ] GC(100) Survivor regions: 6->6(77)
[2021-04-11T19:42:33.705-0700][gc,heap       ] GC(100) Old regions: 36->36
[2021-04-11T19:42:33.705-0700][gc,heap       ] GC(100) Humongous regions: 129->129
[2021-04-11T19:42:33.705-0700][gc,metaspace  ] GC(100) Metaspace: 40859K->40859K(1087488K)
[2021-04-11T19:42:33.705-0700][gc            ] GC(100) Pause Young (Normal) (G1 Evacuation Pause) 776M->168M(1024M) 8.340ms
[2021-04-11T19:42:33.705-0700][gc,cpu        ] GC(100) User=0.05s Sys=0.00s Real=0.01s
[2021-04-11T19:42:53.480-0700][gc,start      ] GC(101) Pause Young (Normal) (G1 Evacuation Pause)
[2021-04-11T19:42:53.480-0700][gc,task       ] GC(101) Using 8 workers of 8 for evacuation
[2021-04-11T19:42:53.485-0700][gc,phases     ] GC(101)   Pre Evacuate Collection Set: 0.0ms
[2021-04-11T19:42:53.485-0700][gc,phases     ] GC(101)   Evacuate Collection Set: 3.8ms
[2021-04-11T19:42:53.485-0700][gc,phases     ] GC(101)   Post Evacuate Collection Set: 0.5ms
[2021-04-11T19:42:53.485-0700][gc,phases     ] GC(101)   Other: 0.2ms
[2021-04-11T19:42:53.485-0700][gc,heap       ] GC(101) Eden regions: 608->0(609)
[2021-04-11T19:42:53.485-0700][gc,heap       ] GC(101) Survivor regions: 6->5(77)
[2021-04-11T19:42:53.485-0700][gc,heap       ] GC(101) Old regions: 36->36
[2021-04-11T19:42:53.485-0700][gc,heap       ] GC(101) Humongous regions: 129->129
[2021-04-11T19:42:53.485-0700][gc,metaspace  ] GC(101) Metaspace: 40861K->40861K(1087488K)
[2021-04-11T19:42:53.485-0700][gc            ] GC(101) Pause Young (Normal) (G1 Evacuation Pause) 776M->168M(1024M) 4.629ms
[2021-04-11T19:42:53.485-0700][gc,cpu        ] GC(101) User=0.03s Sys=0.00s Real=0.01s
[2021-04-11T19:43:07.710-0700][gc,start      ] GC(102) Pause Young (Normal) (G1 Evacuation Pause)
[2021-04-11T19:43:07.710-0700][gc,task       ] GC(102) Using 8 workers of 8 for evacuation
[2021-04-11T19:43:07.715-0700][gc,phases     ] GC(102)   Pre Evacuate Collection Set: 0.0ms
[2021-04-11T19:43:07.715-0700][gc,phases     ] GC(102)   Evacuate Collection Set: 5.0ms
[2021-04-11T19:43:07.715-0700][gc,phases     ] GC(102)   Post Evacuate Collection Set: 0.5ms
[2021-04-11T19:43:07.715-0700][gc,phases     ] GC(102)   Other: 0.2ms
[2021-04-11T19:43:07.715-0700][gc,heap       ] GC(102) Eden regions: 609->0(609)
[2021-04-11T19:43:07.715-0700][gc,heap       ] GC(102) Survivor regions: 5->5(77)
[2021-04-11T19:43:07.715-0700][gc,heap       ] GC(102) Old regions: 36->36
[2021-04-11T19:43:07.715-0700][gc,heap       ] GC(102) Humongous regions: 129->129
[2021-04-11T19:43:07.715-0700][gc,metaspace  ] GC(102) Metaspace: 40864K->40864K(1087488K)
[2021-04-11T19:43:07.715-0700][gc            ] GC(102) Pause Young (Normal) (G1 Evacuation Pause) 777M->168M(1024M) 5.841ms
[2021-04-11T19:43:07.715-0700][gc,cpu        ] GC(102) User=0.04s Sys=0.00s Real=0.01s
[2021-04-11T19:43:23.355-0700][gc,start      ] GC(103) Pause Young (Normal) (G1 Evacuation Pause)
[2021-04-11T19:43:23.355-0700][gc,task       ] GC(103) Using 8 workers of 8 for evacuation
[2021-04-11T19:43:23.361-0700][gc,phases     ] GC(103)   Pre Evacuate Collection Set: 0.0ms
[2021-04-11T19:43:23.361-0700][gc,phases     ] GC(103)   Evacuate Collection Set: 4.8ms
[2021-04-11T19:43:23.361-0700][gc,phases     ] GC(103)   Post Evacuate Collection Set: 0.6ms
[2021-04-11T19:43:23.361-0700][gc,phases     ] GC(103)   Other: 0.2ms
[2021-04-11T19:43:23.361-0700][gc,heap       ] GC(103) Eden regions: 609->0(609)
[2021-04-11T19:43:23.361-0700][gc,heap       ] GC(103) Survivor regions: 5->5(77)
[2021-04-11T19:43:23.361-0700][gc,heap       ] GC(103) Old regions: 36->36
[2021-04-11T19:43:23.361-0700][gc,heap       ] GC(103) Humongous regions: 129->129
[2021-04-11T19:43:23.361-0700][gc,metaspace  ] GC(103) Metaspace: 40865K->40865K(1087488K)
[2021-04-11T19:43:23.361-0700][gc            ] GC(103) Pause Young (Normal) (G1 Evacuation Pause) 777M->168M(1024M) 5.773ms
[2021-04-11T19:43:23.361-0700][gc,cpu        ] GC(103) User=0.03s Sys=0.00s Real=0.00s
[2021-04-11T19:43:45.485-0700][gc,start      ] GC(104) Pause Young (Normal) (G1 Evacuation Pause)
[2021-04-11T19:43:45.485-0700][gc,task       ] GC(104) Using 8 workers of 8 for evacuation
[2021-04-11T19:43:45.492-0700][gc,phases     ] GC(104)   Pre Evacuate Collection Set: 0.0ms
[2021-04-11T19:43:45.492-0700][gc,phases     ] GC(104)   Evacuate Collection Set: 6.6ms
[2021-04-11T19:43:45.492-0700][gc,phases     ] GC(104)   Post Evacuate Collection Set: 0.8ms
[2021-04-11T19:43:45.492-0700][gc,phases     ] GC(104)   Other: 0.3ms
[2021-04-11T19:43:45.492-0700][gc,heap       ] GC(104) Eden regions: 609->0(608)
[2021-04-11T19:43:45.492-0700][gc,heap       ] GC(104) Survivor regions: 5->6(77)
[2021-04-11T19:43:45.492-0700][gc,heap       ] GC(104) Old regions: 36->37
[2021-04-11T19:43:45.492-0700][gc,heap       ] GC(104) Humongous regions: 129->129
[2021-04-11T19:43:45.492-0700][gc,metaspace  ] GC(104) Metaspace: 40868K->40868K(1087488K)
[2021-04-11T19:43:45.492-0700][gc            ] GC(104) Pause Young (Normal) (G1 Evacuation Pause) 777M->169M(1024M) 7.893ms
[2021-04-11T19:43:45.492-0700][gc,cpu        ] GC(104) User=0.06s Sys=0.00s Real=0.00s
[2021-04-11T19:43:57.701-0700][gc,start      ] GC(105) Pause Young (Normal) (G1 Evacuation Pause)
[2021-04-11T19:43:57.701-0700][gc,task       ] GC(105) Using 8 workers of 8 for evacuation
[2021-04-11T19:43:57.706-0700][gc,phases     ] GC(105)   Pre Evacuate Collection Set: 0.0ms
[2021-04-11T19:43:57.706-0700][gc,phases     ] GC(105)   Evacuate Collection Set: 4.3ms
[2021-04-11T19:43:57.706-0700][gc,phases     ] GC(105)   Post Evacuate Collection Set: 0.5ms
[2021-04-11T19:43:57.706-0700][gc,phases     ] GC(105)   Other: 0.2ms
[2021-04-11T19:43:57.706-0700][gc,heap       ] GC(105) Eden regions: 608->0(607)
[2021-04-11T19:43:57.706-0700][gc,heap       ] GC(105) Survivor regions: 6->7(77)
[2021-04-11T19:43:57.706-0700][gc,heap       ] GC(105) Old regions: 37->37
[2021-04-11T19:43:57.706-0700][gc,heap       ] GC(105) Humongous regions: 129->129
[2021-04-11T19:43:57.706-0700][gc,metaspace  ] GC(105) Metaspace: 40869K->40869K(1087488K)
[2021-04-11T19:43:57.706-0700][gc            ] GC(105) Pause Young (Normal) (G1 Evacuation Pause) 777M->170M(1024M) 5.013ms
[2021-04-11T19:43:57.706-0700][gc,cpu        ] GC(105) User=0.03s Sys=0.00s Real=0.01s
[2021-04-11T19:44:05.664-0700][gc,start      ] GC(106) Pause Young (Normal) (G1 Evacuation Pause)
[2021-04-11T19:44:05.664-0700][gc,task       ] GC(106) Using 8 workers of 8 for evacuation
[2021-04-11T19:44:05.669-0700][gc,phases     ] GC(106)   Pre Evacuate Collection Set: 0.0ms
[2021-04-11T19:44:05.669-0700][gc,phases     ] GC(106)   Evacuate Collection Set: 4.3ms
[2021-04-11T19:44:05.669-0700][gc,phases     ] GC(106)   Post Evacuate Collection Set: 0.6ms
[2021-04-11T19:44:05.669-0700][gc,phases     ] GC(106)   Other: 0.2ms
[2021-04-11T19:44:05.669-0700][gc,heap       ] GC(106) Eden regions: 607->0(607)
[2021-04-11T19:44:05.669-0700][gc,heap       ] GC(106) Survivor regions: 7->7(77)
[2021-04-11T19:44:05.669-0700][gc,heap       ] GC(106) Old regions: 37->37
[2021-04-11T19:44:05.669-0700][gc,heap       ] GC(106) Humongous regions: 129->129
[2021-04-11T19:44:05.669-0700][gc,metaspace  ] GC(106) Metaspace: 40869K->40869K(1087488K)
[2021-04-11T19:44:05.669-0700][gc            ] GC(106) Pause Young (Normal) (G1 Evacuation Pause) 777M->170M(1024M) 5.165ms
[2021-04-11T19:44:05.669-0700][gc,cpu        ] GC(106) User=0.04s Sys=0.00s Real=0.00s
[2021-04-11T19:44:14.683-0700][gc,start      ] GC(107) Pause Young (Normal) (G1 Evacuation Pause)
[2021-04-11T19:44:14.683-0700][gc,task       ] GC(107) Using 8 workers of 8 for evacuation
[2021-04-11T19:44:14.691-0700][gc,phases     ] GC(107)   Pre Evacuate Collection Set: 0.0ms
[2021-04-11T19:44:14.691-0700][gc,phases     ] GC(107)   Evacuate Collection Set: 6.9ms
[2021-04-11T19:44:14.691-0700][gc,phases     ] GC(107)   Post Evacuate Collection Set: 0.6ms
[2021-04-11T19:44:14.691-0700][gc,phases     ] GC(107)   Other: 0.3ms
[2021-04-11T19:44:14.691-0700][gc,heap       ] GC(107) Eden regions: 607->0(607)
[2021-04-11T19:44:14.691-0700][gc,heap       ] GC(107) Survivor regions: 7->7(77)
[2021-04-11T19:44:14.691-0700][gc,heap       ] GC(107) Old regions: 37->37
[2021-04-11T19:44:14.691-0700][gc,heap       ] GC(107) Humongous regions: 129->129
[2021-04-11T19:44:14.691-0700][gc,metaspace  ] GC(107) Metaspace: 40869K->40869K(1087488K)
[2021-04-11T19:44:14.691-0700][gc            ] GC(107) Pause Young (Normal) (G1 Evacuation Pause) 777M->171M(1024M) 7.902ms
[2021-04-11T19:44:14.691-0700][gc,cpu        ] GC(107) User=0.04s Sys=0.00s Real=0.00s
[2021-04-11T19:44:28.046-0700][gc,start      ] GC(108) Pause Young (Normal) (G1 Evacuation Pause)
[2021-04-11T19:44:28.046-0700][gc,task       ] GC(108) Using 8 workers of 8 for evacuation
[2021-04-11T19:44:28.058-0700][gc,phases     ] GC(108)   Pre Evacuate Collection Set: 0.1ms
[2021-04-11T19:44:28.058-0700][gc,phases     ] GC(108)   Evacuate Collection Set: 9.4ms
[2021-04-11T19:44:28.058-0700][gc,phases     ] GC(108)   Post Evacuate Collection Set: 2.5ms
[2021-04-11T19:44:28.058-0700][gc,phases     ] GC(108)   Other: 0.7ms
[2021-04-11T19:44:28.058-0700][gc,heap       ] GC(108) Eden regions: 607->0(608)
[2021-04-11T19:44:28.058-0700][gc,heap       ] GC(108) Survivor regions: 7->6(77)
[2021-04-11T19:44:28.058-0700][gc,heap       ] GC(108) Old regions: 37->38
[2021-04-11T19:44:28.058-0700][gc,heap       ] GC(108) Humongous regions: 129->129
[2021-04-11T19:44:28.058-0700][gc,metaspace  ] GC(108) Metaspace: 40869K->40869K(1087488K)
[2021-04-11T19:44:28.059-0700][gc            ] GC(108) Pause Young (Normal) (G1 Evacuation Pause) 778M->170M(1024M) 12.982ms
[2021-04-11T19:44:28.059-0700][gc,cpu        ] GC(108) User=0.06s Sys=0.00s Real=0.01s
[2021-04-11T19:44:40.039-0700][gc,start      ] GC(109) Pause Young (Normal) (G1 Evacuation Pause)
[2021-04-11T19:44:40.039-0700][gc,task       ] GC(109) Using 8 workers of 8 for evacuation
[2021-04-11T19:44:40.043-0700][gc,phases     ] GC(109)   Pre Evacuate Collection Set: 0.0ms
[2021-04-11T19:44:40.043-0700][gc,phases     ] GC(109)   Evacuate Collection Set: 3.3ms
[2021-04-11T19:44:40.043-0700][gc,phases     ] GC(109)   Post Evacuate Collection Set: 0.5ms
[2021-04-11T19:44:40.043-0700][gc,phases     ] GC(109)   Other: 0.2ms
[2021-04-11T19:44:40.043-0700][gc,heap       ] GC(109) Eden regions: 608->0(608)
[2021-04-11T19:44:40.043-0700][gc,heap       ] GC(109) Survivor regions: 6->6(77)
[2021-04-11T19:44:40.043-0700][gc,heap       ] GC(109) Old regions: 38->38
[2021-04-11T19:44:40.043-0700][gc,heap       ] GC(109) Humongous regions: 129->129
[2021-04-11T19:44:40.043-0700][gc,metaspace  ] GC(109) Metaspace: 40869K->40869K(1087488K)
[2021-04-11T19:44:40.043-0700][gc            ] GC(109) Pause Young (Normal) (G1 Evacuation Pause) 778M->171M(1024M) 4.078ms
[2021-04-11T19:44:40.043-0700][gc,cpu        ] GC(109) User=0.03s Sys=0.00s Real=0.01s
[2021-04-11T19:44:47.913-0700][gc,start      ] GC(110) Pause Young (Normal) (G1 Evacuation Pause)
[2021-04-11T19:44:47.913-0700][gc,task       ] GC(110) Using 8 workers of 8 for evacuation
[2021-04-11T19:44:47.918-0700][gc,phases     ] GC(110)   Pre Evacuate Collection Set: 0.0ms
[2021-04-11T19:44:47.918-0700][gc,phases     ] GC(110)   Evacuate Collection Set: 4.1ms
[2021-04-11T19:44:47.918-0700][gc,phases     ] GC(110)   Post Evacuate Collection Set: 0.5ms
[2021-04-11T19:44:47.918-0700][gc,phases     ] GC(110)   Other: 0.2ms
[2021-04-11T19:44:47.918-0700][gc,heap       ] GC(110) Eden regions: 608->0(608)
[2021-04-11T19:44:47.918-0700][gc,heap       ] GC(110) Survivor regions: 6->6(77)
[2021-04-11T19:44:47.918-0700][gc,heap       ] GC(110) Old regions: 38->39
[2021-04-11T19:44:47.918-0700][gc,heap       ] GC(110) Humongous regions: 129->129
[2021-04-11T19:44:47.918-0700][gc,metaspace  ] GC(110) Metaspace: 40870K->40870K(1087488K)
[2021-04-11T19:44:47.918-0700][gc            ] GC(110) Pause Young (Normal) (G1 Evacuation Pause) 779M->171M(1024M) 4.882ms
[2021-04-11T19:44:47.918-0700][gc,cpu        ] GC(110) User=0.03s Sys=0.00s Real=0.01s
[2021-04-11T19:44:55.859-0700][gc,start      ] GC(111) Pause Young (Normal) (G1 Evacuation Pause)
[2021-04-11T19:44:55.859-0700][gc,task       ] GC(111) Using 8 workers of 8 for evacuation
[2021-04-11T19:44:55.863-0700][gc,phases     ] GC(111)   Pre Evacuate Collection Set: 0.0ms
[2021-04-11T19:44:55.863-0700][gc,phases     ] GC(111)   Evacuate Collection Set: 3.3ms
[2021-04-11T19:44:55.863-0700][gc,phases     ] GC(111)   Post Evacuate Collection Set: 0.5ms
[2021-04-11T19:44:55.863-0700][gc,phases     ] GC(111)   Other: 0.2ms
[2021-04-11T19:44:55.863-0700][gc,heap       ] GC(111) Eden regions: 608->0(608)
[2021-04-11T19:44:55.863-0700][gc,heap       ] GC(111) Survivor regions: 6->6(77)
[2021-04-11T19:44:55.863-0700][gc,heap       ] GC(111) Old regions: 39->39
[2021-04-11T19:44:55.863-0700][gc,heap       ] GC(111) Humongous regions: 129->129
[2021-04-11T19:44:55.863-0700][gc,metaspace  ] GC(111) Metaspace: 40870K->40870K(1087488K)
[2021-04-11T19:44:55.863-0700][gc            ] GC(111) Pause Young (Normal) (G1 Evacuation Pause) 779M->171M(1024M) 4.041ms
[2021-04-11T19:44:55.863-0700][gc,cpu        ] GC(111) User=0.02s Sys=0.00s Real=0.01s
[2021-04-11T19:45:04.345-0700][gc,start      ] GC(112) Pause Young (Normal) (G1 Evacuation Pause)
[2021-04-11T19:45:04.345-0700][gc,task       ] GC(112) Using 8 workers of 8 for evacuation
[2021-04-11T19:45:04.350-0700][gc,phases     ] GC(112)   Pre Evacuate Collection Set: 0.0ms
[2021-04-11T19:45:04.350-0700][gc,phases     ] GC(112)   Evacuate Collection Set: 4.0ms
[2021-04-11T19:45:04.350-0700][gc,phases     ] GC(112)   Post Evacuate Collection Set: 0.5ms
[2021-04-11T19:45:04.350-0700][gc,phases     ] GC(112)   Other: 0.2ms
[2021-04-11T19:45:04.350-0700][gc,heap       ] GC(112) Eden regions: 608->0(608)
[2021-04-11T19:45:04.350-0700][gc,heap       ] GC(112) Survivor regions: 6->6(77)
[2021-04-11T19:45:04.350-0700][gc,heap       ] GC(112) Old regions: 39->39
[2021-04-11T19:45:04.350-0700][gc,heap       ] GC(112) Humongous regions: 129->129
[2021-04-11T19:45:04.350-0700][gc,metaspace  ] GC(112) Metaspace: 40870K->40870K(1087488K)
[2021-04-11T19:45:04.350-0700][gc            ] GC(112) Pause Young (Normal) (G1 Evacuation Pause) 779M->172M(1024M) 4.822ms
[2021-04-11T19:45:04.350-0700][gc,cpu        ] GC(112) User=0.04s Sys=0.00s Real=0.00s
[2021-04-11T19:45:17.287-0700][gc,start      ] GC(113) Pause Young (Normal) (G1 Evacuation Pause)
[2021-04-11T19:45:17.287-0700][gc,task       ] GC(113) Using 8 workers of 8 for evacuation
[2021-04-11T19:45:17.298-0700][gc,phases     ] GC(113)   Pre Evacuate Collection Set: 0.0ms
[2021-04-11T19:45:17.298-0700][gc,phases     ] GC(113)   Evacuate Collection Set: 9.3ms
[2021-04-11T19:45:17.298-0700][gc,phases     ] GC(113)   Post Evacuate Collection Set: 1.5ms
[2021-04-11T19:45:17.298-0700][gc,phases     ] GC(113)   Other: 0.3ms
[2021-04-11T19:45:17.298-0700][gc,heap       ] GC(113) Eden regions: 608->0(608)
[2021-04-11T19:45:17.298-0700][gc,heap       ] GC(113) Survivor regions: 6->6(77)
[2021-04-11T19:45:17.298-0700][gc,heap       ] GC(113) Old regions: 39->40
[2021-04-11T19:45:17.298-0700][gc,heap       ] GC(113) Humongous regions: 129->129
[2021-04-11T19:45:17.298-0700][gc,metaspace  ] GC(113) Metaspace: 40870K->40870K(1087488K)
[2021-04-11T19:45:17.298-0700][gc            ] GC(113) Pause Young (Normal) (G1 Evacuation Pause) 780M->172M(1024M) 11.350ms
[2021-04-11T19:45:17.298-0700][gc,cpu        ] GC(113) User=0.07s Sys=0.00s Real=0.01s
[2021-04-11T19:45:28.679-0700][gc,start      ] GC(114) Pause Young (Normal) (G1 Evacuation Pause)
[2021-04-11T19:45:28.679-0700][gc,task       ] GC(114) Using 8 workers of 8 for evacuation
[2021-04-11T19:45:28.685-0700][gc,phases     ] GC(114)   Pre Evacuate Collection Set: 0.0ms
[2021-04-11T19:45:28.685-0700][gc,phases     ] GC(114)   Evacuate Collection Set: 5.1ms
[2021-04-11T19:45:28.685-0700][gc,phases     ] GC(114)   Post Evacuate Collection Set: 0.6ms
[2021-04-11T19:45:28.685-0700][gc,phases     ] GC(114)   Other: 0.2ms
[2021-04-11T19:45:28.685-0700][gc,heap       ] GC(114) Eden regions: 608->0(607)
[2021-04-11T19:45:28.685-0700][gc,heap       ] GC(114) Survivor regions: 6->7(77)
[2021-04-11T19:45:28.685-0700][gc,heap       ] GC(114) Old regions: 40->40
[2021-04-11T19:45:28.685-0700][gc,heap       ] GC(114) Humongous regions: 129->129
[2021-04-11T19:45:28.685-0700][gc,metaspace  ] GC(114) Metaspace: 40870K->40870K(1087488K)
[2021-04-11T19:45:28.685-0700][gc            ] GC(114) Pause Young (Normal) (G1 Evacuation Pause) 780M->173M(1024M) 5.957ms
[2021-04-11T19:45:28.685-0700][gc,cpu        ] GC(114) User=0.03s Sys=0.01s Real=0.01s
[2021-04-11T19:45:38.181-0700][gc,start      ] GC(115) Pause Young (Normal) (G1 Evacuation Pause)
[2021-04-11T19:45:38.181-0700][gc,task       ] GC(115) Using 8 workers of 8 for evacuation
[2021-04-11T19:45:38.186-0700][gc,phases     ] GC(115)   Pre Evacuate Collection Set: 0.0ms
[2021-04-11T19:45:38.186-0700][gc,phases     ] GC(115)   Evacuate Collection Set: 5.0ms
[2021-04-11T19:45:38.186-0700][gc,phases     ] GC(115)   Post Evacuate Collection Set: 0.5ms
[2021-04-11T19:45:38.186-0700][gc,phases     ] GC(115)   Other: 0.2ms
[2021-04-11T19:45:38.186-0700][gc,heap       ] GC(115) Eden regions: 607->0(607)
[2021-04-11T19:45:38.186-0700][gc,heap       ] GC(115) Survivor regions: 7->7(77)
[2021-04-11T19:45:38.186-0700][gc,heap       ] GC(115) Old regions: 40->40
[2021-04-11T19:45:38.186-0700][gc,heap       ] GC(115) Humongous regions: 129->129
[2021-04-11T19:45:38.186-0700][gc,metaspace  ] GC(115) Metaspace: 40870K->40870K(1087488K)
[2021-04-11T19:45:38.187-0700][gc            ] GC(115) Pause Young (Normal) (G1 Evacuation Pause) 780M->173M(1024M) 5.792ms
[2021-04-11T19:45:38.187-0700][gc,cpu        ] GC(115) User=0.04s Sys=0.00s Real=0.01s
[2021-04-11T19:45:48.770-0700][gc,start      ] GC(116) Pause Young (Normal) (G1 Evacuation Pause)
[2021-04-11T19:45:48.770-0700][gc,task       ] GC(116) Using 8 workers of 8 for evacuation
[2021-04-11T19:45:48.775-0700][gc,phases     ] GC(116)   Pre Evacuate Collection Set: 0.0ms
[2021-04-11T19:45:48.775-0700][gc,phases     ] GC(116)   Evacuate Collection Set: 4.4ms
[2021-04-11T19:45:48.775-0700][gc,phases     ] GC(116)   Post Evacuate Collection Set: 0.5ms
[2021-04-11T19:45:48.775-0700][gc,phases     ] GC(116)   Other: 0.2ms
[2021-04-11T19:45:48.775-0700][gc,heap       ] GC(116) Eden regions: 607->0(607)
[2021-04-11T19:45:48.775-0700][gc,heap       ] GC(116) Survivor regions: 7->7(77)
[2021-04-11T19:45:48.775-0700][gc,heap       ] GC(116) Old regions: 40->41
[2021-04-11T19:45:48.775-0700][gc,heap       ] GC(116) Humongous regions: 129->129
[2021-04-11T19:45:48.775-0700][gc,metaspace  ] GC(116) Metaspace: 40871K->40871K(1087488K)
[2021-04-11T19:45:48.775-0700][gc            ] GC(116) Pause Young (Normal) (G1 Evacuation Pause) 780M->174M(1024M) 5.215ms
[2021-04-11T19:45:48.775-0700][gc,cpu        ] GC(116) User=0.03s Sys=0.00s Real=0.01s
[2021-04-11T19:46:00.855-0700][gc,start      ] GC(117) Pause Young (Normal) (G1 Evacuation Pause)
[2021-04-11T19:46:00.855-0700][gc,task       ] GC(117) Using 8 workers of 8 for evacuation
[2021-04-11T19:46:00.860-0700][gc,phases     ] GC(117)   Pre Evacuate Collection Set: 0.0ms
[2021-04-11T19:46:00.860-0700][gc,phases     ] GC(117)   Evacuate Collection Set: 3.6ms
[2021-04-11T19:46:00.860-0700][gc,phases     ] GC(117)   Post Evacuate Collection Set: 0.6ms
[2021-04-11T19:46:00.860-0700][gc,phases     ] GC(117)   Other: 0.2ms
[2021-04-11T19:46:00.860-0700][gc,heap       ] GC(117) Eden regions: 607->0(609)
[2021-04-11T19:46:00.860-0700][gc,heap       ] GC(117) Survivor regions: 7->5(77)
[2021-04-11T19:46:00.860-0700][gc,heap       ] GC(117) Old regions: 41->41
[2021-04-11T19:46:00.860-0700][gc,heap       ] GC(117) Humongous regions: 129->129
[2021-04-11T19:46:00.860-0700][gc,metaspace  ] GC(117) Metaspace: 40872K->40872K(1087488K)
[2021-04-11T19:46:00.860-0700][gc            ] GC(117) Pause Young (Normal) (G1 Evacuation Pause) 781M->173M(1024M) 4.441ms
[2021-04-11T19:46:00.860-0700][gc,cpu        ] GC(117) User=0.02s Sys=0.00s Real=0.00s
[2021-04-11T19:46:11.507-0700][gc,start      ] GC(118) Pause Young (Normal) (G1 Evacuation Pause)
[2021-04-11T19:46:11.507-0700][gc,task       ] GC(118) Using 8 workers of 8 for evacuation
[2021-04-11T19:46:11.513-0700][gc,phases     ] GC(118)   Pre Evacuate Collection Set: 0.0ms
[2021-04-11T19:46:11.514-0700][gc,phases     ] GC(118)   Evacuate Collection Set: 5.6ms
[2021-04-11T19:46:11.514-0700][gc,phases     ] GC(118)   Post Evacuate Collection Set: 0.6ms
[2021-04-11T19:46:11.514-0700][gc,phases     ] GC(118)   Other: 0.2ms
[2021-04-11T19:46:11.514-0700][gc,heap       ] GC(118) Eden regions: 609->0(609)
[2021-04-11T19:46:11.514-0700][gc,heap       ] GC(118) Survivor regions: 5->5(77)
[2021-04-11T19:46:11.514-0700][gc,heap       ] GC(118) Old regions: 41->41
[2021-04-11T19:46:11.514-0700][gc,heap       ] GC(118) Humongous regions: 129->129
[2021-04-11T19:46:11.514-0700][gc,metaspace  ] GC(118) Metaspace: 40912K->40912K(1087488K)
[2021-04-11T19:46:11.514-0700][gc            ] GC(118) Pause Young (Normal) (G1 Evacuation Pause) 782M->173M(1024M) 6.469ms
[2021-04-11T19:46:11.514-0700][gc,cpu        ] GC(118) User=0.04s Sys=0.01s Real=0.00s
[2021-04-11T19:46:26.409-0700][gc,start      ] GC(119) Pause Young (Normal) (G1 Evacuation Pause)
[2021-04-11T19:46:26.409-0700][gc,task       ] GC(119) Using 8 workers of 8 for evacuation
[2021-04-11T19:46:26.417-0700][gc,phases     ] GC(119)   Pre Evacuate Collection Set: 0.0ms
[2021-04-11T19:46:26.417-0700][gc,phases     ] GC(119)   Evacuate Collection Set: 7.5ms
[2021-04-11T19:46:26.417-0700][gc,phases     ] GC(119)   Post Evacuate Collection Set: 0.7ms
[2021-04-11T19:46:26.417-0700][gc,phases     ] GC(119)   Other: 0.3ms
[2021-04-11T19:46:26.417-0700][gc,heap       ] GC(119) Eden regions: 609->0(609)
[2021-04-11T19:46:26.417-0700][gc,heap       ] GC(119) Survivor regions: 5->5(77)
[2021-04-11T19:46:26.417-0700][gc,heap       ] GC(119) Old regions: 41->42
[2021-04-11T19:46:26.417-0700][gc,heap       ] GC(119) Humongous regions: 129->129
[2021-04-11T19:46:26.417-0700][gc,metaspace  ] GC(119) Metaspace: 40912K->40912K(1087488K)
[2021-04-11T19:46:26.418-0700][gc            ] GC(119) Pause Young (Normal) (G1 Evacuation Pause) 782M->173M(1024M) 8.793ms
[2021-04-11T19:46:26.418-0700][gc,cpu        ] GC(119) User=0.05s Sys=0.00s Real=0.01s
[2021-04-11T19:47:20.076-0700][gc,start      ] GC(120) Pause Young (Normal) (G1 Evacuation Pause)
[2021-04-11T19:47:20.076-0700][gc,task       ] GC(120) Using 8 workers of 8 for evacuation
[2021-04-11T19:47:20.082-0700][gc,phases     ] GC(120)   Pre Evacuate Collection Set: 0.0ms
[2021-04-11T19:47:20.082-0700][gc,phases     ] GC(120)   Evacuate Collection Set: 4.8ms
[2021-04-11T19:47:20.082-0700][gc,phases     ] GC(120)   Post Evacuate Collection Set: 0.5ms
[2021-04-11T19:47:20.082-0700][gc,phases     ] GC(120)   Other: 0.2ms
[2021-04-11T19:47:20.082-0700][gc,heap       ] GC(120) Eden regions: 609->0(608)
[2021-04-11T19:47:20.082-0700][gc,heap       ] GC(120) Survivor regions: 5->6(77)
[2021-04-11T19:47:20.082-0700][gc,heap       ] GC(120) Old regions: 42->42
[2021-04-11T19:47:20.082-0700][gc,heap       ] GC(120) Humongous regions: 129->129
[2021-04-11T19:47:20.082-0700][gc,metaspace  ] GC(120) Metaspace: 40922K->40922K(1087488K)
[2021-04-11T19:47:20.082-0700][gc            ] GC(120) Pause Young (Normal) (G1 Evacuation Pause) 782M->175M(1024M) 5.476ms
[2021-04-11T19:47:20.082-0700][gc,cpu        ] GC(120) User=0.03s Sys=0.00s Real=0.00s
[2021-04-11T19:47:36.965-0700][gc,start      ] GC(121) Pause Young (Normal) (G1 Evacuation Pause)
[2021-04-11T19:47:36.965-0700][gc,task       ] GC(121) Using 8 workers of 8 for evacuation
[2021-04-11T19:47:36.970-0700][gc,phases     ] GC(121)   Pre Evacuate Collection Set: 0.0ms
[2021-04-11T19:47:36.970-0700][gc,phases     ] GC(121)   Evacuate Collection Set: 4.0ms
[2021-04-11T19:47:36.970-0700][gc,phases     ] GC(121)   Post Evacuate Collection Set: 0.5ms
[2021-04-11T19:47:36.970-0700][gc,phases     ] GC(121)   Other: 0.2ms
[2021-04-11T19:47:36.970-0700][gc,heap       ] GC(121) Eden regions: 608->0(607)
[2021-04-11T19:47:36.970-0700][gc,heap       ] GC(121) Survivor regions: 6->7(77)
[2021-04-11T19:47:36.970-0700][gc,heap       ] GC(121) Old regions: 42->42
[2021-04-11T19:47:36.970-0700][gc,heap       ] GC(121) Humongous regions: 129->129
[2021-04-11T19:47:36.970-0700][gc,metaspace  ] GC(121) Metaspace: 40922K->40922K(1087488K)
[2021-04-11T19:47:36.970-0700][gc            ] GC(121) Pause Young (Normal) (G1 Evacuation Pause) 783M->175M(1024M) 4.750ms
[2021-04-11T19:47:36.970-0700][gc,cpu        ] GC(121) User=0.03s Sys=0.00s Real=0.00s
[2021-04-11T19:47:44.415-0700][gc,start      ] GC(122) Pause Young (Normal) (G1 Evacuation Pause)
[2021-04-11T19:47:44.415-0700][gc,task       ] GC(122) Using 8 workers of 8 for evacuation
[2021-04-11T19:47:44.419-0700][gc,phases     ] GC(122)   Pre Evacuate Collection Set: 0.0ms
[2021-04-11T19:47:44.419-0700][gc,phases     ] GC(122)   Evacuate Collection Set: 3.0ms
[2021-04-11T19:47:44.419-0700][gc,phases     ] GC(122)   Post Evacuate Collection Set: 0.4ms
[2021-04-11T19:47:44.419-0700][gc,phases     ] GC(122)   Other: 0.2ms
[2021-04-11T19:47:44.419-0700][gc,heap       ] GC(122) Eden regions: 607->0(609)
[2021-04-11T19:47:44.419-0700][gc,heap       ] GC(122) Survivor regions: 7->5(77)
[2021-04-11T19:47:44.419-0700][gc,heap       ] GC(122) Old regions: 42->43
[2021-04-11T19:47:44.419-0700][gc,heap       ] GC(122) Humongous regions: 129->129
[2021-04-11T19:47:44.419-0700][gc,metaspace  ] GC(122) Metaspace: 40922K->40922K(1087488K)
[2021-04-11T19:47:44.419-0700][gc            ] GC(122) Pause Young (Normal) (G1 Evacuation Pause) 782M->175M(1024M) 3.678ms
[2021-04-11T19:47:44.419-0700][gc,cpu        ] GC(122) User=0.02s Sys=0.00s Real=0.00s
[2021-04-11T19:48:03.011-0700][gc,start      ] GC(123) Pause Young (Normal) (G1 Evacuation Pause)
[2021-04-11T19:48:03.011-0700][gc,task       ] GC(123) Using 8 workers of 8 for evacuation
[2021-04-11T19:48:03.017-0700][gc,phases     ] GC(123)   Pre Evacuate Collection Set: 0.0ms
[2021-04-11T19:48:03.017-0700][gc,phases     ] GC(123)   Evacuate Collection Set: 4.5ms
[2021-04-11T19:48:03.017-0700][gc,phases     ] GC(123)   Post Evacuate Collection Set: 0.6ms
[2021-04-11T19:48:03.017-0700][gc,phases     ] GC(123)   Other: 0.2ms
[2021-04-11T19:48:03.017-0700][gc,heap       ] GC(123) Eden regions: 609->0(608)
[2021-04-11T19:48:03.017-0700][gc,heap       ] GC(123) Survivor regions: 5->6(77)
[2021-04-11T19:48:03.017-0700][gc,heap       ] GC(123) Old regions: 43->43
[2021-04-11T19:48:03.017-0700][gc,heap       ] GC(123) Humongous regions: 129->129
[2021-04-11T19:48:03.017-0700][gc,metaspace  ] GC(123) Metaspace: 40922K->40922K(1087488K)
[2021-04-11T19:48:03.017-0700][gc            ] GC(123) Pause Young (Normal) (G1 Evacuation Pause) 784M->175M(1024M) 5.362ms
[2021-04-11T19:48:03.017-0700][gc,cpu        ] GC(123) User=0.03s Sys=0.00s Real=0.01s
[2021-04-11T19:48:13.435-0700][gc,start      ] GC(124) Pause Young (Normal) (G1 Evacuation Pause)
[2021-04-11T19:48:13.435-0700][gc,task       ] GC(124) Using 8 workers of 8 for evacuation
[2021-04-11T19:48:13.441-0700][gc,phases     ] GC(124)   Pre Evacuate Collection Set: 0.0ms
[2021-04-11T19:48:13.441-0700][gc,phases     ] GC(124)   Evacuate Collection Set: 5.1ms
[2021-04-11T19:48:13.441-0700][gc,phases     ] GC(124)   Post Evacuate Collection Set: 0.7ms
[2021-04-11T19:48:13.441-0700][gc,phases     ] GC(124)   Other: 0.2ms
[2021-04-11T19:48:13.441-0700][gc,heap       ] GC(124) Eden regions: 608->0(608)
[2021-04-11T19:48:13.441-0700][gc,heap       ] GC(124) Survivor regions: 6->6(77)
[2021-04-11T19:48:13.441-0700][gc,heap       ] GC(124) Old regions: 43->43
[2021-04-11T19:48:13.441-0700][gc,heap       ] GC(124) Humongous regions: 129->129
[2021-04-11T19:48:13.441-0700][gc,metaspace  ] GC(124) Metaspace: 40922K->40922K(1087488K)
[2021-04-11T19:48:13.441-0700][gc            ] GC(124) Pause Young (Normal) (G1 Evacuation Pause) 783M->176M(1024M) 6.201ms
[2021-04-11T19:48:13.441-0700][gc,cpu        ] GC(124) User=0.04s Sys=0.00s Real=0.00s
[2021-04-11T19:48:22.143-0700][gc,start      ] GC(125) Pause Young (Normal) (G1 Evacuation Pause)
[2021-04-11T19:48:22.143-0700][gc,task       ] GC(125) Using 8 workers of 8 for evacuation
[2021-04-11T19:48:22.147-0700][gc,phases     ] GC(125)   Pre Evacuate Collection Set: 0.0ms
[2021-04-11T19:48:22.147-0700][gc,phases     ] GC(125)   Evacuate Collection Set: 3.2ms
[2021-04-11T19:48:22.147-0700][gc,phases     ] GC(125)   Post Evacuate Collection Set: 0.5ms
[2021-04-11T19:48:22.147-0700][gc,phases     ] GC(125)   Other: 0.2ms
[2021-04-11T19:48:22.147-0700][gc,heap       ] GC(125) Eden regions: 608->0(608)
[2021-04-11T19:48:22.147-0700][gc,heap       ] GC(125) Survivor regions: 6->6(77)
[2021-04-11T19:48:22.147-0700][gc,heap       ] GC(125) Old regions: 43->44
[2021-04-11T19:48:22.147-0700][gc,heap       ] GC(125) Humongous regions: 129->129
[2021-04-11T19:48:22.147-0700][gc,metaspace  ] GC(125) Metaspace: 40924K->40924K(1087488K)
[2021-04-11T19:48:22.147-0700][gc            ] GC(125) Pause Young (Normal) (G1 Evacuation Pause) 784M->176M(1024M) 4.003ms
[2021-04-11T19:48:22.147-0700][gc,cpu        ] GC(125) User=0.02s Sys=0.00s Real=0.00s
[2021-04-11T19:48:33.241-0700][gc,start      ] GC(126) Pause Young (Normal) (G1 Evacuation Pause)
[2021-04-11T19:48:33.241-0700][gc,task       ] GC(126) Using 8 workers of 8 for evacuation
[2021-04-11T19:48:33.247-0700][gc,phases     ] GC(126)   Pre Evacuate Collection Set: 0.0ms
[2021-04-11T19:48:33.247-0700][gc,phases     ] GC(126)   Evacuate Collection Set: 5.1ms
[2021-04-11T19:48:33.247-0700][gc,phases     ] GC(126)   Post Evacuate Collection Set: 0.6ms
[2021-04-11T19:48:33.247-0700][gc,phases     ] GC(126)   Other: 0.2ms
[2021-04-11T19:48:33.247-0700][gc,heap       ] GC(126) Eden regions: 608->0(608)
[2021-04-11T19:48:33.247-0700][gc,heap       ] GC(126) Survivor regions: 6->6(77)
[2021-04-11T19:48:33.247-0700][gc,heap       ] GC(126) Old regions: 44->44
[2021-04-11T19:48:33.247-0700][gc,heap       ] GC(126) Humongous regions: 129->129
[2021-04-11T19:48:33.247-0700][gc,metaspace  ] GC(126) Metaspace: 40924K->40924K(1087488K)
[2021-04-11T19:48:33.247-0700][gc            ] GC(126) Pause Young (Normal) (G1 Evacuation Pause) 784M->177M(1024M) 5.961ms
[2021-04-11T19:48:33.247-0700][gc,cpu        ] GC(126) User=0.04s Sys=0.00s Real=0.01s
[2021-04-11T19:49:29.874-0700][gc,heap,exit  ] Heap
[2021-04-11T19:49:29.874-0700][gc,heap,exit  ]  garbage-first heap   total 1048576K, used 464056K [0x00000000c0000000, 0x0000000100000000)
[2021-04-11T19:49:29.874-0700][gc,heap,exit  ]   region size 1024K, 283 young (289792K), 6 survivors (6144K)
[2021-04-11T19:49:29.874-0700][gc,heap,exit  ]  Metaspace       used 42031K, capacity 44224K, committed 44416K, reserved 1087488K
[2021-04-11T19:49:29.874-0700][gc,heap,exit  ]   class space    used 5190K, capacity 6229K, committed 6272K, reserved 1048576K
