[2021-04-11T19:53:01.023-0700][gc,heap] Heap region size: 1M
[2021-04-11T19:53:01.032-0700][gc     ] Using G1
[2021-04-11T19:53:01.032-0700][gc,heap,coops] Heap address: 0x00000000c0000000, size: 1024 MB, Compressed Oops mode: 32-bit
[2021-04-11T19:53:01.033-0700][gc,cds       ] Mark closed archive regions in map: [0x00000000fff00000, 0x00000000fff6aff8]
[2021-04-11T19:53:01.033-0700][gc,cds       ] Mark open archive regions in map: [0x00000000ffe00000, 0x00000000ffe46ff8]
[2021-04-11T19:53:01.686-0700][gc,start     ] GC(0) Pause Young (Normal) (G1 Evacuation Pause)
[2021-04-11T19:53:01.686-0700][gc,task      ] GC(0) Using 8 workers of 8 for evacuation
[2021-04-11T19:53:01.694-0700][gc,phases    ] GC(0)   Pre Evacuate Collection Set: 0.0ms
[2021-04-11T19:53:01.695-0700][gc,phases    ] GC(0)   Evacuate Collection Set: 7.9ms
[2021-04-11T19:53:01.695-0700][gc,phases    ] GC(0)   Post Evacuate Collection Set: 0.4ms
[2021-04-11T19:53:01.695-0700][gc,phases    ] GC(0)   Other: 0.5ms
[2021-04-11T19:53:01.695-0700][gc,heap      ] GC(0) Eden regions: 51->0(44)
[2021-04-11T19:53:01.695-0700][gc,heap      ] GC(0) Survivor regions: 0->7(7)
[2021-04-11T19:53:01.695-0700][gc,heap      ] GC(0) Old regions: 2->2
[2021-04-11T19:53:01.695-0700][gc,heap      ] GC(0) Humongous regions: 0->0
[2021-04-11T19:53:01.695-0700][gc,metaspace ] GC(0) Metaspace: 15372K->15372K(1062912K)
[2021-04-11T19:53:01.695-0700][gc           ] GC(0) Pause Young (Normal) (G1 Evacuation Pause) 51M->7M(1024M) 8.934ms
[2021-04-11T19:53:01.695-0700][gc,cpu       ] GC(0) User=0.06s Sys=0.00s Real=0.01s
[2021-04-11T19:53:01.911-0700][gc,start     ] GC(1) Pause Young (Concurrent Start) (Metadata GC Threshold)
[2021-04-11T19:53:01.911-0700][gc,task      ] GC(1) Using 8 workers of 8 for evacuation
[2021-04-11T19:53:01.919-0700][gc,phases    ] GC(1)   Pre Evacuate Collection Set: 0.1ms
[2021-04-11T19:53:01.919-0700][gc,phases    ] GC(1)   Evacuate Collection Set: 7.5ms
[2021-04-11T19:53:01.919-0700][gc,phases    ] GC(1)   Post Evacuate Collection Set: 0.5ms
[2021-04-11T19:53:01.919-0700][gc,phases    ] GC(1)   Other: 0.4ms
[2021-04-11T19:53:01.919-0700][gc,heap      ] GC(1) Eden regions: 23->0(49)
[2021-04-11T19:53:01.919-0700][gc,heap      ] GC(1) Survivor regions: 7->2(7)
[2021-04-11T19:53:01.919-0700][gc,heap      ] GC(1) Old regions: 2->9
[2021-04-11T19:53:01.919-0700][gc,heap      ] GC(1) Humongous regions: 0->0
[2021-04-11T19:53:01.919-0700][gc,metaspace ] GC(1) Metaspace: 20649K->20649K(1067008K)
[2021-04-11T19:53:01.919-0700][gc           ] GC(1) Pause Young (Concurrent Start) (Metadata GC Threshold) 29M->8M(1024M) 8.494ms
[2021-04-11T19:53:01.919-0700][gc,cpu       ] GC(1) User=0.05s Sys=0.00s Real=0.01s
[2021-04-11T19:53:01.919-0700][gc           ] GC(2) Concurrent Cycle
[2021-04-11T19:53:01.919-0700][gc,marking   ] GC(2) Concurrent Clear Claimed Marks
[2021-04-11T19:53:01.919-0700][gc,marking   ] GC(2) Concurrent Clear Claimed Marks 0.035ms
[2021-04-11T19:53:01.919-0700][gc,marking   ] GC(2) Concurrent Scan Root Regions
[2021-04-11T19:53:01.920-0700][gc,marking   ] GC(2) Concurrent Scan Root Regions 0.937ms
[2021-04-11T19:53:01.920-0700][gc,marking   ] GC(2) Concurrent Mark (0.900s)
[2021-04-11T19:53:01.920-0700][gc,marking   ] GC(2) Concurrent Mark From Roots
[2021-04-11T19:53:01.920-0700][gc,task      ] GC(2) Using 2 workers of 2 for marking
[2021-04-11T19:53:01.925-0700][gc,marking   ] GC(2) Concurrent Mark From Roots 4.999ms
[2021-04-11T19:53:01.925-0700][gc,marking   ] GC(2) Concurrent Preclean
[2021-04-11T19:53:01.925-0700][gc,marking   ] GC(2) Concurrent Preclean 0.077ms
[2021-04-11T19:53:01.925-0700][gc,marking   ] GC(2) Concurrent Mark (0.900s, 0.905s) 5.116ms
[2021-04-11T19:53:01.925-0700][gc,start     ] GC(2) Pause Remark
[2021-04-11T19:53:01.929-0700][gc,stringtable] GC(2) Cleaned string and symbol table, strings: 5056 processed, 0 removed, symbols: 49801 processed, 42 removed
[2021-04-11T19:53:01.929-0700][gc            ] GC(2) Pause Remark 9M->9M(1024M) 3.696ms
[2021-04-11T19:53:01.929-0700][gc,cpu        ] GC(2) User=0.02s Sys=0.00s Real=0.00s
[2021-04-11T19:53:01.929-0700][gc,marking    ] GC(2) Concurrent Rebuild Remembered Sets
[2021-04-11T19:53:01.932-0700][gc,marking    ] GC(2) Concurrent Rebuild Remembered Sets 2.428ms
[2021-04-11T19:53:01.932-0700][gc,start      ] GC(2) Pause Cleanup
[2021-04-11T19:53:01.932-0700][gc            ] GC(2) Pause Cleanup 9M->9M(1024M) 0.136ms
[2021-04-11T19:53:01.932-0700][gc,cpu        ] GC(2) User=0.00s Sys=0.00s Real=0.00s
[2021-04-11T19:53:01.932-0700][gc,marking    ] GC(2) Concurrent Cleanup for Next Mark
[2021-04-11T19:53:01.935-0700][gc,marking    ] GC(2) Concurrent Cleanup for Next Mark 2.930ms
[2021-04-11T19:53:01.935-0700][gc            ] GC(2) Concurrent Cycle 15.719ms
[2021-04-11T19:53:02.564-0700][gc,start      ] GC(3) Pause Young (Normal) (G1 Evacuation Pause)
[2021-04-11T19:53:02.564-0700][gc,task       ] GC(3) Using 8 workers of 8 for evacuation
[2021-04-11T19:53:02.567-0700][gc,phases     ] GC(3)   Pre Evacuate Collection Set: 0.0ms
[2021-04-11T19:53:02.567-0700][gc,phases     ] GC(3)   Evacuate Collection Set: 3.0ms
[2021-04-11T19:53:02.567-0700][gc,phases     ] GC(3)   Post Evacuate Collection Set: 0.4ms
[2021-04-11T19:53:02.567-0700][gc,phases     ] GC(3)   Other: 0.1ms
[2021-04-11T19:53:02.567-0700][gc,heap       ] GC(3) Eden regions: 49->0(46)
[2021-04-11T19:53:02.567-0700][gc,heap       ] GC(3) Survivor regions: 2->5(7)
[2021-04-11T19:53:02.567-0700][gc,heap       ] GC(3) Old regions: 9->9
[2021-04-11T19:53:02.567-0700][gc,heap       ] GC(3) Humongous regions: 129->129
[2021-04-11T19:53:02.567-0700][gc,metaspace  ] GC(3) Metaspace: 28971K->28971K(1075200K)
[2021-04-11T19:53:02.567-0700][gc            ] GC(3) Pause Young (Normal) (G1 Evacuation Pause) 186M->140M(1024M) 3.607ms
[2021-04-11T19:53:02.567-0700][gc,cpu        ] GC(3) User=0.03s Sys=0.00s Real=0.00s
[2021-04-11T19:53:02.951-0700][gc,start      ] GC(4) Pause Young (Concurrent Start) (Metadata GC Threshold)
[2021-04-11T19:53:02.951-0700][gc,task       ] GC(4) Using 8 workers of 8 for evacuation
[2021-04-11T19:53:02.957-0700][gc,phases     ] GC(4)   Pre Evacuate Collection Set: 0.1ms
[2021-04-11T19:53:02.957-0700][gc,phases     ] GC(4)   Evacuate Collection Set: 5.6ms
[2021-04-11T19:53:02.957-0700][gc,phases     ] GC(4)   Post Evacuate Collection Set: 0.4ms
[2021-04-11T19:53:02.957-0700][gc,phases     ] GC(4)   Other: 0.2ms
[2021-04-11T19:53:02.957-0700][gc,heap       ] GC(4) Eden regions: 28->0(45)
[2021-04-11T19:53:02.957-0700][gc,heap       ] GC(4) Survivor regions: 5->6(7)
[2021-04-11T19:53:02.957-0700][gc,heap       ] GC(4) Old regions: 9->10
[2021-04-11T19:53:02.957-0700][gc,heap       ] GC(4) Humongous regions: 129->129
[2021-04-11T19:53:02.957-0700][gc,metaspace  ] GC(4) Metaspace: 34520K->34520K(1081344K)
[2021-04-11T19:53:02.957-0700][gc            ] GC(4) Pause Young (Concurrent Start) (Metadata GC Threshold) 167M->142M(1024M) 6.457ms
[2021-04-11T19:53:02.957-0700][gc,cpu        ] GC(4) User=0.03s Sys=0.00s Real=0.01s
[2021-04-11T19:53:02.957-0700][gc            ] GC(5) Concurrent Cycle
[2021-04-11T19:53:02.957-0700][gc,marking    ] GC(5) Concurrent Clear Claimed Marks
[2021-04-11T19:53:02.957-0700][gc,marking    ] GC(5) Concurrent Clear Claimed Marks 0.064ms
[2021-04-11T19:53:02.957-0700][gc,marking    ] GC(5) Concurrent Scan Root Regions
[2021-04-11T19:53:02.960-0700][gc,marking    ] GC(5) Concurrent Scan Root Regions 2.462ms
[2021-04-11T19:53:02.960-0700][gc,marking    ] GC(5) Concurrent Mark (1.940s)
[2021-04-11T19:53:02.960-0700][gc,marking    ] GC(5) Concurrent Mark From Roots
[2021-04-11T19:53:02.960-0700][gc,task       ] GC(5) Using 2 workers of 2 for marking
[2021-04-11T19:53:02.968-0700][gc,marking    ] GC(5) Concurrent Mark From Roots 7.881ms
[2021-04-11T19:53:02.968-0700][gc,marking    ] GC(5) Concurrent Preclean
[2021-04-11T19:53:02.968-0700][gc,marking    ] GC(5) Concurrent Preclean 0.418ms
[2021-04-11T19:53:02.968-0700][gc,marking    ] GC(5) Concurrent Mark (1.940s, 1.948s) 8.378ms
[2021-04-11T19:53:02.971-0700][gc,start      ] GC(5) Pause Remark
[2021-04-11T19:53:02.974-0700][gc,stringtable] GC(5) Cleaned string and symbol table, strings: 9713 processed, 10 removed, symbols: 81103 processed, 10 removed
[2021-04-11T19:53:02.975-0700][gc            ] GC(5) Pause Remark 143M->143M(1024M) 3.607ms
[2021-04-11T19:53:02.975-0700][gc,cpu        ] GC(5) User=0.02s Sys=0.00s Real=0.01s
[2021-04-11T19:53:02.975-0700][gc,marking    ] GC(5) Concurrent Rebuild Remembered Sets
[2021-04-11T19:53:02.983-0700][gc,marking    ] GC(5) Concurrent Rebuild Remembered Sets 7.839ms
[2021-04-11T19:53:02.983-0700][gc,start      ] GC(5) Pause Cleanup
[2021-04-11T19:53:02.983-0700][gc            ] GC(5) Pause Cleanup 144M->144M(1024M) 0.201ms
[2021-04-11T19:53:02.983-0700][gc,cpu        ] GC(5) User=0.00s Sys=0.00s Real=0.00s
[2021-04-11T19:53:02.984-0700][gc,marking    ] GC(5) Concurrent Cleanup for Next Mark
[2021-04-11T19:53:02.995-0700][gc,marking    ] GC(5) Concurrent Cleanup for Next Mark 11.668ms
[2021-04-11T19:53:02.995-0700][gc            ] GC(5) Concurrent Cycle 37.897ms
[2021-04-11T19:54:26.494-0700][gc,start      ] GC(6) Pause Young (Normal) (G1 Evacuation Pause)
[2021-04-11T19:54:26.494-0700][gc,task       ] GC(6) Using 8 workers of 8 for evacuation
[2021-04-11T19:54:26.507-0700][gc,phases     ] GC(6)   Pre Evacuate Collection Set: 0.0ms
[2021-04-11T19:54:26.507-0700][gc,phases     ] GC(6)   Evacuate Collection Set: 12.2ms
[2021-04-11T19:54:26.507-0700][gc,phases     ] GC(6)   Post Evacuate Collection Set: 1.1ms
[2021-04-11T19:54:26.507-0700][gc,phases     ] GC(6)   Other: 0.2ms
[2021-04-11T19:54:26.507-0700][gc,heap       ] GC(6) Eden regions: 45->0(46)
[2021-04-11T19:54:26.507-0700][gc,heap       ] GC(6) Survivor regions: 6->5(7)
[2021-04-11T19:54:26.507-0700][gc,heap       ] GC(6) Old regions: 10->13
[2021-04-11T19:54:26.507-0700][gc,heap       ] GC(6) Humongous regions: 141->129
[2021-04-11T19:54:26.507-0700][gc,metaspace  ] GC(6) Metaspace: 40119K->40119K(1085440K)
[2021-04-11T19:54:26.507-0700][gc            ] GC(6) Pause Young (Normal) (G1 Evacuation Pause) 199M->144M(1024M) 13.595ms
[2021-04-11T19:54:26.507-0700][gc,cpu        ] GC(6) User=0.07s Sys=0.01s Real=0.02s
[2021-04-11T19:56:41.039-0700][gc,start      ] GC(7) Pause Young (Normal) (G1 Evacuation Pause)
[2021-04-11T19:56:41.039-0700][gc,task       ] GC(7) Using 8 workers of 8 for evacuation
[2021-04-11T19:56:41.056-0700][gc,phases     ] GC(7)   Pre Evacuate Collection Set: 0.1ms
[2021-04-11T19:56:41.056-0700][gc,phases     ] GC(7)   Evacuate Collection Set: 14.3ms
[2021-04-11T19:56:41.056-0700][gc,phases     ] GC(7)   Post Evacuate Collection Set: 1.8ms
[2021-04-11T19:56:41.056-0700][gc,phases     ] GC(7)   Other: 0.8ms
[2021-04-11T19:56:41.056-0700][gc,heap       ] GC(7) Eden regions: 46->0(47)
[2021-04-11T19:56:41.056-0700][gc,heap       ] GC(7) Survivor regions: 5->4(7)
[2021-04-11T19:56:41.056-0700][gc,heap       ] GC(7) Old regions: 13->15
[2021-04-11T19:56:41.056-0700][gc,heap       ] GC(7) Humongous regions: 129->129
[2021-04-11T19:56:41.056-0700][gc,metaspace  ] GC(7) Metaspace: 40255K->40255K(1085440K)
[2021-04-11T19:56:41.056-0700][gc            ] GC(7) Pause Young (Normal) (G1 Evacuation Pause) 190M->145M(1024M) 17.265ms
[2021-04-11T19:56:41.056-0700][gc,cpu        ] GC(7) User=0.11s Sys=0.01s Real=0.02s
[2021-04-11T19:59:31.002-0700][gc,heap,exit  ] Heap
[2021-04-11T19:59:31.002-0700][gc,heap,exit  ]  garbage-first heap   total 1048576K, used 195120K [0x00000000c0000000, 0x0000000100000000)
[2021-04-11T19:59:31.002-0700][gc,heap,exit  ]   region size 1024K, 50 young (51200K), 4 survivors (4096K)
[2021-04-11T19:59:31.002-0700][gc,heap,exit  ]  Metaspace       used 41033K, capacity 43047K, committed 43392K, reserved 1087488K
[2021-04-11T19:59:31.002-0700][gc,heap,exit  ]   class space    used 4985K, capacity 5925K, committed 6016K, reserved 1048576K
